66.249.64.2 - - [11/Jan/2014:02:51:45 -0500] "GET /index.php?option=com_content&view=article&id=62&Itemid=60 HTTP/1.1" 200 11041 "-" "Mozilla/5.0 (compatible; Googlebot/2.1; +http://www.google.com/bot.html)"
182.118.20.171 - - [11/Jan/2014:03:17:15 -0500] "GET /robots.txt HTTP/1.1" 200 304 "http://cardriverdata.com/robots.txt" "Mozilla/5.0 (Windows; U; Windows NT 5.1; zh-CN; )  Firefox/1.5.0.11; 360Spider"
180.76.5.151 - - [11/Jan/2014:03:30:14 -0500] "GET / HTTP/1.1" 200 10682 "-" "Mozilla/5.0 (compatible; Baiduspider/2.0; +http://www.baidu.com/search/spider.html)"
199.58.86.211 - - [11/Jan/2014:03:30:17 -0500] "GET /robots.txt HTTP/1.0" 200 304 "-" "Mozilla/5.0 (compatible; MJ12bot/v1.4.4; http://www.majestic12.co.uk/bot.php?+)"
199.58.86.211 - - [11/Jan/2014:03:30:19 -0500] "GET / HTTP/1.0" 200 10682 "-" "Mozilla/5.0 (compatible; MJ12bot/v1.4.4; http://www.majestic12.co.uk/bot.php?+)"
208.115.113.91 - - [11/Jan/2014:03:49:25 -0500] "GET /index.php?option=com_content&view=article&catid=36%3ACarChip&id=50%3AWelcome+to+CarChip+Wireless+Solution&Itemid=1 HTTP/1.1" 200 18999 "-" "Mozilla/5.0 (compatible; Ezooms/1.0; help@moz.com)"
208.115.113.91 - - [11/Jan/2014:03:49:28 -0500] "GET /index.php?option=com_mailto&tmpl=component&link=aHR0cDovL2NhcmRyaXZlcmRhdGEuY29tLy9pbmRleC5waHA/dmlldz1hcnRpY2xlJmlkPTE5JTNBY2FyY2hpcC1wcm8tc2VyaWVzJm9wdGlvbj1jb21fY29udGVudCZJdGVtaWQ9NTQ= HTTP/1.1" 200 3856 "-" "Mozilla/5.0 (compatible; Ezooms/1.0; help@moz.com)"
208.115.113.91 - - [11/Jan/2014:03:49:30 -0500] "GET /index.php?option=com_mailto&tmpl=component&link=aHR0cDovL2NhcmRyaXZlcmRhdGEuY29tLy9pbmRleC5waHA/dmlldz1hcnRpY2xlJmlkPTQ4JTNBQ2FyQ2hpcCtGbGVldCtQcm8rVmVoaWNsZStNb25pdG9yaW5nK1N5dGVtJm9wdGlvbj1jb21fY29udGVudCZJdGVtaWQ9NTU= HTTP/1.1" 200 3888 "-" "Mozilla/5.0 (compatible; Ezooms/1.0; help@moz.com)"
208.115.113.91 - - [11/Jan/2014:03:49:32 -0500] "GET /index.php?view=article&catid=41%3AGPS&id=71%3AFm2200&tmpl=component&print=1&page=&option=com_content&Itemid=80 HTTP/1.1" 200 2252 "-" "Mozilla/5.0 (compatible; Ezooms/1.0; help@moz.com)"
146.0.73.155 - - [11/Jan/2014:04:08:53 -0500] "GET /administrator/index.php?option=com_login HTTP/1.1" 200 5401 "-" "Mozilla/4.0"
146.0.73.155 - - [11/Jan/2014:04:08:53 -0500] "POST /administrator/index.php HTTP/1.1" 200 5441 "http://cardriverdata.com/administrator/index.php?option=com_login" "Mozilla/4.0"
208.115.111.75 - - [11/Jan/2014:04:18:42 -0500] "GET /robots.txt HTTP/1.1" 200 304 "-" "Mozilla/5.0 (compatible; Ezooms/1.0; help@moz.com)"
213.238.175.28 - - [11/Jan/2014:04:49:27 -0500] "GET /administrator/index.php?option=com_login HTTP/1.1" 200 5401 "-" "Mozilla/4.0"
213.238.175.28 - - [11/Jan/2014:04:49:27 -0500] "POST /administrator/index.php HTTP/1.1" 200 5441 "http://cardriverdata.com/administrator/index.php?option=com_login" "Mozilla/4.0"
213.238.175.40 - - [11/Jan/2014:05:30:16 -0500] "GET /administrator/index.php?option=com_login HTTP/1.1" 200 5401 "-" "Mozilla/4.0"
213.238.175.40 - - [11/Jan/2014:05:30:16 -0500] "POST /administrator/index.php HTTP/1.1" 200 5441 "http://cardriverdata.com/administrator/index.php?option=com_login" "Mozilla/4.0"
180.76.6.213 - - [11/Jan/2014:05:34:02 -0500] "GET /index.php?option=com_content&view=article&catid=36%3ACarChip&id=46%3ACarChip+Pro+-+08226&Itemid=54 HTTP/1.1" 200 11169 "-" "Mozilla/5.0 (compatible; Baiduspider/2.0; +http://www.baidu.com/search/spider.html)"
180.76.5.154 - - [11/Jan/2014:05:49:02 -0500] "GET /PDFS/drive_Catalogs_%20Brochures_DriveRight_Catalog.pdf HTTP/1.1" 200 3687262 "-" "Mozilla/5.0 (compatible; Baiduspider/2.0; +http://www.baidu.com/search/spider.html)"
208.115.111.75 - - [11/Jan/2014:05:51:19 -0500] "GET /index.php?option=com_content&view=article&catid=36%3ACarChip&id=66%3Adpr&Itemid=54 HTTP/1.1" 200 10350 "-" "Mozilla/5.0 (compatible; Ezooms/1.0; help@moz.com)"
206.253.226.23 - - [11/Jan/2014:05:58:24 -0500] "GET / HTTP/1.1" 200 10682 "-" "Mozilla/5.0 (compatible; oBot/2.3.1; +http://filterdb.iss.net/crawler/)"
206.253.226.23 - - [11/Jan/2014:05:58:25 -0500] "GET / HTTP/1.1" 200 10686 "-" "Mozilla/5.0 (compatible; oBot/2.3.1; +http://filterdb.iss.net/crawler/)"
208.115.113.91 - - [11/Jan/2014:06:21:42 -0500] "GET /robots.txt HTTP/1.1" 200 304 "-" "Mozilla/5.0 (compatible; Ezooms/1.0; help@moz.com)"
213.238.175.56 - - [11/Jan/2014:06:47:04 -0500] "GET /administrator/index.php?option=com_login HTTP/1.1" 200 5401 "-" "Mozilla/4.0"
213.238.175.56 - - [11/Jan/2014:06:47:04 -0500] "POST /administrator/index.php HTTP/1.1" 200 5441 "http://cardriverdata.com/administrator/index.php?option=com_login" "Mozilla/4.0"
157.56.92.141 - - [11/Jan/2014:07:11:10 -0500] "GET /robots.txt HTTP/1.1" 200 304 "-" "Mozilla/5.0 (compatible; bingbot/2.0; +http://www.bing.com/bingbot.htm)"
213.238.175.37 - - [11/Jan/2014:07:27:32 -0500] "GET /administrator/index.php?option=com_login HTTP/1.1" 200 5401 "-" "Mozilla/4.0"
213.238.175.37 - - [11/Jan/2014:07:27:32 -0500] "POST /administrator/index.php HTTP/1.1" 200 5441 "http://cardriverdata.com/administrator/index.php?option=com_login" "Mozilla/4.0"
157.56.92.141 - - [11/Jan/2014:07:38:46 -0500] "GET / HTTP/1.1" 200 10682 "-" "Mozilla/5.0 (compatible; bingbot/2.0; +http://www.bing.com/bingbot.htm)"
157.56.92.141 - - [11/Jan/2014:07:38:46 -0500] "GET / HTTP/1.1" 200 10682 "-" "Mozilla/5.0 (compatible; bingbot/2.0; +http://www.bing.com/bingbot.htm)"
218.30.103.61 - - [11/Jan/2014:07:50:50 -0500] "GET /robots.txt HTTP/1.1" 200 304 "-" "Sogou web spider/4.0(+http://www.sogou.com/docs/help/webmasters.htm#07)"
218.30.103.61 - - [11/Jan/2014:07:50:52 -0500] "GET / HTTP/1.1" 200 10682 "-" "Sogou web spider/4.0(+http://www.sogou.com/docs/help/webmasters.htm#07)"
66.249.64.33 - - [11/Jan/2014:07:56:58 -0500] "GET /index.php?option=com_content&view=article&id=62&Itemid=60 HTTP/1.1" 200 11049 "-" "Mozilla/5.0 (compatible; Googlebot/2.1; +http://www.google.com/bot.html)"
208.115.113.91 - - [11/Jan/2014:08:01:30 -0500] "GET /index.php?option=com_mailto&tmpl=component&link=aHR0cDovL2NhcmRyaXZlcmRhdGEuY29tLy9pbmRleC5waHA/dmlldz1hcnRpY2xlJmlkPTU0JTNBV2VsY29tZSt0bytEcml2ZVJpZ2h0KzYwMGUrSEQrUGFnZSZvcHRpb249Y29tX2NvbnRlbnQmSXRlbWlkPTE= HTTP/1.1" 200 3876 "-" "Mozilla/5.0 (compatible; Ezooms/1.0; help@moz.com)"
208.115.113.91 - - [11/Jan/2014:08:01:36 -0500] "GET /index.php?option=com_mailto&tmpl=component&link=aHR0cDovL2NhcmRyaXZlcmRhdGEuY29tLy9pbmRleC5waHA/dmlldz1hcnRpY2xlJmlkPTY3JTNBZWxlY3Ryb3NpbSZvcHRpb249Y29tX2NvbnRlbnQmSXRlbWlkPTE= HTTP/1.1" 200 3844 "-" "Mozilla/5.0 (compatible; Ezooms/1.0; help@moz.com)"
208.115.113.91 - - [11/Jan/2014:08:01:38 -0500] "GET /index.php?view=article&catid=36%3ACarChip&id=6%3Acarchip-pro&tmpl=component&print=1&page=&option=com_content&Itemid=1 HTTP/1.1" 200 2559 "-" "Mozilla/5.0 (compatible; Ezooms/1.0; help@moz.com)"
146.0.74.208 - - [11/Jan/2014:08:08:15 -0500] "GET /administrator/index.php?option=com_login HTTP/1.1" 200 5401 "-" "Mozilla/4.0"
146.0.74.208 - - [11/Jan/2014:08:08:17 -0500] "POST /administrator/index.php HTTP/1.1" 200 5441 "http://cardriverdata.com/administrator/index.php?option=com_login" "Mozilla/4.0"
31.3.233.120 - - [11/Jan/2014:08:16:09 -0500] "GET / HTTP/1.1" 200 10686 "-" "-"
208.115.111.75 - - [11/Jan/2014:08:21:20 -0500] "GET /robots.txt HTTP/1.1" 200 304 "-" "Mozilla/5.0 (compatible; Ezooms/1.0; help@moz.com)"
213.238.175.53 - - [11/Jan/2014:08:46:11 -0500] "GET /administrator/index.php?option=com_login HTTP/1.1" 200 5401 "-" "Mozilla/4.0"
213.238.175.53 - - [11/Jan/2014:08:46:11 -0500] "POST /administrator/index.php HTTP/1.1" 200 5441 "http://cardriverdata.com/administrator/index.php?option=com_login" "Mozilla/4.0"
199.21.99.68 - - [11/Jan/2014:08:54:56 -0500] "GET /robots.txt HTTP/1.1" 200 304 "-" "Mozilla/5.0 (compatible; YandexBot/3.0; +http://yandex.com/bots)"
199.21.99.68 - - [11/Jan/2014:08:54:58 -0500] "GET / HTTP/1.1" 200 10686 "-" "Mozilla/5.0 (compatible; YandexBot/3.0; +http://yandex.com/bots)"
199.21.99.68 - - [11/Jan/2014:08:54:59 -0500] "GET / HTTP/1.1" 200 10682 "-" "Mozilla/5.0 (compatible; YandexBot/3.0; +http://yandex.com/bots)"
199.21.99.68 - - [11/Jan/2014:08:55:02 -0500] "GET / HTTP/1.1" 200 10686 "-" "Mozilla/5.0 (compatible; YandexBot/3.0; +http://yandex.com/bots)"
199.21.99.68 - - [11/Jan/2014:08:55:03 -0500] "GET / HTTP/1.1" 200 10682 "-" "Mozilla/5.0 (compatible; YandexBot/3.0; +http://yandex.com/bots)"
157.56.92.141 - - [11/Jan/2014:09:14:27 -0500] "GET /robots.txt HTTP/1.1" 200 304 "-" "Mozilla/5.0 (compatible; bingbot/2.0; +http://www.bing.com/bingbot.htm)"
213.238.175.34 - - [11/Jan/2014:09:26:18 -0500] "GET /administrator/index.php?option=com_login HTTP/1.1" 200 5401 "-" "Mozilla/4.0"
213.238.175.34 - - [11/Jan/2014:09:26:18 -0500] "POST /administrator/index.php HTTP/1.1" 200 5441 "http://cardriverdata.com/administrator/index.php?option=com_login" "Mozilla/4.0"
157.56.92.141 - - [11/Jan/2014:09:29:09 -0500] "GET / HTTP/1.1" 200 10686 "-" "Mozilla/5.0 (compatible; bingbot/2.0; +http://www.bing.com/bingbot.htm)"
208.115.111.75 - - [11/Jan/2014:09:40:15 -0500] "GET /index.php?view=article&catid=36%3ACarChip&id=46%3ACarChip+Pro+-+08226&tmpl=component&print=1&page=&option=com_content&Itemid=1 HTTP/1.1" 200 6075 "-" "Mozilla/5.0 (compatible; Ezooms/1.0; help@moz.com)"
139.139.19.68 - - [11/Jan/2014:09:51:49 -0500] "GET /newCardriverdatahome/images/carchip08211.jpg HTTP/1.1" 404 242 "http://volvospeed.com/vs_forum/topic/116627-1994-850-has-obd2-port-and-the-two-boxes-under-the-hood/" "Mozilla/4.0 (compatible; MSIE 8.0; Windows NT 6.0; Trident/4.0; SLCC1; .NET CLR 2.0.50727; .NET CLR 3.0.30729; MS-RTC LM 8; InfoPath.2; .NET CLR 3.0.04506; .NET CLR 3.5.30729)"
213.238.175.42 - - [11/Jan/2014:10:06:07 -0500] "GET /administrator/index.php?option=com_login HTTP/1.1" 200 5401 "-" "Mozilla/4.0"
213.238.175.42 - - [11/Jan/2014:10:06:07 -0500] "POST /administrator/index.php HTTP/1.1" 200 5441 "http://cardriverdata.com/administrator/index.php?option=com_login" "Mozilla/4.0"
91.207.117.214 - - [11/Jan/2014:10:10:30 -0500] "GET / HTTP/1.0" 200 10682 "http://cardriverdata.com" "Mozilla/5.0 (Windows NT 6.2; WOW64) AppleWebKit/537.36 (KHTML, like Gecko) Chrome/28.0.1500.71 Safari/537.36"
91.207.117.214 - - [11/Jan/2014:10:10:30 -0500] "GET /index.php?option=com_content&view=article&id=68&Itemid=86 HTTP/1.0" 200 9748 "http://cardriverdata.com/" "Mozilla/5.0 (Windows NT 6.2; WOW64) AppleWebKit/537.36 (KHTML, like Gecko) Chrome/28.0.1500.71 Safari/537.36"
208.115.113.91 - - [11/Jan/2014:10:20:55 -0500] "GET /robots.txt HTTP/1.1" 200 304 "-" "Mozilla/5.0 (compatible; Ezooms/1.0; help@moz.com)"
91.239.15.173 - - [11/Jan/2014:10:21:29 -0500] "GET /modules/mod_joomla_wso/mod_joomla_wso.php HTTP/1.1" 404 239 "-" "Mozilla/5.0 (Windows NT 6.1; rv:10.0.1) Gecko/20100101 Firefox/10.0.1"
146.0.74.170 - - [11/Jan/2014:10:46:42 -0500] "GET /administrator/index.php?option=com_login HTTP/1.1" 200 5401 "-" "Mozilla/4.0"
146.0.74.170 - - [11/Jan/2014:10:46:42 -0500] "POST /administrator/index.php HTTP/1.1" 200 5441 "http://cardriverdata.com/administrator/index.php?option=com_login" "Mozilla/4.0"
199.21.99.68 - - [11/Jan/2014:11:21:57 -0500] "GET /index.php/images/product_images/gps-module2.png HTTP/1.1" 200 10686 "-" "Mozilla/5.0 (compatible; YandexImages/3.0; +http://yandex.com/bots)"
213.238.175.50 - - [11/Jan/2014:11:24:07 -0500] "GET /administrator/index.php?option=com_login HTTP/1.1" 200 5401 "-" "Mozilla/4.0"
213.238.175.50 - - [11/Jan/2014:11:24:07 -0500] "POST /administrator/index.php HTTP/1.1" 200 5441 "http://cardriverdata.com/administrator/index.php?option=com_login" "Mozilla/4.0"
66.249.64.33 - - [11/Jan/2014:12:01:29 -0500] "GET / HTTP/1.1" 200 10686 "-" "Mozilla/5.0 (iPhone; CPU iPhone OS 6_0 like Mac OS X) AppleWebKit/536.26 (KHTML, like Gecko) Version/6.0 Mobile/10A5376e Safari/8536.25 (compatible; Googlebot-Mobile/2.1; +http://www.google.com/bot.html)"
208.115.113.91 - - [11/Jan/2014:12:02:15 -0500] "GET /index.php?option=com_content&view=article&id=58&Itemid=79 HTTP/1.1" 200 10761 "-" "Mozilla/5.0 (compatible; Ezooms/1.0; help@moz.com)"
208.115.113.91 - - [11/Jan/2014:12:02:18 -0500] "GET /index.php?option=com_mailto&tmpl=component&link=aHR0cDovL2NhcmRyaXZlcmRhdGEuY29tLy9pbmRleC5waHA/dmlldz1hcnRpY2xlJmlkPTU1JTNBV2VsY29tZSt0bytEcml2ZVJpZ2h0KzYwMEUrU21hcnRDYXJkK1N5c3RlbSZvcHRpb249Y29tX2NvbnRlbnQmSXRlbWlkPTE= HTTP/1.1" 200 3888 "-" "Mozilla/5.0 (compatible; Ezooms/1.0; help@moz.com)"
213.238.175.40 - - [11/Jan/2014:12:04:58 -0500] "GET /administrator/index.php?option=com_login HTTP/1.1" 200 5401 "-" "Mozilla/4.0"
213.238.175.40 - - [11/Jan/2014:12:04:58 -0500] "POST /administrator/index.php HTTP/1.1" 200 5441 "http://cardriverdata.com/administrator/index.php?option=com_login" "Mozilla/4.0"
208.115.111.75 - - [11/Jan/2014:12:17:23 -0500] "GET /robots.txt HTTP/1.1" 200 304 "-" "Mozilla/5.0 (compatible; Ezooms/1.0; help@moz.com)"
199.7.156.148 - - [11/Jan/2014:12:32:56 -0500] "GET /newCardriverdatahome/images/carchip08211.jpg HTTP/1.1" 404 242 "http://volvospeed.com/vs_forum/topic/116627-1994-850-has-obd2-port-and-the-two-boxes-under-the-hood/" "Mozilla/5.0 (Linux; U; Android 4.1.2; en-ca; SonyLT30a Build/9.1.A.0.489) AppleWebKit/534.30 (KHTML, like Gecko) Version/4.0 Mobile Safari/534.30"
213.238.175.51 - - [11/Jan/2014:12:44:39 -0500] "GET /administrator/index.php?option=com_login HTTP/1.1" 200 5401 "-" "Mozilla/4.0"
213.238.175.51 - - [11/Jan/2014:12:44:40 -0500] "POST /administrator/index.php HTTP/1.1" 200 5441 "http://cardriverdata.com/administrator/index.php?option=com_login" "Mozilla/4.0"
146.0.74.204 - - [11/Jan/2014:13:22:18 -0500] "GET /administrator/index.php?option=com_login HTTP/1.1" 200 5401 "-" "Mozilla/4.0"
146.0.74.204 - - [11/Jan/2014:13:22:18 -0500] "POST /administrator/index.php HTTP/1.1" 200 5441 "http://cardriverdata.com/administrator/index.php?option=com_login" "Mozilla/4.0"
199.21.99.68 - - [11/Jan/2014:13:34:47 -0500] "GET /index.php/images/product_images/carchip-gps-wireless.png HTTP/1.1" 200 10686 "-" "Mozilla/5.0 (compatible; YandexImages/3.0; +http://yandex.com/bots)"
208.115.111.75 - - [11/Jan/2014:13:45:49 -0500] "GET /index.php?option=com_content&view=article&id=70&Itemid=62 HTTP/1.1" 200 10066 "-" "Mozilla/5.0 (compatible; Ezooms/1.0; help@moz.com)"
217.69.133.219 - - [11/Jan/2014:13:51:35 -0500] "GET /robots.txt HTTP/1.1" 200 304 "-" "Mozilla/5.0 (compatible; Linux x86_64; Mail.RU_Bot/2.0; +http://go.mail.ru/help/robots)"
217.69.133.218 - - [11/Jan/2014:13:51:37 -0500] "GET /index.php?Itemid=54&catid=36%3ACarChip&id=66%3Adpr&option=com_content&view=article HTTP/1.1" 200 10350 "-" "Mozilla/5.0 (compatible; Linux x86_64; Mail.RU_Bot/2.0; +http://go.mail.ru/help/robots)"
66.249.76.139 - - [11/Jan/2014:13:52:50 -0500] "GET / HTTP/1.1" 200 10686 "-" "Mozilla/5.0 (compatible; Googlebot/2.1; +http://www.google.com/bot.html)"
146.0.79.23 - - [11/Jan/2014:14:03:50 -0500] "GET /administrator/index.php?option=com_login HTTP/1.1" 200 5401 "-" "Mozilla/4.0"
146.0.79.23 - - [11/Jan/2014:14:03:51 -0500] "POST /administrator/index.php HTTP/1.1" 200 5441 "http://cardriverdata.com/administrator/index.php?option=com_login" "Mozilla/4.0"
208.115.113.91 - - [11/Jan/2014:14:19:41 -0500] "GET /robots.txt HTTP/1.1" 200 304 "-" "Mozilla/5.0 (compatible; Ezooms/1.0; help@moz.com)"
109.200.159.118 - - [11/Jan/2014:14:21:13 -0500] "GET / HTTP/1.0" 200 10682 "http://eurofiles.in/" "Mozilla/4.0 (compatible; MSIE 6.0; Windows NT 5.1; SV1; FunWebProducts; MRA 4.6 (build 01425); .NET CLR 1.1.4322; .NET CLR 2.0.50727)"
109.200.159.118 - - [11/Jan/2014:14:21:13 -0500] "GET / HTTP/1.0" 200 10682 "http://eurofiles.in/" "Opera/7.11 (Windows NT 5.1; U) [en]"
109.200.159.118 - - [11/Jan/2014:14:21:14 -0500] "GET / HTTP/1.0" 200 10682 "http://eurofiles.in/" "Mozilla/4.0 (compatible; MSIE 6.0; Windows NT 5.2; Win64; AMD64)"
109.200.159.118 - - [11/Jan/2014:14:21:14 -0500] "GET / HTTP/1.0" 200 10682 "http://eurofiles.in/" "Mozilla/4.0 (compatible; MSIE 5.5; Windows 98)"
213.238.175.40 - - [11/Jan/2014:14:43:37 -0500] "GET /administrator/index.php?option=com_login HTTP/1.1" 200 5401 "-" "Mozilla/4.0"
213.238.175.40 - - [11/Jan/2014:14:43:37 -0500] "POST /administrator/index.php HTTP/1.1" 200 5441 "http://cardriverdata.com/administrator/index.php?option=com_login" "Mozilla/4.0"
199.21.99.68 - - [11/Jan/2014:14:48:29 -0500] "GET /robots.txt HTTP/1.1" 200 304 "-" "Mozilla/5.0 (compatible; YandexBot/3.0; +http://yandex.com/bots)"
199.21.99.68 - - [11/Jan/2014:15:19:22 -0500] "GET /index.php?option=com_content&view=article&id=52&Itemid=56 HTTP/1.1" 200 12425 "-" "Mozilla/5.0 (compatible; YandexBot/3.0; +http://yandex.com/bots)"
199.21.99.68 - - [11/Jan/2014:15:19:24 -0500] "GET /index.php/images/product_images/tocart.png HTTP/1.1" 200 10686 "-" "Mozilla/5.0 (compatible; YandexImages/3.0; +http://yandex.com/bots)"
213.238.175.41 - - [11/Jan/2014:15:24:12 -0500] "GET /administrator/index.php?option=com_login HTTP/1.1" 200 5401 "-" "Mozilla/4.0"
213.238.175.41 - - [11/Jan/2014:15:24:13 -0500] "POST /administrator/index.php HTTP/1.1" 200 5441 "http://cardriverdata.com/administrator/index.php?option=com_login" "Mozilla/4.0"
208.115.113.91 - - [11/Jan/2014:15:59:33 -0500] "GET /index.php?view=article&catid=35%3ADriveRight&id=47%3Adriveright-600e-series&tmpl=component&print=1&page=&option=com_content&Itemid=74 HTTP/1.1" 200 6877 "-" "Mozilla/5.0 (compatible; Ezooms/1.0; help@moz.com)"
199.21.99.68 - - [11/Jan/2014:16:04:44 -0500] "GET /index.php/templates/rhuk_milkyway/images/paypal_verified.jpg HTTP/1.1" 200 10686 "-" "Mozilla/5.0 (compatible; YandexImages/3.0; +http://yandex.com/bots)"
199.21.99.68 - - [11/Jan/2014:16:24:44 -0500] "GET /index.php/images/product_images/fms.png HTTP/1.1" 200 10686 "-" "Mozilla/5.0 (compatible; YandexImages/3.0; +http://yandex.com/bots)"
103.31.200.249 - - [11/Jan/2014:16:35:11 -0500] "GET /robots.txt HTTP/1.0" 200 304 "http://cardriverdata.com/robots.txt" "Mozilla/4.0 (compatible; MSIE 8.0; Windows NT 5.1; Trident/4.0; .NET CLR 2.0.50727; .NET CLR 3.0.4506.2152; .NET CLR 3.5.30729)"
103.31.200.249 - - [11/Jan/2014:16:35:12 -0500] "GET / HTTP/1.0" 200 10682 "http://cardriverdata.com/" "Mozilla/4.0 (compatible; MSIE 8.0; Windows NT 5.1; Trident/4.0; .NET CLR 2.0.50727; .NET CLR 3.0.4506.2152; .NET CLR 3.5.30729)"
213.238.175.28 - - [11/Jan/2014:16:41:50 -0500] "GET /administrator/index.php?option=com_login HTTP/1.1" 200 5401 "-" "Mozilla/4.0"
213.238.175.28 - - [11/Jan/2014:16:41:50 -0500] "POST /administrator/index.php HTTP/1.1" 200 5441 "http://cardriverdata.com/administrator/index.php?option=com_login" "Mozilla/4.0"
208.115.111.75 - - [11/Jan/2014:17:03:59 -0500] "GET /robots.txt HTTP/1.1" 200 304 "-" "Mozilla/5.0 (compatible; Ezooms/1.0; help@moz.com)"
213.238.175.55 - - [11/Jan/2014:17:22:05 -0500] "GET /administrator/index.php?option=com_login HTTP/1.1" 200 5401 "-" "Mozilla/4.0"
213.238.175.55 - - [11/Jan/2014:17:22:06 -0500] "POST /administrator/index.php HTTP/1.1" 200 5441 "http://cardriverdata.com/administrator/index.php?option=com_login" "Mozilla/4.0"
66.249.64.32 - - [11/Jan/2014:17:38:31 -0500] "GET / HTTP/1.1" 200 10686 "-" "SAMSUNG-SGH-E250/1.0 Profile/MIDP-2.0 Configuration/CLDC-1.1 UP.Browser/6.2.3.3.c.1.101 (GUI) MMP/2.0 (compatible; Googlebot-Mobile/2.1; +http://www.google.com/bot.html)"
182.118.20.162 - - [11/Jan/2014:17:48:07 -0500] "GET /robots.txt HTTP/1.1" 200 304 "http://www.cardriverdata.com/robots.txt" "Mozilla/5.0 (Windows; U; Windows NT 5.1; zh-CN; )  Firefox/1.5.0.11; 360Spider"
103.31.200.249 - - [11/Jan/2014:18:09:51 -0500] "GET /robots.txt HTTP/1.0" 200 304 "http://www.cardriverdata.com/robots.txt" "Mozilla/4.0 (compatible; MSIE 8.0; Windows NT 5.1; Trident/4.0; .NET CLR 2.0.50727; .NET CLR 3.0.4506.2152; .NET CLR 3.5.30729)"
103.31.200.249 - - [11/Jan/2014:18:09:51 -0500] "GET / HTTP/1.0" 200 10686 "http://www.cardriverdata.com/" "Mozilla/4.0 (compatible; MSIE 8.0; Windows NT 5.1; Trident/4.0; .NET CLR 2.0.50727; .NET CLR 3.0.4506.2152; .NET CLR 3.5.30729)"
208.115.113.91 - - [11/Jan/2014:18:21:16 -0500] "GET /robots.txt HTTP/1.1" 200 304 "-" "Mozilla/5.0 (compatible; Ezooms/1.0; help@moz.com)"
208.115.111.75 - - [11/Jan/2014:18:37:48 -0500] "GET /index.php?view=article&catid=39%3ATimed-Engine+Shut+Off&id=16%3Ateso&tmpl=component&print=1&page=&option=com_content&Itemid=1 HTTP/1.1" 200 2789 "-" "Mozilla/5.0 (compatible; Ezooms/1.0; help@moz.com)"
157.55.35.99 - - [11/Jan/2014:18:56:59 -0500] "GET /robots.txt HTTP/1.1" 200 304 "-" "Mozilla/5.0 (compatible; bingbot/2.0; +http://www.bing.com/bingbot.htm)"
157.55.35.99 - - [11/Jan/2014:19:01:57 -0500] "GET / HTTP/1.1" 200 10682 "-" "Mozilla/5.0 (compatible; bingbot/2.0; +http://www.bing.com/bingbot.htm)"
91.237.52.119 - - [11/Jan/2014:19:47:56 -0500] "GET /admin.php HTTP/1.0" 404 207 "-" "Opera/9.80 (Windows NT 6.1; U; ru) Presto/2.8.131 Version/11.10"
91.237.52.119 - - [11/Jan/2014:19:47:58 -0500] "GET /administrator/index.php HTTP/1.0" 200 5401 "-" "Opera/9.80 (Windows NT 6.1; U; ru) Presto/2.8.131 Version/11.10"
37.57.231.111 - - [11/Jan/2014:19:52:53 -0500] "GET / HTTP/1.0" 200 10682 "http://electricscootershq.org/razor-e100-electric-scooter.html" "Opera/9.80 (Windows NT 6.1; Edition Yx) Presto/2.12.388 Version/12.10"
37.57.231.111 - - [11/Jan/2014:19:52:54 -0500] "GET / HTTP/1.0" 200 10682 "http://electricscootershq.org/razor-e100-electric-scooter.html" "Mozilla/5.0 (Windows NT 6.2; WOW64; rv:17.0) Gecko/17.0 Firefox/17.0"
37.57.231.111 - - [11/Jan/2014:19:52:54 -0500] "GET / HTTP/1.0" 200 10682 "http://electricscootershq.org/razor-e100-electric-scooter.html" "Mozilla/5.0 (Windows NT 6.1) AppleWebKit/535.1 (KHTML, like Gecko) Chrome/14.0.835.163 Safari/535.1"
37.57.231.111 - - [11/Jan/2014:19:52:55 -0500] "GET / HTTP/1.0" 200 10682 "http://electricscootershq.org/razor-e100-electric-scooter.html" "Mozilla/5.0 (Windows NT 6.1; WOW64; rv:9.0.1) Gecko/20100101 Firefox/9.0.1"
180.76.6.64 - - [11/Jan/2014:19:54:46 -0500] "GET /PDFS/8126OBD_DR600E_IstallGuide.pdf HTTP/1.1" 200 402819 "-" "Mozilla/5.0 (Windows NT 5.1; rv:6.0.2) Gecko/20100101 Firefox/6.0.2"
208.115.113.91 - - [11/Jan/2014:19:58:23 -0500] "GET /index.php?view=article&catid=36%3ACarChip&id=46%3ACarChip+Pro+-+08226&tmpl=component&print=1&page=&option=com_content&Itemid=73 HTTP/1.1" 200 5494 "-" "Mozilla/5.0 (compatible; Ezooms/1.0; help@moz.com)"
157.55.35.99 - - [11/Jan/2014:20:07:49 -0500] "GET /robots.txt HTTP/1.1" 200 304 "-" "Mozilla/5.0 (compatible; bingbot/2.0; +http://www.bing.com/bingbot.htm)"
157.55.35.99 - - [11/Jan/2014:20:10:39 -0500] "GET / HTTP/1.1" 200 10686 "-" "Mozilla/5.0 (compatible; bingbot/2.0; +http://www.bing.com/bingbot.htm)"
208.115.111.75 - - [11/Jan/2014:20:16:36 -0500] "GET /robots.txt HTTP/1.1" 200 304 "-" "Mozilla/5.0 (compatible; Ezooms/1.0; help@moz.com)"
66.249.64.32 - - [11/Jan/2014:20:33:39 -0500] "GET /index.php?option=com_content&view=article&id=61&Itemid=67 HTTP/1.1" 200 21398 "-" "Mozilla/5.0 (compatible; Googlebot/2.1; +http://www.google.com/bot.html)"
91.239.15.173 - - [11/Jan/2014:21:13:44 -0500] "GET /administrator/xbczmsd.php HTTP/1.1" 404 223 "-" "Mozilla/5.0 (Windows NT 6.1; rv:10.0.1) Gecko/20100101 Firefox/10.0.1"
157.55.35.99 - - [11/Jan/2014:21:13:48 -0500] "GET / HTTP/1.1" 200 10686 "-" "Mozilla/5.0 (compatible; bingbot/2.0; +http://www.bing.com/bingbot.htm)"
217.69.133.215 - - [11/Jan/2014:21:35:10 -0500] "GET /robots.txt HTTP/1.1" 200 304 "-" "Mozilla/5.0 (compatible; Linux x86_64; Mail.RU_Bot/2.0; +http://go.mail.ru/help/robots)"
217.69.133.215 - - [11/Jan/2014:21:35:12 -0500] "GET /index.php?Itemid=79&id=58&option=com_content&view=article HTTP/1.1" 200 10761 "-" "Mozilla/5.0 (compatible; Linux x86_64; Mail.RU_Bot/2.0; +http://go.mail.ru/help/robots)"
208.115.111.75 - - [11/Jan/2014:21:49:09 -0500] "GET /index.php?option=com_content&view=article&catid=35%3ADriveRight&id=57%3AWelcome+to+DR+Fleet+Management+Software&Itemid=1 HTTP/1.1" 200 15206 "-" "Mozilla/5.0 (compatible; Ezooms/1.0; help@moz.com)"
66.249.76.35 - - [11/Jan/2014:21:58:33 -0500] "GET / HTTP/1.1" 200 10682 "-" "Mozilla/5.0 (iPhone; CPU iPhone OS 6_0 like Mac OS X) AppleWebKit/536.26 (KHTML, like Gecko) Version/6.0 Mobile/10A5376e Safari/8536.25 (compatible; Googlebot-Mobile/2.1; +http://www.google.com/bot.html)"
66.249.64.32 - - [11/Jan/2014:22:03:31 -0500] "GET /robots.txt HTTP/1.1" 200 304 "-" "Mozilla/5.0 (compatible; Googlebot/2.1; +http://www.google.com/bot.html)"
66.249.64.32 - - [11/Jan/2014:22:03:31 -0500] "GET /index.php?option=com_content&view=frontpage&Itemid=80 HTTP/1.1" 200 12983 "-" "Mozilla/5.0 (iPhone; CPU iPhone OS 6_0 like Mac OS X) AppleWebKit/536.26 (KHTML, like Gecko) Version/6.0 Mobile/10A5376e Safari/8536.25 (compatible; Googlebot-Mobile/2.1; +http://www.google.com/bot.html)"
208.115.113.91 - - [11/Jan/2014:22:22:15 -0500] "GET /robots.txt HTTP/1.1" 200 304 "-" "Mozilla/5.0 (compatible; Ezooms/1.0; help@moz.com)"
208.115.113.91 - - [11/Jan/2014:22:22:15 -0500] "GET /robots.txt HTTP/1.1" 200 304 "-" "Mozilla/5.0 (compatible; Ezooms/1.0; help@moz.com)"
208.115.113.91 - - [11/Jan/2014:23:47:47 -0500] "GET /index.php?view=article&id=58%3AWelcome+to+Cardriverdata+Homepage&tmpl=component&print=1&page=&option=com_content&Itemid=79 HTTP/1.1" 200 5769 "-" "Mozilla/5.0 (compatible; Ezooms/1.0; help@moz.com)"
208.115.113.91 - - [11/Jan/2014:23:47:51 -0500] "GET /index.php?option=com_mailto&tmpl=component&link=aHR0cDovL2NhcmRyaXZlcmRhdGEuY29tLy9pbmRleC5waHA/dmlldz1hcnRpY2xlJmlkPTYlM0FjYXJjaGlwLXBybyZvcHRpb249Y29tX2NvbnRlbnQmSXRlbWlkPTE= HTTP/1.1" 200 3844 "-" "Mozilla/5.0 (compatible; Ezooms/1.0; help@moz.com)"
208.115.113.91 - - [11/Jan/2014:23:47:53 -0500] "GET /index.php?view=article&catid=36%3ACarChip&id=19%3Acarchip-pro-series&tmpl=component&print=1&page=&option=com_content&Itemid=55 HTTP/1.1" 200 7613 "-" "Mozilla/5.0 (compatible; Ezooms/1.0; help@moz.com)"
208.115.111.75 - - [12/Jan/2014:00:18:05 -0500] "GET /robots.txt HTTP/1.1" 200 304 "-" "Mozilla/5.0 (compatible; Ezooms/1.0; help@moz.com)"
208.115.111.75 - - [12/Jan/2014:00:18:05 -0500] "GET /robots.txt HTTP/1.1" 200 304 "-" "Mozilla/5.0 (compatible; Ezooms/1.0; help@moz.com)"
66.249.76.113 - - [12/Jan/2014:00:49:02 -0500] "GET /index.php?view=article&catid=36%3ACarChip&id=46%3ACarChip+Pro+-+08226&tmpl=component&print=1&page=&option=com_content&Itemid=73 HTTP/1.1" 200 5494 "-" "DoCoMo/2.0 N905i(c100;TB;W24H16) (compatible; Googlebot-Mobile/2.1; +http://www.google.com/bot.html)"
66.249.64.2 - - [12/Jan/2014:01:09:51 -0500] "GET /robots.txt HTTP/1.1" 200 304 "-" "Mozilla/5.0 (compatible; Googlebot/2.1; +http://www.google.com/bot.html)"
199.192.207.146 - - [12/Jan/2014:01:32:32 -0500] "GET /robots.txt HTTP/1.0" 200 304 "-" "Mozilla/5.0 (compatible; MJ12bot/v1.4.4; http://www.majestic12.co.uk/bot.php?+)"
199.192.207.146 - - [12/Jan/2014:01:32:33 -0500] "GET / HTTP/1.0" 200 10686 "-" "Mozilla/5.0 (compatible; MJ12bot/v1.4.4; http://www.majestic12.co.uk/bot.php?+)"
180.76.6.16 - - [12/Jan/2014:01:43:31 -0500] "GET /PDFS/DriveRight_Catalog2010.pdf HTTP/1.1" 200 2371299 "-" "Mozilla/5.0 (compatible; Baiduspider/2.0; +http://www.baidu.com/search/spider.html)"
208.115.111.75 - - [12/Jan/2014:01:54:34 -0500] "GET /index.php?option=com_content&view=article&id=68&Itemid=86 HTTP/1.1" 200 9752 "-" "Mozilla/5.0 (compatible; Ezooms/1.0; help@moz.com)"
208.115.111.75 - - [12/Jan/2014:01:54:37 -0500] "GET /index.php?option=com_mailto&tmpl=component&link=aHR0cDovL2NhcmRyaXZlcmRhdGEuY29tLy9pbmRleC5waHA/dmlldz1hcnRpY2xlJmlkPTUzJTNBV2VsY29tZSt0bytEcml2ZVJpZ2h0KzYwMGUrR0QrUGFnZSZvcHRpb249Y29tX2NvbnRlbnQmSXRlbWlkPTU4 HTTP/1.1" 200 3876 "-" "Mozilla/5.0 (compatible; Ezooms/1.0; help@moz.com)"
208.115.111.75 - - [12/Jan/2014:01:54:39 -0500] "GET /index.php?option=com_mailto&tmpl=component&link=aHR0cDovL2NhcmRyaXZlcmRhdGEuY29tLy9pbmRleC5waHA/dmlldz1hcnRpY2xlJmlkPTY1JTNBc2ltdWxhdG9ycyZvcHRpb249Y29tX2NvbnRlbnQmSXRlbWlkPTU0 HTTP/1.1" 200 3844 "-" "Mozilla/5.0 (compatible; Ezooms/1.0; help@moz.com)"
180.76.5.143 - - [12/Jan/2014:01:58:31 -0500] "GET /index.php?view=article&catid=35%3ADriveRight&id=47%3Adriveright-600e-series&tmpl=component&print=1&page=&option=com_content&Itemid=74 HTTP/1.1" 200 6877 "-" "Mozilla/5.0 (compatible; Baiduspider/2.0; +http://www.baidu.com/search/spider.html)"
23.23.222.104 - - [12/Jan/2014:02:04:29 -0500] "GET / HTTP/1.1" 200 10682 "-" "Mozilla/5.0 (compatible; Windows; U; Windows NT 6.2; WOW64; en-US; rv:12.0) Gecko/20120403211507 Firefox/12.0"
208.115.113.91 - - [12/Jan/2014:02:20:45 -0500] "GET /robots.txt HTTP/1.1" 200 304 "-" "Mozilla/5.0 (compatible; Ezooms/1.0; help@moz.com)"
182.118.20.176 - - [12/Jan/2014:03:38:51 -0500] "GET /robots.txt HTTP/1.1" 200 304 "http://cardriverdata.com/robots.txt" "Mozilla/5.0 (Windows; U; Windows NT 5.1; zh-CN; )  Firefox/1.5.0.11; 360Spider"
61.135.190.100 - - [12/Jan/2014:03:49:24 -0500] "GET / HTTP/1.1" 200 10686 "http://www.baidu.com/s?wd=CardriverdataHomepage" "Mozilla/5.0 (Windows; U; Windows NT 5.1; zh-CN; rv:1.9.2.15) Gecko/20110303 Firefox/3.6.15"
61.135.190.219 - - [12/Jan/2014:03:49:25 -0500] "GET /media/system/js/mootools.js HTTP/1.1" 200 74404 "http://www.cardriverdata.com/" "Mozilla/5.0 (Windows; U; Windows NT 5.1; zh-CN; rv:1.9.2.15) Gecko/20110303 Firefox/3.6.15"
61.135.190.219 - - [12/Jan/2014:03:49:27 -0500] "GET /media/system/js/caption.js HTTP/1.1" 200 1837 "http://www.cardriverdata.com/" "Mozilla/5.0 (Windows; U; Windows NT 5.1; zh-CN; rv:1.9.2.15) Gecko/20110303 Firefox/3.6.15"
208.115.113.91 - - [12/Jan/2014:04:03:22 -0500] "GET /index.php?view=article&catid=36%3ACarChip&id=6%3Acarchip-pro&tmpl=component&print=1&page=&option=com_content&Itemid=80 HTTP/1.1" 200 2305 "-" "Mozilla/5.0 (compatible; Ezooms/1.0; help@moz.com)"
208.115.111.75 - - [12/Jan/2014:04:18:18 -0500] "GET /robots.txt HTTP/1.1" 200 304 "-" "Mozilla/5.0 (compatible; Ezooms/1.0; help@moz.com)"
180.76.5.190 - - [12/Jan/2014:05:53:07 -0500] "GET /index.php?view=article&catid=36%3ACarChip&id=65%3Asimulators&tmpl=component&print=1&page=&option=com_content&Itemid=83 HTTP/1.1" 200 5046 "-" "Mozilla/5.0 (compatible; Baiduspider/2.0; +http://www.baidu.com/search/spider.html)"
208.115.111.75 - - [12/Jan/2014:05:55:04 -0500] "GET /index.php?option=com_content&view=article&id=50&Itemid=55 HTTP/1.1" 200 17268 "-" "Mozilla/5.0 (compatible; Ezooms/1.0; help@moz.com)"
50.17.3.106 - - [12/Jan/2014:06:03:42 -0500] "GET / HTTP/1.1" 200 10682 "-" "Mozilla/5.0 (Windows; U; Windows NT 6.0; en-US; rv:1.9.2.3) Gecko/20100401 Firefox/3.6.3 GTB6 (.NET CLR 3.5.30729)"
208.115.113.91 - - [12/Jan/2014:06:21:25 -0500] "GET /robots.txt HTTP/1.1" 200 304 "-" "Mozilla/5.0 (compatible; Ezooms/1.0; help@moz.com)"
157.55.33.115 - - [12/Jan/2014:07:13:00 -0500] "GET /robots.txt HTTP/1.1" 200 304 "-" "Mozilla/5.0 (compatible; bingbot/2.0; +http://www.bing.com/bingbot.htm)"
157.55.33.115 - - [12/Jan/2014:07:24:13 -0500] "GET / HTTP/1.1" 200 10682 "-" "Mozilla/5.0 (compatible; bingbot/2.0; +http://www.bing.com/bingbot.htm)"
193.77.58.161 - - [12/Jan/2014:07:51:22 -0500] "GET / HTTP/1.1" 200 10686 "http://www.studiofaca.com/" "Mozila/5.0 (compatible; StudioFACA Search; +http://www.studiofaca.com/)"
208.115.113.91 - - [12/Jan/2014:08:02:21 -0500] "GET /index.php?option=com_content&view=article&catid=36%3ACarChip&id=65%3Asimulators&Itemid=1 HTTP/1.1" 200 12179 "-" "Mozilla/5.0 (compatible; Ezooms/1.0; help@moz.com)"
208.115.113.91 - - [12/Jan/2014:08:02:24 -0500] "GET /index.php?option=com_content&view=article&catid=38%3ASpeedSpy&id=1%3Aspeedspy-vehicle-speed-monitoring&Itemid=1 HTTP/1.1" 200 14041 "-" "Mozilla/5.0 (compatible; Ezooms/1.0; help@moz.com)"
208.115.113.91 - - [12/Jan/2014:08:02:26 -0500] "GET /index.php?option=com_mailto&tmpl=component&link=aHR0cDovL2NhcmRyaXZlcmRhdGEuY29tLy9pbmRleC5waHA/dmlldz1hcnRpY2xlJmlkPTU4OldlbGNvbWUgdG8gQ2FyZHJpdmVyZGF0YSBIb21lcGFnZQ== HTTP/1.1" 200 3836 "-" "Mozilla/5.0 (compatible; Ezooms/1.0; help@moz.com)"
157.55.33.115 - - [12/Jan/2014:08:36:26 -0500] "GET /robots.txt HTTP/1.1" 200 304 "-" "Mozilla/5.0 (compatible; bingbot/2.0; +http://www.bing.com/bingbot.htm)"
5.45.72.16 - - [12/Jan/2014:08:39:01 -0500] "GET / HTTP/1.1" 200 10682 "-" "-"
157.55.33.115 - - [12/Jan/2014:08:47:55 -0500] "GET / HTTP/1.1" 200 10686 "-" "Mozilla/5.0 (compatible; bingbot/2.0; +http://www.bing.com/bingbot.htm)"
66.249.76.113 - - [12/Jan/2014:10:08:02 -0500] "GET / HTTP/1.1" 200 10686 "-" "DoCoMo/2.0 N905i(c100;TB;W24H16) (compatible; Googlebot-Mobile/2.1; +http://www.google.com/bot.html)"
208.115.113.91 - - [12/Jan/2014:10:21:27 -0500] "GET /robots.txt HTTP/1.1" 200 304 "-" "Mozilla/5.0 (compatible; Ezooms/1.0; help@moz.com)"
178.255.215.78 - - [12/Jan/2014:10:46:27 -0500] "GET /robots.txt HTTP/1.1" 200 304 "-" "Mozilla/5.0 (compatible; Exabot/3.0; +http://www.exabot.com/go/robot)"
178.255.215.78 - - [12/Jan/2014:10:46:28 -0500] "GET /index.php?option=com_content&view=article&id=57&Itemid=76 HTTP/1.1" 200 13170 "-" "Mozilla/5.0 (compatible; Exabot/3.0; +http://www.exabot.com/go/robot)"
91.239.15.173 - - [12/Jan/2014:11:05:14 -0500] "GET /administrator/fix.php HTTP/1.1" 404 219 "-" "Mozilla/5.0 (Windows NT 6.1; rv:10.0.1) Gecko/20100101 Firefox/10.0.1"
85.14.138.199 - - [12/Jan/2014:11:32:26 -0500] "POST /index.php?option=com_jce&task=plugin&plugin=imgmanager&file=imgmanager&method=form&cid=20&6bc427c8a7981f4fe1f5ac65c1246b5f=9d09f693c63c1988a9f8a564e0da7743 HTTP/1.1" 404 1272 "-" "Mozilla/4.0 (compatible; MSIE 7.0; Windows NT 5.1)"
208.115.113.91 - - [12/Jan/2014:12:02:16 -0500] "GET /index.php?option=com_content&view=article&catid=36%3ACarChip&id=66%3Adpr&Itemid=55 HTTP/1.1" 200 10174 "-" "Mozilla/5.0 (compatible; Ezooms/1.0; help@moz.com)"
208.115.111.75 - - [12/Jan/2014:12:19:05 -0500] "GET /robots.txt HTTP/1.1" 200 304 "-" "Mozilla/5.0 (compatible; Ezooms/1.0; help@moz.com)"
208.115.111.75 - - [12/Jan/2014:12:19:05 -0500] "GET /robots.txt HTTP/1.1" 200 304 "-" "Mozilla/5.0 (compatible; Ezooms/1.0; help@moz.com)"
66.249.64.33 - - [12/Jan/2014:12:31:59 -0500] "GET /index.php?view=article&catid=37%3Avcount-ii&id=14%3Avcount-ii&tmpl=component&print=1&page=&option=com_content&Itemid=1 HTTP/1.1" 200 10593 "-" "Mozilla/5.0 (compatible; Googlebot/2.1; +http://www.google.com/bot.html)"
65.55.24.218 - - [12/Jan/2014:13:03:20 -0500] "GET /robots.txt HTTP/1.1" 200 304 "-" "Mozilla/5.0 (compatible; bingbot/2.0; +http://www.bing.com/bingbot.htm)"
65.55.24.218 - - [12/Jan/2014:13:06:06 -0500] "GET / HTTP/1.1" 200 10686 "-" "Mozilla/5.0 (compatible; bingbot/2.0; +http://www.bing.com/bingbot.htm)"
65.55.24.218 - - [12/Jan/2014:13:06:06 -0500] "GET /index.php?option=com_content&view=article&id=16&Itemid=62 HTTP/1.1" 200 7491 "-" "Mozilla/5.0 (compatible; bingbot/2.0; +http://www.bing.com/bingbot.htm)"
157.56.229.185 - - [12/Jan/2014:13:11:28 -0500] "GET /index.php?option=com_content&view=article&id=57&Itemid=76 HTTP/1.1" 200 13170 "-" "Mozilla/5.0 (compatible; bingbot/2.0; +http://www.bing.com/bingbot.htm)"
65.55.55.230 - - [12/Jan/2014:13:14:33 -0500] "GET /PDFS/8126OBD_DR600E_IstallGuide.pdf HTTP/1.1" 200 402819 "-" "Mozilla/5.0 (compatible; bingbot/2.0; +http://www.bing.com/bingbot.htm)"
66.249.64.33 - - [12/Jan/2014:13:30:48 -0500] "GET /index.php?view=article&catid=37%3Avcount-ii&id=14%3Avcount-ii&tmpl=component&print=1&page=&option=com_content&Itemid=80 HTTP/1.1" 200 10593 "-" "Mozilla/5.0 (compatible; Googlebot/2.1; +http://www.google.com/bot.html)"
208.115.111.75 - - [12/Jan/2014:13:52:29 -0500] "GET /index.php?option=com_content&view=frontpage&Itemid=80 HTTP/1.1" 200 12967 "-" "Mozilla/5.0 (compatible; Ezooms/1.0; help@moz.com)"
208.115.111.75 - - [12/Jan/2014:13:52:32 -0500] "GET /index.php?view=article&catid=36%3ACarChip&id=50%3AWelcome+to+CarChip+Wireless+Solution&tmpl=component&print=1&page=&option=com_content&Itemid=1 HTTP/1.1" 200 12323 "-" "Mozilla/5.0 (compatible; Ezooms/1.0; help@moz.com)"
208.115.111.75 - - [12/Jan/2014:13:52:36 -0500] "GET /index.php?option=com_content&view=article&catid=36%3ACarChip&id=49%3AWelcome+to+CarChip+GPS+System&Itemid=55 HTTP/1.1" 200 12674 "-" "Mozilla/5.0 (compatible; Ezooms/1.0; help@moz.com)"
208.115.113.91 - - [12/Jan/2014:14:22:38 -0500] "GET /robots.txt HTTP/1.1" 200 304 "-" "Mozilla/5.0 (compatible; Ezooms/1.0; help@moz.com)"
199.21.99.68 - - [12/Jan/2014:14:37:17 -0500] "GET /robots.txt HTTP/1.1" 200 304 "-" "Mozilla/5.0 (compatible; YandexBot/3.0; +http://yandex.com/bots)"
69.197.138.42 - - [12/Jan/2014:14:45:40 -0500] "GET / HTTP/1.1" 200 10682 "-" "Mozilla/4.0 (compatible; MSIE 7.0; Windows NT 5.1)"
66.249.64.32 - - [12/Jan/2014:14:49:33 -0500] "GET /index.php?option=com_content&view=article&id=71%3AFm2200&catid=41%3AGPS&Itemid=1 HTTP/1.1" 200 9056 "-" "Mozilla/5.0 (iPhone; CPU iPhone OS 6_0 like Mac OS X) AppleWebKit/536.26 (KHTML, like Gecko) Version/6.0 Mobile/10A5376e Safari/8536.25 (compatible; Googlebot-Mobile/2.1; +http://www.google.com/bot.html)"
66.249.64.32 - - [12/Jan/2014:15:03:05 -0500] "GET /index.php?option=com_content&view=article&id=57&Itemid=76 HTTP/1.1" 200 13170 "-" "Mozilla/5.0 (compatible; Googlebot/2.1; +http://www.google.com/bot.html)"
59.174.51.208 - - [12/Jan/2014:15:13:27 -0500] "GET / HTTP/1.1" 200 10682 "-" "Mozilla/4.0 (compatible; MSIE 6.0; Windows NT 5.1; SV1;)"
66.249.64.32 - - [12/Jan/2014:15:20:19 -0500] "GET /PDFS/8186_FMS_GtStrtGde_7395-313H.pdf HTTP/1.1" 200 262144 "-" "Mozilla/5.0 (compatible; Googlebot/2.1; +http://www.google.com/bot.html)"
180.76.5.148 - - [12/Jan/2014:16:02:23 -0500] "GET /index.php?view=article&id=58:Welcome%20to%20Cardriverdata%20Homepage&tmpl=component&print=1&page= HTTP/1.1" 200 5769 "-" "Mozilla/5.0 (compatible; Baiduspider/2.0; +http://www.baidu.com/search/spider.html)"
208.115.113.91 - - [12/Jan/2014:16:03:15 -0500] "GET /index.php?option=com_mailto&tmpl=component&link=aHR0cDovL2NhcmRyaXZlcmRhdGEuY29tLy9pbmRleC5waHA/dmlldz1hcnRpY2xlJmlkPTE5JTNBY2FyY2hpcC1wcm8tc2VyaWVzJm9wdGlvbj1jb21fY29udGVudCZJdGVtaWQ9MQ== HTTP/1.1" 200 3856 "-" "Mozilla/5.0 (compatible; Ezooms/1.0; help@moz.com)"
208.115.113.91 - - [12/Jan/2014:16:03:21 -0500] "GET /index.php?option=com_mailto&tmpl=component&link=aHR0cDovL2NhcmRyaXZlcmRhdGEuY29tLy9pbmRleC5waHA/dmlldz1hcnRpY2xlJmlkPTQ1JTNBU3BlZWRTcHkrU2V0LXVwK1Byb2NlZHVyZXMmb3B0aW9uPWNvbV9jb250ZW50Jkl0ZW1pZD0x HTTP/1.1" 200 3864 "-" "Mozilla/5.0 (compatible; Ezooms/1.0; help@moz.com)"
101.226.169.200 - - [12/Jan/2014:16:17:48 -0500] "GET /robots.txt HTTP/1.1" 200 304 "http://www.cardriverdata.com/robots.txt" "Mozilla/4.0 (compatible; MSIE 8.0; Windows NT 6.1; Trident/4.0; SLCC2; .NET CLR 2.0.50727; .NET CLR 3.5.30729; .NET CLR 3.0.30729; Media Center PC 6.0; MDDR; .NET4.0C; .NET4.0E; .NET CLR 1.1.4322; Tablet PC 2.0); 360Spider"
208.115.111.75 - - [12/Jan/2014:16:19:27 -0500] "GET /robots.txt HTTP/1.1" 200 304 "-" "Mozilla/5.0 (compatible; Ezooms/1.0; help@moz.com)"
5.149.253.45 - - [12/Jan/2014:16:30:01 -0500] "GET /index.php?option=com_jce&task=plugin&plugin=imgmanager&file=imgmanager HTTP/1.1" 404 1272 "-" "Mozilla/5.0 (Macintosh; Intel Mac OS X 10.9; rv:25.0) Gecko/20100101 Firefox/25.1"
199.21.99.68 - - [12/Jan/2014:16:43:21 -0500] "GET /index.php?option=com_content&view=article&id=58&Itemid=79 HTTP/1.1" 200 10765 "-" "Mozilla/5.0 (compatible; YandexBot/3.0; +http://yandex.com/bots)"
208.115.111.75 - - [12/Jan/2014:17:43:21 -0500] "GET /index.php?option=com_mailto&tmpl=component&link=aHR0cDovL2NhcmRyaXZlcmRhdGEuY29tLy9pbmRleC5waHA/dmlldz1hcnRpY2xlJmlkPTU2JTNBV2VsY29tZSt0bytEYXZpcytEcml2ZVJpZ2h0K1dpcmVsZXNzK0Rvd25sb2FkJm9wdGlvbj1jb21fY29udGVudCZJdGVtaWQ9NjQ= HTTP/1.1" 200 3892 "-" "Mozilla/5.0 (compatible; Ezooms/1.0; help@moz.com)"
199.30.80.113 - - [12/Jan/2014:17:53:12 -0500] "GET / HTTP/1.1" 200 10682 "-" "Mozilla/5.0 (Windows NT 6.1; rv:12.0; StumbleUpon; noc@stumbleupon.com) Gecko/20100101 Firefox/12.0"
65.55.24.218 - - [12/Jan/2014:18:19:54 -0500] "GET /robots.txt HTTP/1.1" 200 304 "-" "Mozilla/5.0 (compatible; bingbot/2.0; +http://www.bing.com/bingbot.htm)"
65.55.24.218 - - [12/Jan/2014:18:21:38 -0500] "GET / HTTP/1.1" 200 10682 "-" "Mozilla/5.0 (compatible; bingbot/2.0; +http://www.bing.com/bingbot.htm)"
208.115.113.91 - - [12/Jan/2014:18:22:27 -0500] "GET /robots.txt HTTP/1.1" 200 304 "-" "Mozilla/5.0 (compatible; Ezooms/1.0; help@moz.com)"
122.52.151.2 - - [12/Jan/2014:19:10:19 -0500] "GET /styles/final-header.com HTTP/1.1" 404 221 "http://localhost/www.cardriverdata.com/index.htm" "Mozilla/5.0 (Windows NT 6.1; rv:26.0) Gecko/20100101 Firefox/26.0"
122.52.151.2 - - [12/Jan/2014:19:11:29 -0500] "GET /styles/final-header.com HTTP/1.1" 404 221 "http://localhost/www.cardriverdata.com/index.htm" "Mozilla/5.0 (Windows NT 6.1; rv:26.0) Gecko/20100101 Firefox/26.0"
122.52.151.2 - - [12/Jan/2014:19:12:02 -0500] "GET /index.php?option=com_content&view=article&id=46&Itemid=73 HTTP/1.1" 200 10658 "http://localhost/www.cardriverdata.com/Carchip/carchip-pro.html" "Mozilla/5.0 (Windows NT 6.1; rv:26.0) Gecko/20100101 Firefox/26.0"
122.52.151.2 - - [12/Jan/2014:19:12:02 -0500] "GET /media/system/js/mootools.js HTTP/1.1" 200 74404 "http://www.cardriverdata.com/index.php?option=com_content&view=article&id=46&Itemid=73" "Mozilla/5.0 (Windows NT 6.1; rv:26.0) Gecko/20100101 Firefox/26.0"
122.52.151.2 - - [12/Jan/2014:19:12:02 -0500] "GET /templates/system/css/general.css HTTP/1.1" 200 2233 "http://www.cardriverdata.com/index.php?option=com_content&view=article&id=46&Itemid=73" "Mozilla/5.0 (Windows NT 6.1; rv:26.0) Gecko/20100101 Firefox/26.0"
122.52.151.2 - - [12/Jan/2014:19:12:02 -0500] "GET /templates/rhuk_milkyway/css/template.css HTTP/1.1" 200 31144 "http://www.cardriverdata.com/index.php?option=com_content&view=article&id=46&Itemid=73" "Mozilla/5.0 (Windows NT 6.1; rv:26.0) Gecko/20100101 Firefox/26.0"
122.52.151.2 - - [12/Jan/2014:19:12:02 -0500] "GET /templates/rhuk_milkyway/css/blue.css HTTP/1.1" 200 723 "http://www.cardriverdata.com/index.php?option=com_content&view=article&id=46&Itemid=73" "Mozilla/5.0 (Windows NT 6.1; rv:26.0) Gecko/20100101 Firefox/26.0"
122.52.151.2 - - [12/Jan/2014:19:12:02 -0500] "GET /media/system/js/caption.js HTTP/1.1" 200 1837 "http://www.cardriverdata.com/index.php?option=com_content&view=article&id=46&Itemid=73" "Mozilla/5.0 (Windows NT 6.1; rv:26.0) Gecko/20100101 Firefox/26.0"
122.52.151.2 - - [12/Jan/2014:19:12:02 -0500] "GET /templates/system/css/system.css HTTP/1.1" 200 1391 "http://www.cardriverdata.com/index.php?option=com_content&view=article&id=46&Itemid=73" "Mozilla/5.0 (Windows NT 6.1; rv:26.0) Gecko/20100101 Firefox/26.0"
122.52.151.2 - - [12/Jan/2014:19:12:03 -0500] "GET /templates/rhuk_milkyway/css/blue_bg.css HTTP/1.1" 200 730 "http://www.cardriverdata.com/index.php?option=com_content&view=article&id=46&Itemid=73" "Mozilla/5.0 (Windows NT 6.1; rv:26.0) Gecko/20100101 Firefox/26.0"
122.52.151.2 - - [12/Jan/2014:19:12:03 -0500] "GET /templates/rhuk_milkyway/favicon.ico HTTP/1.1" 200 3638 "-" "Mozilla/5.0 (Windows NT 6.1; rv:26.0) Gecko/20100101 Firefox/26.0"
122.52.151.2 - - [12/Jan/2014:19:12:03 -0500] "GET /images/product_images/guarantee.jpg HTTP/1.1" 200 45092 "http://www.cardriverdata.com/index.php?option=com_content&view=article&id=46&Itemid=73" "Mozilla/5.0 (Windows NT 6.1; rv:26.0) Gecko/20100101 Firefox/26.0"
122.52.151.2 - - [12/Jan/2014:19:12:03 -0500] "GET /templates/rhuk_milkyway/images/arrow.png HTTP/1.1" 200 294 "http://www.cardriverdata.com/index.php?option=com_content&view=article&id=46&Itemid=73" "Mozilla/5.0 (Windows NT 6.1; rv:26.0) Gecko/20100101 Firefox/26.0"
122.52.151.2 - - [12/Jan/2014:19:12:03 -0500] "GET /images/M_images/printButton.png HTTP/1.1" 200 379 "http://www.cardriverdata.com/index.php?option=com_content&view=article&id=46&Itemid=73" "Mozilla/5.0 (Windows NT 6.1; rv:26.0) Gecko/20100101 Firefox/26.0"
122.52.151.2 - - [12/Jan/2014:19:12:03 -0500] "GET /images/M_images/emailButton.png HTTP/1.1" 200 428 "http://www.cardriverdata.com/index.php?option=com_content&view=article&id=46&Itemid=73" "Mozilla/5.0 (Windows NT 6.1; rv:26.0) Gecko/20100101 Firefox/26.0"
122.52.151.2 - - [12/Jan/2014:19:12:04 -0500] "GET /images/product_images/carchip-obd.png HTTP/1.1" 200 43123 "http://www.cardriverdata.com/index.php?option=com_content&view=article&id=46&Itemid=73" "Mozilla/5.0 (Windows NT 6.1; rv:26.0) Gecko/20100101 Firefox/26.0"
122.52.151.2 - - [12/Jan/2014:19:12:03 -0500] "GET /templates/rhuk_milkyway/images/paypal_verified.jpg HTTP/1.1" 200 81674 "http://www.cardriverdata.com/index.php?option=com_content&view=article&id=46&Itemid=73" "Mozilla/5.0 (Windows NT 6.1; rv:26.0) Gecko/20100101 Firefox/26.0"
122.52.151.2 - - [12/Jan/2014:19:12:04 -0500] "GET /images/product_images/tocart.png HTTP/1.1" 200 6237 "http://www.cardriverdata.com/index.php?option=com_content&view=article&id=46&Itemid=73" "Mozilla/5.0 (Windows NT 6.1; rv:26.0) Gecko/20100101 Firefox/26.0"
122.52.151.2 - - [12/Jan/2014:19:12:04 -0500] "GET /images/product_images/carchip.png HTTP/1.1" 200 56757 "http://www.cardriverdata.com/index.php?option=com_content&view=article&id=46&Itemid=73" "Mozilla/5.0 (Windows NT 6.1; rv:26.0) Gecko/20100101 Firefox/26.0"
122.52.151.2 - - [12/Jan/2014:19:12:04 -0500] "GET /templates/rhuk_milkyway/images/blue/mw_shadow_l.png HTTP/1.1" 200 224 "http://www.cardriverdata.com/templates/rhuk_milkyway/css/blue_bg.css" "Mozilla/5.0 (Windows NT 6.1; rv:26.0) Gecko/20100101 Firefox/26.0"
122.52.151.2 - - [12/Jan/2014:19:12:04 -0500] "GET /images/product_images/fms.png HTTP/1.1" 200 99498 "http://www.cardriverdata.com/index.php?option=com_content&view=article&id=46&Itemid=73" "Mozilla/5.0 (Windows NT 6.1; rv:26.0) Gecko/20100101 Firefox/26.0"
122.52.151.2 - - [12/Jan/2014:19:12:03 -0500] "GET /images/random_imgs/random-2.png HTTP/1.1" 200 111291 "http://www.cardriverdata.com/index.php?option=com_content&view=article&id=46&Itemid=73" "Mozilla/5.0 (Windows NT 6.1; rv:26.0) Gecko/20100101 Firefox/26.0"
122.52.151.2 - - [12/Jan/2014:19:12:04 -0500] "GET /templates/rhuk_milkyway/images/blue/mw_shadow_r.png HTTP/1.1" 200 221 "http://www.cardriverdata.com/templates/rhuk_milkyway/css/blue_bg.css" "Mozilla/5.0 (Windows NT 6.1; rv:26.0) Gecko/20100101 Firefox/26.0"
122.52.151.2 - - [12/Jan/2014:19:12:05 -0500] "GET /templates/rhuk_milkyway/images/blue/mw_header_t.png HTTP/1.1" 200 363 "http://www.cardriverdata.com/templates/rhuk_milkyway/css/blue_bg.css" "Mozilla/5.0 (Windows NT 6.1; rv:26.0) Gecko/20100101 Firefox/26.0"
122.52.151.2 - - [12/Jan/2014:19:12:05 -0500] "GET /templates/rhuk_milkyway/images/blue/mw_header_t_l.png HTTP/1.1" 200 739 "http://www.cardriverdata.com/templates/rhuk_milkyway/css/blue_bg.css" "Mozilla/5.0 (Windows NT 6.1; rv:26.0) Gecko/20100101 Firefox/26.0"
122.52.151.2 - - [12/Jan/2014:19:12:05 -0500] "GET /templates/rhuk_milkyway/images/blue/mw_header_t_r.png HTTP/1.1" 200 856 "http://www.cardriverdata.com/templates/rhuk_milkyway/css/blue_bg.css" "Mozilla/5.0 (Windows NT 6.1; rv:26.0) Gecko/20100101 Firefox/26.0"
122.52.151.2 - - [12/Jan/2014:19:12:05 -0500] "GET /templates/rhuk_milkyway/images/mw_header_b.png HTTP/1.1" 200 239 "http://www.cardriverdata.com/templates/rhuk_milkyway/css/template.css" "Mozilla/5.0 (Windows NT 6.1; rv:26.0) Gecko/20100101 Firefox/26.0"
122.52.151.2 - - [12/Jan/2014:19:12:05 -0500] "GET /templates/rhuk_milkyway/images/mw_joomla_logo.png HTTP/1.1" 200 36365 "http://www.cardriverdata.com/templates/rhuk_milkyway/css/template.css" "Mozilla/5.0 (Windows NT 6.1; rv:26.0) Gecko/20100101 Firefox/26.0"
122.52.151.2 - - [12/Jan/2014:19:12:05 -0500] "GET /templates/rhuk_milkyway/images/mw_header_l_b.png HTTP/1.1" 200 236 "http://www.cardriverdata.com/templates/rhuk_milkyway/css/template.css" "Mozilla/5.0 (Windows NT 6.1; rv:26.0) Gecko/20100101 Firefox/26.0"
122.52.151.2 - - [12/Jan/2014:19:12:05 -0500] "GET /templates/rhuk_milkyway/images/mw_header_r_b.png HTTP/1.1" 200 243 "http://www.cardriverdata.com/templates/rhuk_milkyway/css/template.css" "Mozilla/5.0 (Windows NT 6.1; rv:26.0) Gecko/20100101 Firefox/26.0"
122.52.151.2 - - [12/Jan/2014:19:12:05 -0500] "GET /templates/rhuk_milkyway/images/mw_menu_cap_l.png HTTP/1.1" 200 384 "http://www.cardriverdata.com/templates/rhuk_milkyway/css/template.css" "Mozilla/5.0 (Windows NT 6.1; rv:26.0) Gecko/20100101 Firefox/26.0"
122.52.151.2 - - [12/Jan/2014:19:12:05 -0500] "GET /templates/rhuk_milkyway/images/mw_menu_normal_bg.png HTTP/1.1" 200 273 "http://www.cardriverdata.com/templates/rhuk_milkyway/css/template.css" "Mozilla/5.0 (Windows NT 6.1; rv:26.0) Gecko/20100101 Firefox/26.0"
122.52.151.2 - - [12/Jan/2014:19:12:05 -0500] "GET /templates/rhuk_milkyway/images/mw_menu_separator.png HTTP/1.1" 200 225 "http://www.cardriverdata.com/templates/rhuk_milkyway/css/template.css" "Mozilla/5.0 (Windows NT 6.1; rv:26.0) Gecko/20100101 Firefox/26.0"
122.52.151.2 - - [12/Jan/2014:19:12:05 -0500] "GET /templates/rhuk_milkyway/images/mw_menu_cap_r.png HTTP/1.1" 200 709 "http://www.cardriverdata.com/templates/rhuk_milkyway/css/template.css" "Mozilla/5.0 (Windows NT 6.1; rv:26.0) Gecko/20100101 Firefox/26.0"
122.52.151.2 - - [12/Jan/2014:19:12:05 -0500] "GET /templates/rhuk_milkyway/images/mw_content_t.png HTTP/1.1" 200 203 "http://www.cardriverdata.com/templates/rhuk_milkyway/css/template.css" "Mozilla/5.0 (Windows NT 6.1; rv:26.0) Gecko/20100101 Firefox/26.0"
122.52.151.2 - - [12/Jan/2014:19:12:05 -0500] "GET /templates/rhuk_milkyway/images/mw_content_t_l.png HTTP/1.1" 200 329 "http://www.cardriverdata.com/templates/rhuk_milkyway/css/template.css" "Mozilla/5.0 (Windows NT 6.1; rv:26.0) Gecko/20100101 Firefox/26.0"
122.52.151.2 - - [12/Jan/2014:19:12:05 -0500] "GET /templates/rhuk_milkyway/images/mw_content_t_r.png HTTP/1.1" 200 342 "http://www.cardriverdata.com/templates/rhuk_milkyway/css/template.css" "Mozilla/5.0 (Windows NT 6.1; rv:26.0) Gecko/20100101 Firefox/26.0"
122.52.151.2 - - [12/Jan/2014:19:12:05 -0500] "GET /templates/rhuk_milkyway/images/blue/mw_box_bl.png HTTP/1.1" 200 4329 "http://www.cardriverdata.com/templates/rhuk_milkyway/css/blue.css" "Mozilla/5.0 (Windows NT 6.1; rv:26.0) Gecko/20100101 Firefox/26.0"
