122.52.151.2 - - [12/Jan/2014:19:12:05 -0500] "GET /templates/rhuk_milkyway/images/blue/mw_box_tr.png HTTP/1.1" 200 22746 "http://www.cardriverdata.com/templates/rhuk_milkyway/css/blue.css" "Mozilla/5.0 (Windows NT 6.1; rv:26.0) Gecko/20100101 Firefox/26.0"
122.52.151.2 - - [12/Jan/2014:19:12:05 -0500] "GET /templates/rhuk_milkyway/images/blue/mw_box_tl.png HTTP/1.1" 200 4089 "http://www.cardriverdata.com/templates/rhuk_milkyway/css/blue.css" "Mozilla/5.0 (Windows NT 6.1; rv:26.0) Gecko/20100101 Firefox/26.0"
122.52.151.2 - - [12/Jan/2014:19:12:05 -0500] "GET /templates/rhuk_milkyway/images/maincolumn-bak3.png HTTP/1.1" 200 70497 "http://www.cardriverdata.com/templates/rhuk_milkyway/css/template.css" "Mozilla/5.0 (Windows NT 6.1; rv:26.0) Gecko/20100101 Firefox/26.0"
122.52.151.2 - - [12/Jan/2014:19:12:05 -0500] "GET /templates/rhuk_milkyway/images/carchip-series-header.png HTTP/1.1" 200 45457 "http://www.cardriverdata.com/templates/rhuk_milkyway/css/template.css" "Mozilla/5.0 (Windows NT 6.1; rv:26.0) Gecko/20100101 Firefox/26.0"
122.52.151.2 - - [12/Jan/2014:19:12:05 -0500] "GET /templates/rhuk_milkyway/images/blue/mw_box_br.png HTTP/1.1" 200 196283 "http://www.cardriverdata.com/templates/rhuk_milkyway/css/blue.css" "Mozilla/5.0 (Windows NT 6.1; rv:26.0) Gecko/20100101 Firefox/26.0"
122.52.151.2 - - [12/Jan/2014:19:12:06 -0500] "GET /templates/rhuk_milkyway/images/content-hdr-tr3.png HTTP/1.1" 200 6240 "http://www.cardriverdata.com/templates/rhuk_milkyway/css/template.css" "Mozilla/5.0 (Windows NT 6.1; rv:26.0) Gecko/20100101 Firefox/26.0"
122.52.151.2 - - [12/Jan/2014:19:12:06 -0500] "GET /templates/rhuk_milkyway/images/ico_green.png HTTP/1.1" 200 3614 "http://www.cardriverdata.com/templates/rhuk_milkyway/css/template.css" "Mozilla/5.0 (Windows NT 6.1; rv:26.0) Gecko/20100101 Firefox/26.0"
122.52.151.2 - - [12/Jan/2014:19:12:06 -0500] "GET /templates/rhuk_milkyway/images/login-bg.gif HTTP/1.1" 200 237 "http://www.cardriverdata.com/templates/rhuk_milkyway/css/template.css" "Mozilla/5.0 (Windows NT 6.1; rv:26.0) Gecko/20100101 Firefox/26.0"
122.52.151.2 - - [12/Jan/2014:19:12:06 -0500] "GET /templates/rhuk_milkyway/images/mw_content_b.png HTTP/1.1" 200 216 "http://www.cardriverdata.com/templates/rhuk_milkyway/css/template.css" "Mozilla/5.0 (Windows NT 6.1; rv:26.0) Gecko/20100101 Firefox/26.0"
122.52.151.2 - - [12/Jan/2014:19:12:06 -0500] "GET /templates/rhuk_milkyway/images/mw_content_b_l.png HTTP/1.1" 200 320 "http://www.cardriverdata.com/templates/rhuk_milkyway/css/template.css" "Mozilla/5.0 (Windows NT 6.1; rv:26.0) Gecko/20100101 Firefox/26.0"
122.52.151.2 - - [12/Jan/2014:19:12:06 -0500] "GET /templates/rhuk_milkyway/images/mw_content_b_r.png HTTP/1.1" 200 326 "http://www.cardriverdata.com/templates/rhuk_milkyway/css/template.css" "Mozilla/5.0 (Windows NT 6.1; rv:26.0) Gecko/20100101 Firefox/26.0"
122.52.151.2 - - [12/Jan/2014:19:12:06 -0500] "GET /templates/rhuk_milkyway/images/blue/mw_footer_b.png HTTP/1.1" 200 351 "http://www.cardriverdata.com/templates/rhuk_milkyway/css/blue_bg.css" "Mozilla/5.0 (Windows NT 6.1; rv:26.0) Gecko/20100101 Firefox/26.0"
122.52.151.2 - - [12/Jan/2014:19:12:06 -0500] "GET /templates/rhuk_milkyway/images/blue/mw_footer_b_l.png HTTP/1.1" 200 614 "http://www.cardriverdata.com/templates/rhuk_milkyway/css/blue_bg.css" "Mozilla/5.0 (Windows NT 6.1; rv:26.0) Gecko/20100101 Firefox/26.0"
122.52.151.2 - - [12/Jan/2014:19:12:06 -0500] "GET /templates/rhuk_milkyway/images/blue/mw_footer_b_r.png HTTP/1.1" 200 569 "http://www.cardriverdata.com/templates/rhuk_milkyway/css/blue_bg.css" "Mozilla/5.0 (Windows NT 6.1; rv:26.0) Gecko/20100101 Firefox/26.0"
122.52.151.2 - - [12/Jan/2014:19:12:09 -0500] "GET /index.php?option=com_content&view=article&id=48&Itemid=54 HTTP/1.1" 200 14157 "http://localhost/www.cardriverdata.com/Carchip/carchip-pro.html" "Mozilla/5.0 (Windows NT 6.1; rv:26.0) Gecko/20100101 Firefox/26.0"
122.52.151.2 - - [12/Jan/2014:19:12:09 -0500] "GET /images/random_imgs/random-1.png HTTP/1.1" 200 93164 "http://www.cardriverdata.com/index.php?option=com_content&view=article&id=48&Itemid=54" "Mozilla/5.0 (Windows NT 6.1; rv:26.0) Gecko/20100101 Firefox/26.0"
122.52.151.2 - - [12/Jan/2014:19:12:10 -0500] "GET /images/product_images/carchip-fleet.png HTTP/1.1" 200 46968 "http://www.cardriverdata.com/index.php?option=com_content&view=article&id=48&Itemid=54" "Mozilla/5.0 (Windows NT 6.1; rv:26.0) Gecko/20100101 Firefox/26.0"
122.52.151.2 - - [12/Jan/2014:19:12:10 -0500] "GET /templates/rhuk_milkyway/images/carchip-fleet-header.png HTTP/1.1" 200 39481 "http://www.cardriverdata.com/templates/rhuk_milkyway/css/template.css" "Mozilla/5.0 (Windows NT 6.1; rv:26.0) Gecko/20100101 Firefox/26.0"
122.52.151.2 - - [12/Jan/2014:19:12:10 -0500] "GET /images/product_images/fms2.png HTTP/1.1" 200 48661 "http://www.cardriverdata.com/index.php?option=com_content&view=article&id=48&Itemid=54" "Mozilla/5.0 (Windows NT 6.1; rv:26.0) Gecko/20100101 Firefox/26.0"
122.52.151.2 - - [12/Jan/2014:19:12:10 -0500] "GET /images/product_images/fleet-manager2.png HTTP/1.1" 200 95027 "http://www.cardriverdata.com/index.php?option=com_content&view=article&id=48&Itemid=54" "Mozilla/5.0 (Windows NT 6.1; rv:26.0) Gecko/20100101 Firefox/26.0"
122.52.151.2 - - [12/Jan/2014:19:12:14 -0500] "GET /index.php?option=com_content&view=article&id=49&Itemid=75 HTTP/1.1" 200 12144 "http://localhost/www.cardriverdata.com/Carchip/carchip-pro.html" "Mozilla/5.0 (Windows NT 6.1; rv:26.0) Gecko/20100101 Firefox/26.0"
122.52.151.2 - - [12/Jan/2014:19:12:15 -0500] "GET /images/random_imgs/random-3.png HTTP/1.1" 200 81590 "http://www.cardriverdata.com/index.php?option=com_content&view=article&id=49&Itemid=75" "Mozilla/5.0 (Windows NT 6.1; rv:26.0) Gecko/20100101 Firefox/26.0"
122.52.151.2 - - [12/Jan/2014:19:12:15 -0500] "GET /images/product_images/gps-module2.png HTTP/1.1" 200 33619 "http://www.cardriverdata.com/index.php?option=com_content&view=article&id=49&Itemid=75" "Mozilla/5.0 (Windows NT 6.1; rv:26.0) Gecko/20100101 Firefox/26.0"
122.52.151.2 - - [12/Jan/2014:19:12:15 -0500] "GET /images/product_images/carchip-gps-wireless.png HTTP/1.1" 200 32345 "http://www.cardriverdata.com/index.php?option=com_content&view=article&id=49&Itemid=75" "Mozilla/5.0 (Windows NT 6.1; rv:26.0) Gecko/20100101 Firefox/26.0"
122.52.151.2 - - [12/Jan/2014:19:12:15 -0500] "GET /templates/rhuk_milkyway/images/carchip-gps-header.png HTTP/1.1" 200 43961 "http://www.cardriverdata.com/templates/rhuk_milkyway/css/template.css" "Mozilla/5.0 (Windows NT 6.1; rv:26.0) Gecko/20100101 Firefox/26.0"
122.52.151.2 - - [12/Jan/2014:19:12:15 -0500] "GET /templates/rhuk_milkyway/images/save.png HTTP/1.1" 200 9230 "http://www.cardriverdata.com/templates/rhuk_milkyway/css/template.css" "Mozilla/5.0 (Windows NT 6.1; rv:26.0) Gecko/20100101 Firefox/26.0"
122.52.151.2 - - [12/Jan/2014:19:12:15 -0500] "GET /images/product_images/gps-module.png HTTP/1.1" 200 65975 "http://www.cardriverdata.com/index.php?option=com_content&view=article&id=49&Itemid=75" "Mozilla/5.0 (Windows NT 6.1; rv:26.0) Gecko/20100101 Firefox/26.0"
122.52.151.2 - - [12/Jan/2014:19:12:21 -0500] "GET /index.php?option=com_content&view=article&id=48&Itemid=54 HTTP/1.1" 200 14157 "http://www.cardriverdata.com/index.php?option=com_content&view=article&id=49&Itemid=75" "Mozilla/5.0 (Windows NT 6.1; rv:26.0) Gecko/20100101 Firefox/26.0"
122.52.151.2 - - [12/Jan/2014:19:12:36 -0500] "GET /styles/final-header.com HTTP/1.1" 404 221 "http://localhost/www.cardriverdata.com/index.htm" "Mozilla/5.0 (Windows NT 6.1; rv:26.0) Gecko/20100101 Firefox/26.0"
122.52.151.2 - - [12/Jan/2014:19:15:29 -0500] "GET /index.php?option=com_content&view=article&id=49&Itemid=75 HTTP/1.1" 200 12140 "http://localhost/www.cardriverdata.com/Carchip/carchip_products.html" "Mozilla/5.0 (Windows NT 6.1; rv:26.0) Gecko/20100101 Firefox/26.0"
122.52.151.2 - - [12/Jan/2014:19:15:30 -0500] "GET /media/system/js/mootools.js HTTP/1.1" 200 74404 "http://cardriverdata.com/index.php?option=com_content&view=article&id=49&Itemid=75" "Mozilla/5.0 (Windows NT 6.1; rv:26.0) Gecko/20100101 Firefox/26.0"
122.52.151.2 - - [12/Jan/2014:19:15:30 -0500] "GET /media/system/js/caption.js HTTP/1.1" 200 1837 "http://cardriverdata.com/index.php?option=com_content&view=article&id=49&Itemid=75" "Mozilla/5.0 (Windows NT 6.1; rv:26.0) Gecko/20100101 Firefox/26.0"
122.52.151.2 - - [12/Jan/2014:19:15:30 -0500] "GET /templates/system/css/system.css HTTP/1.1" 200 1391 "http://cardriverdata.com/index.php?option=com_content&view=article&id=49&Itemid=75" "Mozilla/5.0 (Windows NT 6.1; rv:26.0) Gecko/20100101 Firefox/26.0"
122.52.151.2 - - [12/Jan/2014:19:15:30 -0500] "GET /templates/system/css/general.css HTTP/1.1" 200 2233 "http://cardriverdata.com/index.php?option=com_content&view=article&id=49&Itemid=75" "Mozilla/5.0 (Windows NT 6.1; rv:26.0) Gecko/20100101 Firefox/26.0"
122.52.151.2 - - [12/Jan/2014:19:15:30 -0500] "GET /templates/rhuk_milkyway/css/template.css HTTP/1.1" 200 31144 "http://cardriverdata.com/index.php?option=com_content&view=article&id=49&Itemid=75" "Mozilla/5.0 (Windows NT 6.1; rv:26.0) Gecko/20100101 Firefox/26.0"
122.52.151.2 - - [12/Jan/2014:19:15:30 -0500] "GET /templates/rhuk_milkyway/css/blue.css HTTP/1.1" 200 723 "http://cardriverdata.com/index.php?option=com_content&view=article&id=49&Itemid=75" "Mozilla/5.0 (Windows NT 6.1; rv:26.0) Gecko/20100101 Firefox/26.0"
122.52.151.2 - - [12/Jan/2014:19:15:30 -0500] "GET /templates/rhuk_milkyway/css/blue_bg.css HTTP/1.1" 200 730 "http://cardriverdata.com/index.php?option=com_content&view=article&id=49&Itemid=75" "Mozilla/5.0 (Windows NT 6.1; rv:26.0) Gecko/20100101 Firefox/26.0"
122.52.151.2 - - [12/Jan/2014:19:15:30 -0500] "GET /templates/rhuk_milkyway/favicon.ico HTTP/1.1" 200 3638 "-" "Mozilla/5.0 (Windows NT 6.1; rv:26.0) Gecko/20100101 Firefox/26.0"
122.52.151.2 - - [12/Jan/2014:19:15:31 -0500] "GET /images/product_images/guarantee.jpg HTTP/1.1" 200 45092 "http://cardriverdata.com/index.php?option=com_content&view=article&id=49&Itemid=75" "Mozilla/5.0 (Windows NT 6.1; rv:26.0) Gecko/20100101 Firefox/26.0"
122.52.151.2 - - [12/Jan/2014:19:15:31 -0500] "GET /images/M_images/emailButton.png HTTP/1.1" 200 428 "http://cardriverdata.com/index.php?option=com_content&view=article&id=49&Itemid=75" "Mozilla/5.0 (Windows NT 6.1; rv:26.0) Gecko/20100101 Firefox/26.0"
122.52.151.2 - - [12/Jan/2014:19:15:31 -0500] "GET /images/M_images/printButton.png HTTP/1.1" 200 379 "http://cardriverdata.com/index.php?option=com_content&view=article&id=49&Itemid=75" "Mozilla/5.0 (Windows NT 6.1; rv:26.0) Gecko/20100101 Firefox/26.0"
122.52.151.2 - - [12/Jan/2014:19:15:31 -0500] "GET /images/product_images/gps-module.png HTTP/1.1" 200 65975 "http://cardriverdata.com/index.php?option=com_content&view=article&id=49&Itemid=75" "Mozilla/5.0 (Windows NT 6.1; rv:26.0) Gecko/20100101 Firefox/26.0"
122.52.151.2 - - [12/Jan/2014:19:15:31 -0500] "GET /templates/rhuk_milkyway/images/paypal_verified.jpg HTTP/1.1" 200 81674 "http://cardriverdata.com/index.php?option=com_content&view=article&id=49&Itemid=75" "Mozilla/5.0 (Windows NT 6.1; rv:26.0) Gecko/20100101 Firefox/26.0"
122.52.151.2 - - [12/Jan/2014:19:15:31 -0500] "GET /images/product_images/gps-module2.png HTTP/1.1" 200 33619 "http://cardriverdata.com/index.php?option=com_content&view=article&id=49&Itemid=75" "Mozilla/5.0 (Windows NT 6.1; rv:26.0) Gecko/20100101 Firefox/26.0"
122.52.151.2 - - [12/Jan/2014:19:15:31 -0500] "GET /images/product_images/tocart.png HTTP/1.1" 200 6237 "http://cardriverdata.com/index.php?option=com_content&view=article&id=49&Itemid=75" "Mozilla/5.0 (Windows NT 6.1; rv:26.0) Gecko/20100101 Firefox/26.0"
122.52.151.2 - - [12/Jan/2014:19:15:31 -0500] "GET /images/product_images/carchip-gps-wireless.png HTTP/1.1" 200 32345 "http://cardriverdata.com/index.php?option=com_content&view=article&id=49&Itemid=75" "Mozilla/5.0 (Windows NT 6.1; rv:26.0) Gecko/20100101 Firefox/26.0"
122.52.151.2 - - [12/Jan/2014:19:15:31 -0500] "GET /templates/rhuk_milkyway/images/blue/mw_shadow_l.png HTTP/1.1" 200 224 "http://cardriverdata.com/templates/rhuk_milkyway/css/blue_bg.css" "Mozilla/5.0 (Windows NT 6.1; rv:26.0) Gecko/20100101 Firefox/26.0"
122.52.151.2 - - [12/Jan/2014:19:15:31 -0500] "GET /templates/rhuk_milkyway/images/blue/mw_shadow_r.png HTTP/1.1" 200 221 "http://cardriverdata.com/templates/rhuk_milkyway/css/blue_bg.css" "Mozilla/5.0 (Windows NT 6.1; rv:26.0) Gecko/20100101 Firefox/26.0"
122.52.151.2 - - [12/Jan/2014:19:15:31 -0500] "GET /images/random_imgs/random-4.png HTTP/1.1" 200 110856 "http://cardriverdata.com/index.php?option=com_content&view=article&id=49&Itemid=75" "Mozilla/5.0 (Windows NT 6.1; rv:26.0) Gecko/20100101 Firefox/26.0"
122.52.151.2 - - [12/Jan/2014:19:15:32 -0500] "GET /templates/rhuk_milkyway/images/blue/mw_header_t.png HTTP/1.1" 200 363 "http://cardriverdata.com/templates/rhuk_milkyway/css/blue_bg.css" "Mozilla/5.0 (Windows NT 6.1; rv:26.0) Gecko/20100101 Firefox/26.0"
122.52.151.2 - - [12/Jan/2014:19:15:32 -0500] "GET /templates/rhuk_milkyway/images/blue/mw_header_t_l.png HTTP/1.1" 200 739 "http://cardriverdata.com/templates/rhuk_milkyway/css/blue_bg.css" "Mozilla/5.0 (Windows NT 6.1; rv:26.0) Gecko/20100101 Firefox/26.0"
122.52.151.2 - - [12/Jan/2014:19:15:32 -0500] "GET /templates/rhuk_milkyway/images/blue/mw_header_t_r.png HTTP/1.1" 200 856 "http://cardriverdata.com/templates/rhuk_milkyway/css/blue_bg.css" "Mozilla/5.0 (Windows NT 6.1; rv:26.0) Gecko/20100101 Firefox/26.0"
122.52.151.2 - - [12/Jan/2014:19:15:32 -0500] "GET /templates/rhuk_milkyway/images/mw_joomla_logo.png HTTP/1.1" 200 36365 "http://cardriverdata.com/templates/rhuk_milkyway/css/template.css" "Mozilla/5.0 (Windows NT 6.1; rv:26.0) Gecko/20100101 Firefox/26.0"
122.52.151.2 - - [12/Jan/2014:19:15:32 -0500] "GET /templates/rhuk_milkyway/images/mw_header_b.png HTTP/1.1" 200 239 "http://cardriverdata.com/templates/rhuk_milkyway/css/template.css" "Mozilla/5.0 (Windows NT 6.1; rv:26.0) Gecko/20100101 Firefox/26.0"
122.52.151.2 - - [12/Jan/2014:19:15:32 -0500] "GET /templates/rhuk_milkyway/images/mw_header_l_b.png HTTP/1.1" 200 236 "http://cardriverdata.com/templates/rhuk_milkyway/css/template.css" "Mozilla/5.0 (Windows NT 6.1; rv:26.0) Gecko/20100101 Firefox/26.0"
122.52.151.2 - - [12/Jan/2014:19:15:32 -0500] "GET /templates/rhuk_milkyway/images/mw_header_r_b.png HTTP/1.1" 200 243 "http://cardriverdata.com/templates/rhuk_milkyway/css/template.css" "Mozilla/5.0 (Windows NT 6.1; rv:26.0) Gecko/20100101 Firefox/26.0"
122.52.151.2 - - [12/Jan/2014:19:15:32 -0500] "GET /templates/rhuk_milkyway/images/mw_menu_cap_l.png HTTP/1.1" 200 384 "http://cardriverdata.com/templates/rhuk_milkyway/css/template.css" "Mozilla/5.0 (Windows NT 6.1; rv:26.0) Gecko/20100101 Firefox/26.0"
122.52.151.2 - - [12/Jan/2014:19:15:32 -0500] "GET /templates/rhuk_milkyway/images/mw_menu_normal_bg.png HTTP/1.1" 200 273 "http://cardriverdata.com/templates/rhuk_milkyway/css/template.css" "Mozilla/5.0 (Windows NT 6.1; rv:26.0) Gecko/20100101 Firefox/26.0"
122.52.151.2 - - [12/Jan/2014:19:15:32 -0500] "GET /templates/rhuk_milkyway/images/mw_menu_cap_r.png HTTP/1.1" 200 709 "http://cardriverdata.com/templates/rhuk_milkyway/css/template.css" "Mozilla/5.0 (Windows NT 6.1; rv:26.0) Gecko/20100101 Firefox/26.0"
122.52.151.2 - - [12/Jan/2014:19:15:32 -0500] "GET /templates/rhuk_milkyway/images/mw_menu_separator.png HTTP/1.1" 200 225 "http://cardriverdata.com/templates/rhuk_milkyway/css/template.css" "Mozilla/5.0 (Windows NT 6.1; rv:26.0) Gecko/20100101 Firefox/26.0"
122.52.151.2 - - [12/Jan/2014:19:15:32 -0500] "GET /templates/rhuk_milkyway/images/mw_content_t.png HTTP/1.1" 200 203 "http://cardriverdata.com/templates/rhuk_milkyway/css/template.css" "Mozilla/5.0 (Windows NT 6.1; rv:26.0) Gecko/20100101 Firefox/26.0"
122.52.151.2 - - [12/Jan/2014:19:15:32 -0500] "GET /templates/rhuk_milkyway/images/mw_content_t_l.png HTTP/1.1" 200 329 "http://cardriverdata.com/templates/rhuk_milkyway/css/template.css" "Mozilla/5.0 (Windows NT 6.1; rv:26.0) Gecko/20100101 Firefox/26.0"
122.52.151.2 - - [12/Jan/2014:19:15:32 -0500] "GET /templates/rhuk_milkyway/images/mw_content_t_r.png HTTP/1.1" 200 342 "http://cardriverdata.com/templates/rhuk_milkyway/css/template.css" "Mozilla/5.0 (Windows NT 6.1; rv:26.0) Gecko/20100101 Firefox/26.0"
122.52.151.2 - - [12/Jan/2014:19:15:33 -0500] "GET /templates/rhuk_milkyway/images/blue/mw_box_bl.png HTTP/1.1" 200 4329 "http://cardriverdata.com/templates/rhuk_milkyway/css/blue.css" "Mozilla/5.0 (Windows NT 6.1; rv:26.0) Gecko/20100101 Firefox/26.0"
122.52.151.2 - - [12/Jan/2014:19:15:33 -0500] "GET /templates/rhuk_milkyway/images/blue/mw_box_tr.png HTTP/1.1" 200 22746 "http://cardriverdata.com/templates/rhuk_milkyway/css/blue.css" "Mozilla/5.0 (Windows NT 6.1; rv:26.0) Gecko/20100101 Firefox/26.0"
122.52.151.2 - - [12/Jan/2014:19:15:33 -0500] "GET /templates/rhuk_milkyway/images/maincolumn-bak3.png HTTP/1.1" 200 70497 "http://cardriverdata.com/templates/rhuk_milkyway/css/template.css" "Mozilla/5.0 (Windows NT 6.1; rv:26.0) Gecko/20100101 Firefox/26.0"
122.52.151.2 - - [12/Jan/2014:19:15:33 -0500] "GET /templates/rhuk_milkyway/images/blue/mw_box_tl.png HTTP/1.1" 200 4089 "http://cardriverdata.com/templates/rhuk_milkyway/css/blue.css" "Mozilla/5.0 (Windows NT 6.1; rv:26.0) Gecko/20100101 Firefox/26.0"
122.52.151.2 - - [12/Jan/2014:19:15:33 -0500] "GET /templates/rhuk_milkyway/images/carchip-gps-header.png HTTP/1.1" 200 43961 "http://cardriverdata.com/templates/rhuk_milkyway/css/template.css" "Mozilla/5.0 (Windows NT 6.1; rv:26.0) Gecko/20100101 Firefox/26.0"
122.52.151.2 - - [12/Jan/2014:19:15:33 -0500] "GET /templates/rhuk_milkyway/images/content-hdr-tr3.png HTTP/1.1" 200 6240 "http://cardriverdata.com/templates/rhuk_milkyway/css/template.css" "Mozilla/5.0 (Windows NT 6.1; rv:26.0) Gecko/20100101 Firefox/26.0"
122.52.151.2 - - [12/Jan/2014:19:15:33 -0500] "GET /templates/rhuk_milkyway/images/save.png HTTP/1.1" 200 9230 "http://cardriverdata.com/templates/rhuk_milkyway/css/template.css" "Mozilla/5.0 (Windows NT 6.1; rv:26.0) Gecko/20100101 Firefox/26.0"
122.52.151.2 - - [12/Jan/2014:19:15:33 -0500] "GET /templates/rhuk_milkyway/images/mw_content_b.png HTTP/1.1" 200 216 "http://cardriverdata.com/templates/rhuk_milkyway/css/template.css" "Mozilla/5.0 (Windows NT 6.1; rv:26.0) Gecko/20100101 Firefox/26.0"
122.52.151.2 - - [12/Jan/2014:19:15:32 -0500] "GET /templates/rhuk_milkyway/images/blue/mw_box_br.png HTTP/1.1" 200 196283 "http://cardriverdata.com/templates/rhuk_milkyway/css/blue.css" "Mozilla/5.0 (Windows NT 6.1; rv:26.0) Gecko/20100101 Firefox/26.0"
122.52.151.2 - - [12/Jan/2014:19:15:33 -0500] "GET /templates/rhuk_milkyway/images/mw_content_b_l.png HTTP/1.1" 200 320 "http://cardriverdata.com/templates/rhuk_milkyway/css/template.css" "Mozilla/5.0 (Windows NT 6.1; rv:26.0) Gecko/20100101 Firefox/26.0"
122.52.151.2 - - [12/Jan/2014:19:15:33 -0500] "GET /templates/rhuk_milkyway/images/mw_content_b_r.png HTTP/1.1" 200 326 "http://cardriverdata.com/templates/rhuk_milkyway/css/template.css" "Mozilla/5.0 (Windows NT 6.1; rv:26.0) Gecko/20100101 Firefox/26.0"
122.52.151.2 - - [12/Jan/2014:19:15:33 -0500] "GET /templates/rhuk_milkyway/images/blue/mw_footer_b.png HTTP/1.1" 200 351 "http://cardriverdata.com/templates/rhuk_milkyway/css/blue_bg.css" "Mozilla/5.0 (Windows NT 6.1; rv:26.0) Gecko/20100101 Firefox/26.0"
122.52.151.2 - - [12/Jan/2014:19:15:33 -0500] "GET /templates/rhuk_milkyway/images/blue/mw_footer_b_l.png HTTP/1.1" 200 614 "http://cardriverdata.com/templates/rhuk_milkyway/css/blue_bg.css" "Mozilla/5.0 (Windows NT 6.1; rv:26.0) Gecko/20100101 Firefox/26.0"
122.52.151.2 - - [12/Jan/2014:19:15:33 -0500] "GET /templates/rhuk_milkyway/images/blue/mw_footer_b_r.png HTTP/1.1" 200 569 "http://cardriverdata.com/templates/rhuk_milkyway/css/blue_bg.css" "Mozilla/5.0 (Windows NT 6.1; rv:26.0) Gecko/20100101 Firefox/26.0"
217.69.133.67 - - [12/Jan/2014:19:15:34 -0500] "GET /robots.txt HTTP/1.1" 200 304 "-" "Mozilla/5.0 (compatible; Linux x86_64; Mail.RU_Bot/2.0; +http://go.mail.ru/help/robots)"
217.69.133.216 - - [12/Jan/2014:19:15:35 -0500] "GET /index.php?Itemid=54&catid=36%3ACarChip&id=46%3ACarChip+Pro+-+08226&option=com_content&page&print=1&tmpl=component&view=article HTTP/1.1" 200 5999 "-" "Mozilla/5.0 (compatible; Linux x86_64; Mail.RU_Bot/2.0; +http://go.mail.ru/help/robots)"
122.52.151.2 - - [12/Jan/2014:19:16:28 -0500] "GET /images/product_images/driveright2.png HTTP/1.1" 200 49999 "http://localhost/www.cardriverdata.com/Carchip/driveright600e.html" "Mozilla/5.0 (Windows NT 6.1; rv:26.0) Gecko/20100101 Firefox/26.0"
122.52.151.2 - - [12/Jan/2014:19:16:54 -0500] "GET /styles/final-header.com HTTP/1.1" 404 221 "http://localhost/www.cardriverdata.com/index.htm" "Mozilla/5.0 (Windows NT 6.1; rv:26.0) Gecko/20100101 Firefox/26.0"
65.55.24.218 - - [12/Jan/2014:19:20:08 -0500] "GET /robots.txt HTTP/1.1" 200 304 "-" "Mozilla/5.0 (compatible; bingbot/2.0; +http://www.bing.com/bingbot.htm)"
65.55.24.218 - - [12/Jan/2014:19:23:48 -0500] "GET / HTTP/1.1" 200 10686 "-" "Mozilla/5.0 (compatible; bingbot/2.0; +http://www.bing.com/bingbot.htm)"
65.55.24.218 - - [12/Jan/2014:19:27:48 -0500] "GET / HTTP/1.1" 200 10686 "-" "Mozilla/5.0 (compatible; bingbot/2.0; +http://www.bing.com/bingbot.htm)"
208.115.113.91 - - [12/Jan/2014:20:18:16 -0500] "GET /index.php?option=com_mailto&tmpl=component&link=aHR0cDovL3d3dy5jYXJkcml2ZXJkYXRhLmNvbS8vaW5kZXgucGhwP3ZpZXc9YXJ0aWNsZSZpZD02OCUzQXNlY3VyaXR5LWFuZC1wcml2YWN5Jm9wdGlvbj1jb21fY29udGVudCZJdGVtaWQ9ODY= HTTP/1.1" 200 3864 "-" "Mozilla/5.0 (compatible; Ezooms/1.0; help@moz.com)"
208.115.111.75 - - [12/Jan/2014:20:18:48 -0500] "GET /robots.txt HTTP/1.1" 200 304 "-" "Mozilla/5.0 (compatible; Ezooms/1.0; help@moz.com)"
208.115.111.75 - - [12/Jan/2014:20:18:48 -0500] "GET /robots.txt HTTP/1.1" 200 304 "-" "Mozilla/5.0 (compatible; Ezooms/1.0; help@moz.com)"
199.21.99.68 - - [12/Jan/2014:20:53:17 -0500] "GET /index.php/images/product_images/guarantee.jpg HTTP/1.1" 200 10686 "-" "Mozilla/5.0 (compatible; YandexImages/3.0; +http://yandex.com/bots)"
69.197.138.42 - - [12/Jan/2014:20:58:45 -0500] "GET / HTTP/1.1" 200 10682 "-" "Mozilla/4.0 (compatible; MSIE 7.0; Windows NT 5.1)"
199.21.99.68 - - [12/Jan/2014:21:20:47 -0500] "GET /index.php/images/product_images/gps-module.png HTTP/1.1" 200 10686 "-" "Mozilla/5.0 (compatible; YandexImages/3.0; +http://yandex.com/bots)"
66.249.64.10 - - [12/Jan/2014:21:21:29 -0500] "GET /index.php?option=com_mailto&tmpl=component&link=aHR0cDovL2NhcmRyaXZlcmRhdGEuY29tLy9pbmRleC5waHA/dmlldz1hcnRpY2xlJmlkPTE0JTNBdmNvdW50LWlpJm9wdGlvbj1jb21fY29udGVudCZJdGVtaWQ9Njg= HTTP/1.1" 200 3844 "-" "Mozilla/5.0 (compatible; Googlebot/2.1; +http://www.google.com/bot.html)"
66.249.64.32 - - [12/Jan/2014:21:40:24 -0500] "GET /index.php?option=com_content&view=article&id=62&Itemid=60 HTTP/1.1" 200 11049 "-" "Mozilla/5.0 (iPhone; CPU iPhone OS 6_0 like Mac OS X) AppleWebKit/536.26 (KHTML, like Gecko) Version/6.0 Mobile/10A5376e Safari/8536.25 (compatible; Googlebot-Mobile/2.1; +http://www.google.com/bot.html)"
202.46.62.32 - - [12/Jan/2014:21:50:00 -0500] "GET / HTTP/1.1" 200 10686 "-" "Mozilla/4.0 (compatible; MSIE 7.0; Windows NT 6.0)"
119.63.193.132 - - [12/Jan/2014:21:50:24 -0500] "GET / HTTP/1.1" 200 10686 "-" "Mozilla/4.0 (compatible; MSIE 7.0; Windows NT 6.0)"
208.115.111.75 - - [12/Jan/2014:21:53:27 -0500] "GET /index.php?option=com_content&view=article&catid=36%3ACarChip&id=50%3AWelcome+to+CarChip+Wireless+Solution&Itemid=54 HTTP/1.1" 200 17448 "-" "Mozilla/5.0 (compatible; Ezooms/1.0; help@moz.com)"
208.115.111.75 - - [12/Jan/2014:21:53:30 -0500] "GET /index.php?view=article&catid=36%3ACarChip&id=6%3Acarchip-pro&tmpl=component&print=1&page=&option=com_content&Itemid=54 HTTP/1.1" 200 2560 "-" "Mozilla/5.0 (compatible; Ezooms/1.0; help@moz.com)"
208.115.111.75 - - [12/Jan/2014:21:53:34 -0500] "GET /index.php?option=com_content&view=article&catid=36%3ACarChip&id=6%3Acarchip-pro&Itemid=55 HTTP/1.1" 200 7525 "-" "Mozilla/5.0 (compatible; Ezooms/1.0; help@moz.com)"
91.239.15.173 - - [12/Jan/2014:22:00:47 -0500] "GET /includes/templates.php HTTP/1.1" 404 220 "-" "Mozilla/5.0 (Windows NT 6.1; rv:10.0.1) Gecko/20100101 Firefox/10.0.1"
208.115.113.91 - - [12/Jan/2014:22:26:26 -0500] "GET /robots.txt HTTP/1.1" 200 304 "-" "Mozilla/5.0 (compatible; Ezooms/1.0; help@moz.com)"
208.115.113.91 - - [12/Jan/2014:22:26:26 -0500] "GET /robots.txt HTTP/1.1" 200 304 "-" "Mozilla/5.0 (compatible; Ezooms/1.0; help@moz.com)"
66.249.64.1 - - [12/Jan/2014:23:16:00 -0500] "GET / HTTP/1.1" 200 10682 "-" "SAMSUNG-SGH-E250/1.0 Profile/MIDP-2.0 Configuration/CLDC-1.1 UP.Browser/6.2.3.3.c.1.101 (GUI) MMP/2.0 (compatible; Googlebot-Mobile/2.1; +http://www.google.com/bot.html)"
66.249.64.31 - - [12/Jan/2014:23:18:34 -0500] "GET /robots.txt HTTP/1.1" 200 304 "-" "Mozilla/5.0 (compatible; Googlebot/2.1; +http://www.google.com/bot.html)"
66.249.76.134 - - [12/Jan/2014:23:18:34 -0500] "GET /index.php?option=com_content&view=frontpage&Itemid=80 HTTP/1.1" 200 12983 "-" "SAMSUNG-SGH-E250/1.0 Profile/MIDP-2.0 Configuration/CLDC-1.1 UP.Browser/6.2.3.3.c.1.101 (GUI) MMP/2.0 (compatible; Googlebot-Mobile/2.1; +http://www.google.com/bot.html)"
115.199.160.231 - - [13/Jan/2014:00:13:37 -0500] "GET // HTTP/1.1" 200 10686 "http://www.cardriverdata.com/" "Mozilla/4.0 (compatible; MSIE 5.00; Windows 98)"
208.115.111.75 - - [13/Jan/2014:00:18:40 -0500] "GET /robots.txt HTTP/1.1" 200 304 "-" "Mozilla/5.0 (compatible; Ezooms/1.0; help@moz.com)"
208.115.111.75 - - [13/Jan/2014:00:18:40 -0500] "GET /robots.txt HTTP/1.1" 200 304 "-" "Mozilla/5.0 (compatible; Ezooms/1.0; help@moz.com)"
208.115.113.91 - - [13/Jan/2014:00:24:24 -0500] "GET /index.php?option=com_content&view=article&id=47&Itemid=74 HTTP/1.1" 200 11870 "-" "Mozilla/5.0 (compatible; Ezooms/1.0; help@moz.com)"
208.115.113.91 - - [13/Jan/2014:00:24:26 -0500] "GET /index.php?option=com_content&view=article&id=55&Itemid=65 HTTP/1.1" 200 17912 "-" "Mozilla/5.0 (compatible; Ezooms/1.0; help@moz.com)"
208.115.113.91 - - [13/Jan/2014:00:24:33 -0500] "GET /index.php?option=com_mailto&tmpl=component&link=aHR0cDovL2NhcmRyaXZlcmRhdGEuY29tLy9pbmRleC5waHA/dmlldz1hcnRpY2xlJmlkPTUxJTNBV2VsY29tZSt0bytEcml2ZVJpZ2h0KzYwMGUrT0JEK1BhZ2Umb3B0aW9uPWNvbV9jb250ZW50Jkl0ZW1pZD0x HTTP/1.1" 200 3876 "-" "Mozilla/5.0 (compatible; Ezooms/1.0; help@moz.com)"
208.115.113.91 - - [13/Jan/2014:00:24:36 -0500] "GET /index.php?view=article&catid=35%3ADriveRight&id=51%3AWelcome+to+DriveRight+600e+OBD+Page&tmpl=component&print=1&page=&option=com_content&Itemid=1 HTTP/1.1" 200 9775 "-" "Mozilla/5.0 (compatible; Ezooms/1.0; help@moz.com)"
192.96.204.42 - - [13/Jan/2014:01:00:07 -0500] "HEAD / HTTP/1.1" 200 - "http://www.domaintuno.com/d/cardriverdata.com" "Mozilla/5.0 (Windows NT 5.1) AppleWebKit/537.36 (KHTML, like Gecko) Chrome/31.0.1650.16 Safari/537.36"
199.58.86.209 - - [13/Jan/2014:01:08:24 -0500] "GET /robots.txt HTTP/1.0" 200 304 "-" "Mozilla/5.0 (compatible; MJ12bot/v1.4.4; http://www.majestic12.co.uk/bot.php?+)"
199.58.86.209 - - [13/Jan/2014:01:08:25 -0500] "GET / HTTP/1.0" 200 10686 "-" "Mozilla/5.0 (compatible; MJ12bot/v1.4.4; http://www.majestic12.co.uk/bot.php?+)"
157.55.36.45 - - [13/Jan/2014:01:12:32 -0500] "GET /robots.txt HTTP/1.1" 200 304 "-" "Mozilla/5.0 (compatible; bingbot/2.0; +http://www.bing.com/bingbot.htm)"
157.55.36.45 - - [13/Jan/2014:01:14:32 -0500] "GET /index.php?option=com_content&view=article&id=71%3AFm2200&catid=41%3AGPS&Itemid=1 HTTP/1.1" 200 9056 "-" "Mozilla/5.0 (compatible; bingbot/2.0; +http://www.bing.com/bingbot.htm)"
208.115.111.75 - - [13/Jan/2014:01:58:45 -0500] "GET /index.php?view=article&catid=36%3ACarChip&id=50%3AWelcome+to+CarChip+Wireless+Solution&tmpl=component&print=1&page=&option=com_content&Itemid=54 HTTP/1.1" 200 12241 "-" "Mozilla/5.0 (compatible; Ezooms/1.0; help@moz.com)"
208.115.111.75 - - [13/Jan/2014:01:58:48 -0500] "GET /index.php?view=article&catid=38%3ASpeedSpy&id=45%3ASpeedSpy+Set-up+Procedures&tmpl=component&print=1&page=&option=com_content&Itemid=70 HTTP/1.1" 200 9411 "-" "Mozilla/5.0 (compatible; Ezooms/1.0; help@moz.com)"
208.115.113.91 - - [13/Jan/2014:02:25:43 -0500] "GET /robots.txt HTTP/1.1" 200 304 "-" "Mozilla/5.0 (compatible; Ezooms/1.0; help@moz.com)"
208.115.113.91 - - [13/Jan/2014:02:25:43 -0500] "GET /robots.txt HTTP/1.1" 200 304 "-" "Mozilla/5.0 (compatible; Ezooms/1.0; help@moz.com)"
180.76.5.59 - - [13/Jan/2014:02:28:49 -0500] "GET /index.php/index.php?option=com_content&view=article&id=46&Itemid=73 HTTP/1.1" 200 10658 "-" "Mozilla/5.0 (compatible; Baiduspider/2.0; +http://www.baidu.com/search/spider.html)"
218.30.103.61 - - [13/Jan/2014:02:50:57 -0500] "GET /robots.txt HTTP/1.1" 200 304 "-" "Sogou web spider/4.0(+http://www.sogou.com/docs/help/webmasters.htm#07)"
218.30.103.61 - - [13/Jan/2014:02:51:00 -0500] "GET / HTTP/1.1" 200 10682 "-" "Sogou web spider/4.0(+http://www.sogou.com/docs/help/webmasters.htm#07)"
66.249.64.32 - - [13/Jan/2014:03:33:59 -0500] "GET /index.php?option=com_content&view=article&id=49&Itemid=75 HTTP/1.1" 200 12144 "-" "SAMSUNG-SGH-E250/1.0 Profile/MIDP-2.0 Configuration/CLDC-1.1 UP.Browser/6.2.3.3.c.1.101 (GUI) MMP/2.0 (compatible; Googlebot-Mobile/2.1; +http://www.google.com/bot.html)"
180.76.5.154 - - [13/Jan/2014:03:36:30 -0500] "GET /index.php?view=article&catid=38%3ASpeedSpy&id=1%3Aspeedspy-vehicle-speed-monitoring&tmpl=component&print=1&page=&option=com_content&Itemid=63 HTTP/1.1" 200 7381 "-" "Mozilla/5.0 (compatible; Baiduspider/2.0; +http://www.baidu.com/search/spider.html)"
208.115.111.75 - - [13/Jan/2014:04:20:19 -0500] "GET /robots.txt HTTP/1.1" 200 304 "-" "Mozilla/5.0 (compatible; Ezooms/1.0; help@moz.com)"
208.115.113.91 - - [13/Jan/2014:04:24:08 -0500] "GET /index.php?option=com_content&view=article&catid=38%3ASpeedSpy&id=1%3Aspeedspy-vehicle-speed-monitoring&Itemid=63 HTTP/1.1" 200 12388 "-" "Mozilla/5.0 (compatible; Ezooms/1.0; help@moz.com)"
208.115.113.91 - - [13/Jan/2014:04:24:15 -0500] "GET /index.php?option=com_content&view=article&id=58&Itemid=79 HTTP/1.1" 200 10765 "-" "Mozilla/5.0 (compatible; Ezooms/1.0; help@moz.com)"
208.115.113.91 - - [13/Jan/2014:04:24:19 -0500] "GET /index.php?option=com_mailto&tmpl=component&link=aHR0cDovL2NhcmRyaXZlcmRhdGEuY29tLy9pbmRleC5waHA/dmlldz1hcnRpY2xlJmlkPTY1JTNBc2ltdWxhdG9ycyZvcHRpb249Y29tX2NvbnRlbnQmSXRlbWlkPTU1 HTTP/1.1" 200 3844 "-" "Mozilla/5.0 (compatible; Ezooms/1.0; help@moz.com)"
180.76.5.39 - - [13/Jan/2014:05:07:18 -0500] "GET /PDFS/8130_Manual.pdf HTTP/1.1" 200 353547 "-" "Mozilla/5.0 (compatible; Baiduspider/2.0; +http://www.baidu.com/search/spider.html)"
180.76.6.135 - - [13/Jan/2014:05:46:44 -0500] "GET /PDFS/8129_30_31_spec.pdf HTTP/1.1" 200 170372 "-" "Mozilla/5.0 (compatible; Baiduspider/2.0; +http://www.baidu.com/search/spider.html)"
208.115.111.75 - - [13/Jan/2014:05:48:36 -0500] "GET /index.php?option=com_content&view=article&id=46&Itemid=73 HTTP/1.1" 200 10658 "-" "Mozilla/5.0 (compatible; Ezooms/1.0; help@moz.com)"
208.115.111.75 - - [13/Jan/2014:05:48:39 -0500] "GET /index.php?view=article&catid=36%3ACarChip&id=19%3Acarchip-pro-series&tmpl=component&print=1&page=&option=com_content&Itemid=1 HTTP/1.1" 200 7688 "-" "Mozilla/5.0 (compatible; Ezooms/1.0; help@moz.com)"
157.55.33.31 - - [13/Jan/2014:06:04:50 -0500] "GET /robots.txt HTTP/1.1" 200 304 "-" "Mozilla/5.0 (compatible; bingbot/2.0; +http://www.bing.com/bingbot.htm)"
157.55.33.31 - - [13/Jan/2014:06:05:37 -0500] "GET / HTTP/1.1" 200 10682 "-" "Mozilla/5.0 (compatible; bingbot/2.0; +http://www.bing.com/bingbot.htm)"
61.135.190.219 - - [13/Jan/2014:06:29:52 -0500] "GET / HTTP/1.1" 200 10686 "http://www.baidu.com/s?wd=CardriverdataHomepage" "Mozilla/5.0 (Windows; U; Windows NT 5.1; zh-CN; rv:1.9.2.15) Gecko/20110303 Firefox/3.6.15"
61.135.190.224 - - [13/Jan/2014:06:29:52 -0500] "GET /media/system/js/mootools.js HTTP/1.1" 200 74404 "http://www.cardriverdata.com/" "Mozilla/5.0 (Windows; U; Windows NT 5.1; zh-CN; rv:1.9.2.15) Gecko/20110303 Firefox/3.6.15"
61.135.190.219 - - [13/Jan/2014:06:29:54 -0500] "GET /media/system/js/caption.js HTTP/1.1" 200 1837 "http://www.cardriverdata.com/" "Mozilla/5.0 (Windows; U; Windows NT 5.1; zh-CN; rv:1.9.2.15) Gecko/20110303 Firefox/3.6.15"
157.55.33.31 - - [13/Jan/2014:07:09:32 -0500] "GET /robots.txt HTTP/1.1" 200 304 "-" "Mozilla/5.0 (compatible; bingbot/2.0; +http://www.bing.com/bingbot.htm)"
157.55.33.31 - - [13/Jan/2014:07:11:44 -0500] "GET / HTTP/1.1" 200 10686 "-" "Mozilla/5.0 (compatible; bingbot/2.0; +http://www.bing.com/bingbot.htm)"
199.21.99.68 - - [13/Jan/2014:07:23:21 -0500] "GET /robots.txt HTTP/1.1" 200 304 "-" "Mozilla/5.0 (compatible; YandexBot/3.0; +http://yandex.com/bots)"
199.21.99.68 - - [13/Jan/2014:07:23:21 -0500] "GET /robots.txt HTTP/1.1" 200 304 "-" "Mozilla/5.0 (compatible; YandexBot/3.0; +http://yandex.com/bots)"
199.21.99.68 - - [13/Jan/2014:07:23:23 -0500] "GET / HTTP/1.1" 200 10686 "-" "Mozilla/5.0 (compatible; YandexBot/3.0; +http://yandex.com/bots)"
199.21.99.68 - - [13/Jan/2014:07:23:24 -0500] "GET / HTTP/1.1" 200 10682 "-" "Mozilla/5.0 (compatible; YandexBot/3.0; +http://yandex.com/bots)"
199.21.99.68 - - [13/Jan/2014:07:23:26 -0500] "GET / HTTP/1.1" 200 10682 "-" "Mozilla/5.0 (compatible; YandexBot/3.0; +http://yandex.com/bots)"
180.76.6.139 - - [13/Jan/2014:07:55:52 -0500] "GET /index.php?option=com_content&view=article&id=50&Itemid=55 HTTP/1.1" 200 17272 "-" "Mozilla/5.0 (compatible; Baiduspider/2.0; +http://www.baidu.com/search/spider.html)"
208.115.111.75 - - [13/Jan/2014:08:21:33 -0500] "GET /robots.txt HTTP/1.1" 200 304 "-" "Mozilla/5.0 (compatible; Ezooms/1.0; help@moz.com)"
222.239.162.7 - - [13/Jan/2014:08:22:44 -0500] "GET /robots.txt HTTP/1.1" 200 304 "http://search.daum.net/" "Mozilla/5.0 (compatible; MSIE or Firefox mutant; not on Windows server; + http://tab.search.daum.net/aboutWebSearch.html) Daumoa/3.0"
222.239.162.7 - - [13/Jan/2014:08:22:45 -0500] "GET / HTTP/1.1" 200 10682 "http://search.daum.net/" "Mozilla/5.0 (compatible; MSIE or Firefox mutant; not on Windows server; + http://tab.search.daum.net/aboutWebSearch.html) Daumoa/3.0"
180.76.6.153 - - [13/Jan/2014:08:41:02 -0500] "GET /PDFS/drive_Catalogs_%20Brochures_DriveRight_Catalog.pdf HTTP/1.1" 200 3687262 "-" "Mozilla/5.0 (compatible; Baiduspider/2.0; +http://www.baidu.com/search/spider.html)"
91.239.15.173 - - [13/Jan/2014:09:29:46 -0500] "GET /modules/mod_googleapi/mod_googleapi.php HTTP/1.1" 404 237 "-" "Mozilla/5.0 (Windows NT 6.1; rv:10.0.1) Gecko/20100101 Firefox/10.0.1"
208.115.111.75 - - [13/Jan/2014:10:01:30 -0500] "GET /index.php?option=com_content&view=article&catid=36%3ACarChip&id=50%3AWelcome+to+CarChip+Wireless+Solution&Itemid=54 HTTP/1.1" 200 17444 "-" "Mozilla/5.0 (compatible; Ezooms/1.0; help@moz.com)"
208.115.111.75 - - [13/Jan/2014:10:01:33 -0500] "GET /index.php?option=com_content&view=article&catid=39%3ATimed-Engine+Shut+Off&id=70%3ATeso&Itemid=1 HTTP/1.1" 200 11954 "-" "Mozilla/5.0 (compatible; Ezooms/1.0; help@moz.com)"
95.80.103.6 - - [13/Jan/2014:10:01:36 -0500] "GET / HTTP/1.1" 200 10682 "http://cardriverdata.com" "Mozilla/5.0 (Windows NT 6.1; WOW64; rv:7.0.1) Gecko/20100101 Firefox/7.0.1"
95.80.103.6 - - [13/Jan/2014:10:01:36 -0500] "GET /wp-login.php HTTP/1.1" 404 210 "cardriverdata.com" "Mozilla/5.0 (Windows NT 6.1; WOW64; rv:7.0.1) Gecko/20100101 Firefox/7.0.1"
66.249.66.205 - - [13/Jan/2014:10:37:11 -0500] "GET /robots.txt HTTP/1.1" 200 304 "-" "Mozilla/5.0 (compatible; Googlebot/2.1; +http://www.google.com/bot.html)"
66.249.66.205 - - [13/Jan/2014:10:37:11 -0500] "GET /index.php?option=com_content&view=article&id=61&Itemid=67 HTTP/1.1" 200 21398 "-" "Mozilla/5.0 (iPhone; CPU iPhone OS 6_0 like Mac OS X) AppleWebKit/536.26 (KHTML, like Gecko) Version/6.0 Mobile/10A5376e Safari/8536.25 (compatible; Googlebot-Mobile/2.1; +http://www.google.com/bot.html)"
199.21.99.68 - - [13/Jan/2014:11:47:28 -0500] "GET /index.php?option=com_content&view=article&id=65&Itemid=83 HTTP/1.1" 200 10004 "-" "Mozilla/5.0 (compatible; YandexBot/3.0; +http://yandex.com/bots)"
199.21.99.68 - - [13/Jan/2014:13:02:31 -0500] "GET /robots.txt HTTP/1.1" 200 304 "-" "Mozilla/5.0 (compatible; YandexBot/3.0; +http://yandex.com/bots)"
199.21.99.68 - - [13/Jan/2014:13:02:33 -0500] "GET /index.php/images/product_images/fms2.png HTTP/1.1" 200 10686 "-" "Mozilla/5.0 (compatible; YandexImages/3.0; +http://yandex.com/bots)"
180.76.5.39 - - [13/Jan/2014:13:49:57 -0500] "GET /robots.txt HTTP/1.1" 200 304 "-" "Mozilla/5.0 (Windows NT 5.1; rv:6.0.2) Gecko/20100101 Firefox/6.0.2"
213.238.175.38 - - [13/Jan/2014:14:26:06 -0500] "GET /administrator/index.php?option=com_login HTTP/1.1" 200 5401 "-" "Mozilla/4.0"
213.238.175.38 - - [13/Jan/2014:14:26:07 -0500] "POST /administrator/index.php HTTP/1.1" 200 5441 "http://cardriverdata.com/administrator/index.php?option=com_login" "Mozilla/4.0"
208.115.113.91 - - [13/Jan/2014:14:26:21 -0500] "GET /robots.txt HTTP/1.1" 200 304 "-" "Mozilla/5.0 (compatible; Ezooms/1.0; help@moz.com)"
208.115.113.91 - - [13/Jan/2014:14:26:21 -0500] "GET /robots.txt HTTP/1.1" 200 304 "-" "Mozilla/5.0 (compatible; Ezooms/1.0; help@moz.com)"
180.76.5.171 - - [13/Jan/2014:14:30:28 -0500] "GET /index.php?view=article&catid=37%3Avcount-ii&id=14%3Avcount-ii&tmpl=component&print=1&page=&option=com_content&Itemid=66 HTTP/1.1" 200 10593 "-" "Mozilla/5.0 (compatible; Baiduspider/2.0; +http://www.baidu.com/search/spider.html)"
188.165.243.45 - - [13/Jan/2014:14:34:23 -0500] "GET /administrator/index.php HTTP/1.1" 200 5405 "http://www.cardriverdata.com/administrator/index.php" "Mozilla/4.0 (compatible; MSIE 6.0; Windows NT 5.1; SV1)"
188.165.243.45 - - [13/Jan/2014:14:34:23 -0500] "POST /administrator/index.php HTTP/1.1" 200 5445 "http://www.cardriverdata.com/administrator/index.php" "Mozilla/4.0 (compatible; MSIE 6.0; Windows NT 5.1; SV1)"
213.238.175.53 - - [13/Jan/2014:14:58:37 -0500] "GET /administrator/index.php?option=com_login HTTP/1.1" 200 5401 "-" "Mozilla/4.0"
213.238.175.53 - - [13/Jan/2014:14:58:37 -0500] "POST /administrator/index.php HTTP/1.1" 200 5441 "http://cardriverdata.com/administrator/index.php?option=com_login" "Mozilla/4.0"
180.76.6.66 - - [13/Jan/2014:15:12:05 -0500] "GET /robots.txt HTTP/1.1" 200 304 "-" "Mozilla/5.0 (Windows NT 5.1; rv:6.0.2) Gecko/20100101 Firefox/6.0.2"
146.0.74.28 - - [13/Jan/2014:15:35:19 -0500] "GET /administrator/index.php?option=com_login HTTP/1.1" 200 5401 "-" "Mozilla/4.0"
146.0.74.28 - - [13/Jan/2014:15:35:20 -0500] "POST /administrator/index.php HTTP/1.1" 200 5441 "http://cardriverdata.com/administrator/index.php?option=com_login" "Mozilla/4.0"
146.0.74.206 - - [13/Jan/2014:16:11:15 -0500] "GET /administrator/index.php?option=com_login HTTP/1.1" 200 5401 "-" "Mozilla/4.0"
146.0.74.206 - - [13/Jan/2014:16:11:15 -0500] "POST /administrator/index.php HTTP/1.1" 200 5441 "http://cardriverdata.com/administrator/index.php?option=com_login" "Mozilla/4.0"
199.21.99.68 - - [13/Jan/2014:16:17:28 -0500] "GET /index.php/images/product_images/carchip-fleet.png HTTP/1.1" 200 10686 "-" "Mozilla/5.0 (compatible; YandexImages/3.0; +http://yandex.com/bots)"
208.115.111.75 - - [13/Jan/2014:16:21:46 -0500] "GET /robots.txt HTTP/1.1" 200 304 "-" "Mozilla/5.0 (compatible; Ezooms/1.0; help@moz.com)"
208.115.113.91 - - [13/Jan/2014:16:24:52 -0500] "GET /index.php?option=com_content&view=article&catid=38%3ASpeedSpy&id=45%3ASpeedSpy+Set-up+Procedures&Itemid=1 HTTP/1.1" 200 16319 "-" "Mozilla/5.0 (compatible; Ezooms/1.0; help@moz.com)"
208.115.113.91 - - [13/Jan/2014:16:24:54 -0500] "GET /index.php?view=article&catid=36%3ACarChip&id=49%3AWelcome+to+CarChip+GPS+System&tmpl=component&print=1&page=&option=com_content&Itemid=75 HTTP/1.1" 200 7135 "-" "Mozilla/5.0 (compatible; Ezooms/1.0; help@moz.com)"
208.115.113.91 - - [13/Jan/2014:16:24:57 -0500] "GET /index.php?option=com_content&view=article&catid=36%3ACarChip&id=49%3AWelcome+to+CarChip+GPS+System&Itemid=54 HTTP/1.1" 200 12850 "-" "Mozilla/5.0 (compatible; Ezooms/1.0; help@moz.com)"
208.115.113.91 - - [13/Jan/2014:16:24:59 -0500] "GET /index.php?option=com_content&view=article&catid=36%3ACarChip&id=66%3Adpr&Itemid=1 HTTP/1.1" 200 12309 "-" "Mozilla/5.0 (compatible; Ezooms/1.0; help@moz.com)"
208.115.113.91 - - [13/Jan/2014:16:25:02 -0500] "GET /index.php?option=com_content&view=article&id=62&Itemid=60 HTTP/1.1" 200 11049 "-" "Mozilla/5.0 (compatible; Ezooms/1.0; help@moz.com)"
208.115.113.91 - - [13/Jan/2014:16:25:07 -0500] "GET /index.php?option=com_mailto&tmpl=component&link=aHR0cDovL3d3dy5jYXJkcml2ZXJkYXRhLmNvbS8vaW5kZXgucGhwP3ZpZXc9YXJ0aWNsZSZpZD00OSUzQVdlbGNvbWUrdG8rQ2FyQ2hpcCtHUFMrU3lzdGVtJm9wdGlvbj1jb21fY29udGVudCZJdGVtaWQ9NzU= HTTP/1.1" 200 3876 "-" "Mozilla/5.0 (compatible; Ezooms/1.0; help@moz.com)"
208.115.113.91 - - [13/Jan/2014:16:25:08 -0500] "GET /index.php?option=com_user&view=reset HTTP/1.1" 200 7634 "-" "Mozilla/5.0 (compatible; Ezooms/1.0; help@moz.com)"
157.55.32.225 - - [13/Jan/2014:16:28:52 -0500] "GET /robots.txt HTTP/1.1" 200 304 "-" "Mozilla/5.0 (compatible; bingbot/2.0; +http://www.bing.com/bingbot.htm)"
66.249.66.205 - - [13/Jan/2014:16:36:44 -0500] "GET /index.php?option=com_content&view=article&id=59&Itemid=30 HTTP/1.1" 200 8910 "-" "Mozilla/5.0 (iPhone; CPU iPhone OS 6_0 like Mac OS X) AppleWebKit/536.26 (KHTML, like Gecko) Version/6.0 Mobile/10A5376e Safari/8536.25 (compatible; Googlebot-Mobile/2.1; +http://www.google.com/bot.html)"
157.55.32.225 - - [13/Jan/2014:16:41:15 -0500] "GET /PDFS/SmartCardSysFor600EUG.pdf HTTP/1.1" 200 671350 "-" "Mozilla/5.0 (compatible; bingbot/2.0; +http://www.bing.com/bingbot.htm)"
213.238.175.32 - - [13/Jan/2014:16:45:40 -0500] "GET /administrator/index.php?option=com_login HTTP/1.1" 200 5401 "-" "Mozilla/4.0"
213.238.175.32 - - [13/Jan/2014:16:45:40 -0500] "POST /administrator/index.php HTTP/1.1" 200 5441 "http://cardriverdata.com/administrator/index.php?option=com_login" "Mozilla/4.0"
180.76.5.57 - - [13/Jan/2014:16:48:44 -0500] "GET /PDFS/8186_FMS_OnlineHelp_7395-194H.pdf HTTP/1.1" 304 - "-" "Mozilla/5.0 (Windows NT 5.1; rv:6.0.2) Gecko/20100101 Firefox/6.0.2"
213.238.175.34 - - [13/Jan/2014:17:23:22 -0500] "GET /administrator/index.php?option=com_login HTTP/1.1" 200 5401 "-" "Mozilla/4.0"
213.238.175.34 - - [13/Jan/2014:17:23:22 -0500] "POST /administrator/index.php HTTP/1.1" 200 5441 "http://cardriverdata.com/administrator/index.php?option=com_login" "Mozilla/4.0"
66.249.66.205 - - [13/Jan/2014:17:31:57 -0500] "GET /index.php?option=com_content&view=article&catid=36%3ACarChip&id=46%3ACarChip+Pro+-+08226&Itemid=54 HTTP/1.1" 200 11169 "-" "Mozilla/5.0 (iPhone; CPU iPhone OS 6_0 like Mac OS X) AppleWebKit/536.26 (KHTML, like Gecko) Version/6.0 Mobile/10A5376e Safari/8536.25 (compatible; Googlebot-Mobile/2.1; +http://www.google.com/bot.html)"
66.249.66.205 - - [13/Jan/2014:17:35:00 -0500] "GET / HTTP/1.1" 200 10686 "-" "Mozilla/5.0 (compatible; Googlebot/2.1; +http://www.google.com/bot.html)"
66.249.66.205 - - [13/Jan/2014:17:35:54 -0500] "GET /index.php?option=com_user&view=reset HTTP/1.1" 200 7634 "-" "Mozilla/5.0 (iPhone; CPU iPhone OS 6_0 like Mac OS X) AppleWebKit/536.26 (KHTML, like Gecko) Version/6.0 Mobile/10A5376e Safari/8536.25 (compatible; Googlebot-Mobile/2.1; +http://www.google.com/bot.html)"
66.249.66.205 - - [13/Jan/2014:17:39:47 -0500] "GET /index.php?view=article&catid=39%3ATimed-Engine+Shut+Off&id=16%3Ateso&tmpl=component&print=1&page=&option=com_content&Itemid=1 HTTP/1.1" 200 2789 "-" "Mozilla/5.0 (iPhone; CPU iPhone OS 6_0 like Mac OS X) AppleWebKit/536.26 (KHTML, like Gecko) Version/6.0 Mobile/10A5376e Safari/8536.25 (compatible; Googlebot-Mobile/2.1; +http://www.google.com/bot.html)"
31.184.236.15 - - [13/Jan/2014:17:47:57 -0500] "GET / HTTP/1.0" 200 10682 "cardriverdata.com/" "Mozilla/4.0 (compatible; MSIE 6.0; Windows 98; Win 9x 4.90)"
208.115.111.75 - - [13/Jan/2014:17:53:51 -0500] "GET /index.php?option=com_mailto&tmpl=component&link=aHR0cDovL2NhcmRyaXZlcmRhdGEuY29tLy9pbmRleC5waHA/dmlldz1hcnRpY2xlJmlkPTYlM0FjYXJjaGlwLXBybyZvcHRpb249Y29tX2NvbnRlbnQmSXRlbWlkPTU1 HTTP/1.1" 200 3844 "-" "Mozilla/5.0 (compatible; Ezooms/1.0; help@moz.com)"
208.115.111.75 - - [13/Jan/2014:17:53:55 -0500] "GET /index.php?view=article&catid=38%3ASpeedSpy&id=45%3ASpeedSpy+Set-up+Procedures&tmpl=component&print=1&page=&option=com_content&Itemid=70 HTTP/1.1" 200 9411 "-" "Mozilla/5.0 (compatible; Ezooms/1.0; help@moz.com)"
65.55.24.243 - - [13/Jan/2014:18:07:10 -0500] "GET /robots.txt HTTP/1.1" 200 304 "-" "Mozilla/5.0 (compatible; bingbot/2.0; +http://www.bing.com/bingbot.htm)"
65.55.24.243 - - [13/Jan/2014:18:09:34 -0500] "GET / HTTP/1.1" 200 10682 "-" "Mozilla/5.0 (compatible; bingbot/2.0; +http://www.bing.com/bingbot.htm)"
208.115.113.91 - - [13/Jan/2014:18:22:25 -0500] "GET /robots.txt HTTP/1.1" 200 304 "-" "Mozilla/5.0 (compatible; Ezooms/1.0; help@moz.com)"
208.115.113.91 - - [13/Jan/2014:18:22:25 -0500] "GET /robots.txt HTTP/1.1" 200 304 "-" "Mozilla/5.0 (compatible; Ezooms/1.0; help@moz.com)"
199.21.99.68 - - [13/Jan/2014:18:35:40 -0500] "GET /index.php/images/product_images/wireless-solution.png HTTP/1.1" 200 10686 "-" "Mozilla/5.0 (compatible; YandexImages/3.0; +http://yandex.com/bots)"
91.239.15.173 - - [13/Jan/2014:18:49:19 -0500] "GET /modules/mod_media_style/mod_media_style.php HTTP/1.1" 404 241 "-" "Mozilla/5.0 (Windows NT 6.1; rv:10.0.1) Gecko/20100101 Firefox/10.0.1"
199.21.99.68 - - [13/Jan/2014:18:49:47 -0500] "GET /index.php/images/product_images/base-station.png HTTP/1.1" 200 10686 "-" "Mozilla/5.0 (compatible; YandexImages/3.0; +http://yandex.com/bots)"
199.21.99.68 - - [13/Jan/2014:18:57:46 -0500] "GET /index.php/images/product_images/fleet-manager2.png HTTP/1.1" 200 10686 "-" "Mozilla/5.0 (compatible; YandexImages/3.0; +http://yandex.com/bots)"
65.55.24.243 - - [13/Jan/2014:19:10:37 -0500] "GET /robots.txt HTTP/1.1" 200 304 "-" "Mozilla/5.0 (compatible; bingbot/2.0; +http://www.bing.com/bingbot.htm)"
65.55.24.243 - - [13/Jan/2014:19:11:11 -0500] "GET / HTTP/1.1" 200 10686 "-" "Mozilla/5.0 (compatible; bingbot/2.0; +http://www.bing.com/bingbot.htm)"
50.175.160.83 - - [13/Jan/2014:19:21:34 -0500] "GET /newCardriverdatahome/images/carchip08211.jpg HTTP/1.1" 404 242 "http://volvospeed.com/vs_forum/topic/116627-1994-850-has-obd2-port-and-the-two-boxes-under-the-hood/" "Mozilla/5.0 (Windows NT 6.1; WOW64; rv:26.0) Gecko/20100101 Firefox/26.0"
187.95.248.189 - - [13/Jan/2014:19:23:41 -0500] "GET /index.php?option=com_user&view=reset&layout=confirm HTTP/1.1" 200 7580 "-" "-"
187.95.248.189 - - [13/Jan/2014:19:23:43 -0500] "POST /index.php HTTP/1.1" 301 - "-" "-"
187.95.248.189 - - [13/Jan/2014:19:23:43 -0500] "GET /index.php?option=com_user&view=reset&layout=complete HTTP/1.1" 200 7764 "-" "-"
187.95.248.189 - - [13/Jan/2014:19:23:44 -0500] "POST /index.php HTTP/1.1" 301 - "-" "-"
187.95.248.189 - - [13/Jan/2014:19:23:44 -0500] "GET /index.php?option=com_user&view=login HTTP/1.1" 200 8084 "-" "-"
188.165.243.45 - - [13/Jan/2014:19:31:15 -0500] "GET /administrator/index.php HTTP/1.1" 200 5405 "http://www.cardriverdata.com/administrator/index.php" "Mozilla/4.0 (compatible; MSIE 6.0; Windows NT 5.1; SV1)"
188.165.243.45 - - [13/Jan/2014:19:31:15 -0500] "POST /administrator/index.php HTTP/1.1" 200 5445 "http://www.cardriverdata.com/administrator/index.php" "Mozilla/4.0 (compatible; MSIE 6.0; Windows NT 5.1; SV1)"
66.249.66.205 - - [13/Jan/2014:19:51:28 -0500] "GET / HTTP/1.1" 200 10686 "-" "SAMSUNG-SGH-E250/1.0 Profile/MIDP-2.0 Configuration/CLDC-1.1 UP.Browser/6.2.3.3.c.1.101 (GUI) MMP/2.0 (compatible; Googlebot-Mobile/2.1; +http://www.google.com/bot.html)"
199.21.99.68 - - [13/Jan/2014:19:55:58 -0500] "GET /index.php/images/product_images/on-board-module.png HTTP/1.1" 200 10686 "-" "Mozilla/5.0 (compatible; YandexImages/3.0; +http://yandex.com/bots)"
208.115.113.91 - - [13/Jan/2014:20:20:12 -0500] "GET /index.php?option=com_content&view=article&id=51&Itemid=57 HTTP/1.1" 200 14375 "-" "Mozilla/5.0 (compatible; Ezooms/1.0; help@moz.com)"
208.115.113.91 - - [13/Jan/2014:20:20:19 -0500] "GET /index.php?option=com_content&view=article&catid=35%3ADriveRight&id=52%3AWelcome+to+DriveRight+600e+VSS+Page&Itemid=1 HTTP/1.1" 200 14523 "-" "Mozilla/5.0 (compatible; Ezooms/1.0; help@moz.com)"
208.115.113.91 - - [13/Jan/2014:20:20:27 -0500] "GET /index.php?option=com_content&view=article&catid=36%3ACarChip&id=49%3AWelcome+to+CarChip+GPS+System&Itemid=1 HTTP/1.1" 200 14394 "-" "Mozilla/5.0 (compatible; Ezooms/1.0; help@moz.com)"
208.115.111.75 - - [13/Jan/2014:20:21:19 -0500] "GET /robots.txt HTTP/1.1" 200 304 "-" "Mozilla/5.0 (compatible; Ezooms/1.0; help@moz.com)"
208.115.111.75 - - [13/Jan/2014:20:21:19 -0500] "GET /robots.txt HTTP/1.1" 200 304 "-" "Mozilla/5.0 (compatible; Ezooms/1.0; help@moz.com)"
199.21.99.68 - - [13/Jan/2014:20:27:13 -0500] "GET /index.php/images/product_images/config-cable.png HTTP/1.1" 200 10686 "-" "Mozilla/5.0 (compatible; YandexImages/3.0; +http://yandex.com/bots)"
187.95.248.189 - - [13/Jan/2014:20:41:06 -0500] "GET /index.php?option=com_user&view=reset&layout=confirm HTTP/1.1" 200 7580 "-" "-"
187.95.248.189 - - [13/Jan/2014:20:41:07 -0500] "POST /index.php HTTP/1.1" 301 - "-" "-"
187.95.248.189 - - [13/Jan/2014:20:41:07 -0500] "GET /index.php?option=com_user&view=reset&layout=complete HTTP/1.1" 200 7764 "-" "-"
187.95.248.189 - - [13/Jan/2014:20:41:08 -0500] "POST /index.php HTTP/1.1" 301 - "-" "-"
187.95.248.189 - - [13/Jan/2014:20:41:08 -0500] "GET /index.php?option=com_user&view=login HTTP/1.1" 200 8084 "-" "-"
208.115.111.75 - - [13/Jan/2014:21:56:09 -0500] "GET /index.php?option=com_mailto&tmpl=component&link=aHR0cDovL2NhcmRyaXZlcmRhdGEuY29tLy9pbmRleC5waHA/dmlldz1hcnRpY2xlJmlkPTcwJTNBVGVzbyZvcHRpb249Y29tX2NvbnRlbnQmSXRlbWlkPTE= HTTP/1.1" 200 3836 "-" "Mozilla/5.0 (compatible; Ezooms/1.0; help@moz.com)"
