208.115.111.75 - - [13/Jan/2014:21:56:11 -0500] "GET /index.php?view=article&id=59%3AContact+Us&tmpl=component&print=1&page=&option=com_content&Itemid=30 HTTP/1.1" 200 3955 "-" "Mozilla/5.0 (compatible; Ezooms/1.0; help@moz.com)"
208.115.111.75 - - [13/Jan/2014:21:56:13 -0500] "GET /index.php?view=article&catid=36%3ACarChip&id=66%3Adpr&tmpl=component&print=1&page=&option=com_content&Itemid=54 HTTP/1.1" 200 5224 "-" "Mozilla/5.0 (compatible; Ezooms/1.0; help@moz.com)"
66.249.66.205 - - [13/Jan/2014:22:12:52 -0500] "GET / HTTP/1.1" 200 10686 "-" "Mozilla/5.0 (iPhone; CPU iPhone OS 6_0 like Mac OS X) AppleWebKit/536.26 (KHTML, like Gecko) Version/6.0 Mobile/10A5376e Safari/8536.25 (compatible; Googlebot-Mobile/2.1; +http://www.google.com/bot.html)"
89.189.191.30 - - [13/Jan/2014:22:13:13 -0500] "GET /?-s+%3D HTTP/1.0" 200 10686 "http://www.cardriverdata.com/?-s+%3D" "Mozilla/4.0 (compatible; MSIE 6.0; Windows 98; Win 9x 4.90)"
208.115.113.91 - - [13/Jan/2014:22:24:14 -0500] "GET /robots.txt HTTP/1.1" 200 304 "-" "Mozilla/5.0 (compatible; Ezooms/1.0; help@moz.com)"
208.115.113.91 - - [13/Jan/2014:22:24:14 -0500] "GET /robots.txt HTTP/1.1" 200 304 "-" "Mozilla/5.0 (compatible; Ezooms/1.0; help@moz.com)"
187.95.248.189 - - [13/Jan/2014:22:47:32 -0500] "GET /administrator/index.php HTTP/1.1" 200 5401 "-" "-"
187.95.248.189 - - [13/Jan/2014:23:01:59 -0500] "GET /administrator/index.php HTTP/1.1" 200 5405 "-" "-"
93.179.69.215 - - [13/Jan/2014:23:57:22 -0500] "GET / HTTP/1.1" 200 10682 "-" "Mozilla/5.0 (Windows NT 6.1; WOW64) AppleWebKit/535.11 (KHTML, like Gecko) Chrome/17.0.963.56 Safari/535.11"
208.115.111.75 - - [14/Jan/2014:00:20:40 -0500] "GET /robots.txt HTTP/1.1" 200 304 "-" "Mozilla/5.0 (compatible; Ezooms/1.0; help@moz.com)"
208.115.111.75 - - [14/Jan/2014:00:20:40 -0500] "GET /robots.txt HTTP/1.1" 200 304 "-" "Mozilla/5.0 (compatible; Ezooms/1.0; help@moz.com)"
208.115.113.91 - - [14/Jan/2014:00:21:08 -0500] "GET /index.php?option=com_content&view=article&catid=36%3ACarChip&id=50%3AWelcome+to+CarChip+Wireless+Solution&Itemid=55 HTTP/1.1" 200 17272 "-" "Mozilla/5.0 (compatible; Ezooms/1.0; help@moz.com)"
208.115.113.91 - - [14/Jan/2014:00:21:13 -0500] "GET /index.php?view=article&catid=36%3ACarChip&id=50%3AWelcome+to+CarChip+Wireless+Solution&tmpl=component&print=1&page=&option=com_content&Itemid=55 HTTP/1.1" 200 12241 "-" "Mozilla/5.0 (compatible; Ezooms/1.0; help@moz.com)"
188.165.243.45 - - [14/Jan/2014:00:22:19 -0500] "GET /administrator/index.php HTTP/1.1" 200 5405 "http://www.cardriverdata.com/administrator/index.php" "Mozilla/4.0 (compatible; MSIE 6.0; Windows NT 5.1; SV1)"
188.165.243.45 - - [14/Jan/2014:00:22:19 -0500] "POST /administrator/index.php HTTP/1.1" 200 5445 "http://www.cardriverdata.com/administrator/index.php" "Mozilla/4.0 (compatible; MSIE 6.0; Windows NT 5.1; SV1)"
64.246.165.140 - - [14/Jan/2014:01:13:18 -0500] "GET /robots.txt HTTP/1.0" 200 304 "-" "Mozilla/5.0 (Windows; U; Windows NT 5.1; en; rv:1.9.0.13) Gecko/2009073022 Firefox/3.5.2 (.NET CLR 3.5.30729) SurveyBot/2.3 (DomainTools)"
64.246.165.140 - - [14/Jan/2014:01:13:18 -0500] "GET / HTTP/1.1" 200 10686 "http://whois.domaintools.com/cardriverdata.com" "Mozilla/5.0 (Windows; U; Windows NT 5.1; en; rv:1.9.0.13) Gecko/2009073022 Firefox/3.5.2 (.NET CLR 3.5.30729) SurveyBot/2.3 (DomainTools)"
208.115.111.75 - - [14/Jan/2014:01:42:54 -0500] "GET /index.php?view=article&catid=36%3ACarChip&id=48%3ACarChip+Fleet+Pro+Vehicle+Monitoring+Sytem&tmpl=component&print=1&page=&option=com_content&Itemid=55 HTTP/1.1" 200 8936 "-" "Mozilla/5.0 (compatible; Ezooms/1.0; help@moz.com)"
208.115.111.75 - - [14/Jan/2014:01:42:59 -0500] "GET /index.php?option=com_content&view=frontpage&Itemid=80&format=feed&type=rss HTTP/1.1" 200 4018 "-" "Mozilla/5.0 (compatible; Ezooms/1.0; help@moz.com)"
208.115.111.75 - - [14/Jan/2014:01:43:02 -0500] "GET /index.php?view=article&catid=36%3ACarChip&id=49%3AWelcome+to+CarChip+GPS+System&tmpl=component&print=1&page=&option=com_content&Itemid=54 HTTP/1.1" 200 7658 "-" "Mozilla/5.0 (compatible; Ezooms/1.0; help@moz.com)"
180.76.6.142 - - [14/Jan/2014:02:09:38 -0500] "GET /PDFS/8131_manual.pdf HTTP/1.1" 200 81578 "-" "Mozilla/5.0 (compatible; Baiduspider/2.0; +http://www.baidu.com/search/spider.html)"
202.46.48.32 - - [14/Jan/2014:02:10:49 -0500] "GET / HTTP/1.1" 200 10682 "-" "Mozilla/5.0 (Windows NT 6.1; rv:16.0) Gecko/20100101 Firefox/16.0"
208.115.113.91 - - [14/Jan/2014:02:23:23 -0500] "GET /robots.txt HTTP/1.1" 200 304 "-" "Mozilla/5.0 (compatible; Ezooms/1.0; help@moz.com)"
208.115.113.91 - - [14/Jan/2014:02:23:23 -0500] "GET /robots.txt HTTP/1.1" 200 304 "-" "Mozilla/5.0 (compatible; Ezooms/1.0; help@moz.com)"
162.210.196.130 - - [14/Jan/2014:02:48:04 -0500] "GET /robots.txt HTTP/1.0" 200 304 "-" "Mozilla/5.0 (compatible; MJ12bot/v1.4.4; http://www.majestic12.co.uk/bot.php?+)"
162.210.196.130 - - [14/Jan/2014:02:48:05 -0500] "GET /index.php?option=com_content&view=article&id=58&Itemid=79 HTTP/1.0" 200 10765 "-" "Mozilla/5.0 (compatible; MJ12bot/v1.4.4; http://www.majestic12.co.uk/bot.php?+)"
162.210.196.130 - - [14/Jan/2014:02:48:07 -0500] "GET /index.php?view=article&id=58:Welcome%20to%20Cardriverdata%20Homepage&tmpl=component&print=1&page= HTTP/1.0" 200 5769 "-" "Mozilla/5.0 (compatible; MJ12bot/v1.4.4; http://www.majestic12.co.uk/bot.php?+)"
199.192.207.146 - - [14/Jan/2014:02:50:32 -0500] "GET /robots.txt HTTP/1.0" 200 304 "-" "Mozilla/5.0 (compatible; MJ12bot/v1.4.4; http://www.majestic12.co.uk/bot.php?+)"
199.192.207.146 - - [14/Jan/2014:02:50:33 -0500] "GET / HTTP/1.0" 200 10686 "-" "Mozilla/5.0 (compatible; MJ12bot/v1.4.4; http://www.majestic12.co.uk/bot.php?+)"
66.249.66.205 - - [14/Jan/2014:03:36:00 -0500] "GET /index.php?view=article&catid=36%3ACarChip&id=46%3ACarChip+Pro+-+08226&tmpl=component&print=1&page=&option=com_content&Itemid=73 HTTP/1.1" 200 5494 "-" "SAMSUNG-SGH-E250/1.0 Profile/MIDP-2.0 Configuration/CLDC-1.1 UP.Browser/6.2.3.3.c.1.101 (GUI) MMP/2.0 (compatible; Googlebot-Mobile/2.1; +http://www.google.com/bot.html)"
208.115.113.91 - - [14/Jan/2014:04:19:17 -0500] "GET /index.php?option=com_content&view=article&catid=36%3ACarChip&id=6%3Acarchip-pro&Itemid=54 HTTP/1.1" 200 7701 "-" "Mozilla/5.0 (compatible; Ezooms/1.0; help@moz.com)"
208.115.113.91 - - [14/Jan/2014:04:19:21 -0500] "GET /index.php?view=article&catid=36%3ACarChip&id=6%3Acarchip-pro&tmpl=component&print=1&page=&option=com_content&Itemid=55 HTTP/1.1" 200 2560 "-" "Mozilla/5.0 (compatible; Ezooms/1.0; help@moz.com)"
208.115.111.75 - - [14/Jan/2014:04:22:49 -0500] "GET /robots.txt HTTP/1.1" 200 304 "-" "Mozilla/5.0 (compatible; Ezooms/1.0; help@moz.com)"
187.40.41.205 - - [14/Jan/2014:04:28:27 -0500] "GET /administrator/index.php HTTP/1.1" 200 5401 "-" "-"
157.56.93.63 - - [14/Jan/2014:04:54:20 -0500] "GET /robots.txt HTTP/1.1" 200 304 "-" "Mozilla/5.0 (compatible; bingbot/2.0; +http://www.bing.com/bingbot.htm)"
157.56.93.63 - - [14/Jan/2014:04:56:57 -0500] "GET / HTTP/1.1" 200 10682 "-" "Mozilla/5.0 (compatible; bingbot/2.0; +http://www.bing.com/bingbot.htm)"
188.165.243.45 - - [14/Jan/2014:05:48:59 -0500] "GET /administrator/index.php HTTP/1.1" 200 5405 "http://www.cardriverdata.com/administrator/index.php" "Mozilla/4.0 (compatible; MSIE 6.0; Windows NT 5.1; SV1)"
188.165.243.45 - - [14/Jan/2014:05:48:59 -0500] "POST /administrator/index.php HTTP/1.1" 200 5445 "http://www.cardriverdata.com/administrator/index.php" "Mozilla/4.0 (compatible; MSIE 6.0; Windows NT 5.1; SV1)"
208.115.111.75 - - [14/Jan/2014:05:54:48 -0500] "GET /index.php?option=com_mailto&tmpl=component&link=aHR0cDovL3d3dy5jYXJkcml2ZXJkYXRhLmNvbS8vaW5kZXgucGhwP3ZpZXc9YXJ0aWNsZSZpZD00NSUzQVNwZWVkU3B5K1NldC11cCtQcm9jZWR1cmVzJm9wdGlvbj1jb21fY29udGVudCZJdGVtaWQ9NjM= HTTP/1.1" 200 3872 "-" "Mozilla/5.0 (compatible; Ezooms/1.0; help@moz.com)"
157.56.93.63 - - [14/Jan/2014:06:07:03 -0500] "GET /robots.txt HTTP/1.1" 200 304 "-" "Mozilla/5.0 (compatible; bingbot/2.0; +http://www.bing.com/bingbot.htm)"
157.56.93.63 - - [14/Jan/2014:06:14:42 -0500] "GET / HTTP/1.1" 200 10686 "-" "Mozilla/5.0 (compatible; bingbot/2.0; +http://www.bing.com/bingbot.htm)"
208.115.113.91 - - [14/Jan/2014:06:21:45 -0500] "GET /robots.txt HTTP/1.1" 200 304 "-" "Mozilla/5.0 (compatible; Ezooms/1.0; help@moz.com)"
61.135.190.224 - - [14/Jan/2014:06:29:58 -0500] "GET / HTTP/1.1" 200 10686 "http://www.baidu.com/s?wd=CardriverdataHomepage" "Mozilla/5.0 (Windows; U; Windows NT 5.1; zh-CN; rv:1.9.2.15) Gecko/20110303 Firefox/3.6.15"
61.135.190.220 - - [14/Jan/2014:06:29:59 -0500] "GET /media/system/js/mootools.js HTTP/1.1" 200 74404 "http://www.cardriverdata.com/" "Mozilla/5.0 (Windows; U; Windows NT 5.1; zh-CN; rv:1.9.2.15) Gecko/20110303 Firefox/3.6.15"
61.135.190.220 - - [14/Jan/2014:06:30:01 -0500] "GET /media/system/js/caption.js HTTP/1.1" 200 1837 "http://www.cardriverdata.com/" "Mozilla/5.0 (Windows; U; Windows NT 5.1; zh-CN; rv:1.9.2.15) Gecko/20110303 Firefox/3.6.15"
46.229.164.101 - - [14/Jan/2014:07:05:23 -0500] "GET /robots.txt HTTP/1.1" 200 304 "-" "Mozilla/5.0 (compatible; SemrushBot/0.97; +http://www.semrush.com/bot.html)"
188.165.243.45 - - [14/Jan/2014:07:19:54 -0500] "GET /administrator/index.php/ HTTP/1.1" 200 5401 "-" "Mozilla/5.0 (Windows NT 6.1) AppleWebKit/537.1 (KHTML, like Gecko) Chrome/24.0.1290.1 Safari/537.13"
188.165.243.45 - - [14/Jan/2014:07:19:54 -0500] "POST /administrator/index.php HTTP/1.1" 200 5441 "-" "Mozilla/5.0 (Windows NT 6.1) AppleWebKit/537.1 (KHTML, like Gecko) Chrome/24.0.1290.1 Safari/537.13"
180.76.5.166 - - [14/Jan/2014:07:30:52 -0500] "GET /PDFS/DriveRight_Catalog2010.pdf HTTP/1.1" 200 2371299 "-" "Mozilla/5.0 (compatible; Baiduspider/2.0; +http://www.baidu.com/search/spider.html)"
180.76.5.78 - - [14/Jan/2014:07:45:52 -0500] "GET /index.php/index.php?option=com_content&view=article&id=52&Itemid=56 HTTP/1.1" 200 12425 "-" "Mozilla/5.0 (compatible; Baiduspider/2.0; +http://www.baidu.com/search/spider.html)"
85.14.138.199 - - [14/Jan/2014:08:00:44 -0500] "POST /index.php?option=com_jce&task=plugin&plugin=imgmanager&file=imgmanager&method=form&cid=20&6bc427c8a7981f4fe1f5ac65c1246b5f=9d09f693c63c1988a9f8a564e0da7743 HTTP/1.1" 404 1272 "-" "Mozilla/4.0 (compatible; MSIE 7.0; Windows NT 5.1)"
180.76.6.151 - - [14/Jan/2014:08:15:52 -0500] "GET /index.php?option=com_content&view=article&id=59&Itemid=30 HTTP/1.1" 200 8910 "-" "Mozilla/5.0 (compatible; Baiduspider/2.0; +http://www.baidu.com/search/spider.html)"
208.115.113.91 - - [14/Jan/2014:08:19:38 -0500] "GET /index.php?option=com_content&view=article&catid=36%3ACarChip&id=49%3AWelcome+to+CarChip+GPS+System&Itemid=1 HTTP/1.1" 200 14382 "-" "Mozilla/5.0 (compatible; Ezooms/1.0; help@moz.com)"
208.115.113.91 - - [14/Jan/2014:08:19:41 -0500] "GET /index.php?view=article&catid=36%3ACarChip&id=19%3Acarchip-pro-series&tmpl=component&print=1&page=&option=com_content&Itemid=1 HTTP/1.1" 200 7688 "-" "Mozilla/5.0 (compatible; Ezooms/1.0; help@moz.com)"
208.115.111.75 - - [14/Jan/2014:08:19:57 -0500] "GET /robots.txt HTTP/1.1" 200 304 "-" "Mozilla/5.0 (compatible; Ezooms/1.0; help@moz.com)"
208.115.111.75 - - [14/Jan/2014:08:19:57 -0500] "GET /robots.txt HTTP/1.1" 200 304 "-" "Mozilla/5.0 (compatible; Ezooms/1.0; help@moz.com)"
144.76.183.41 - - [14/Jan/2014:08:27:41 -0500] "GET /robots.txt HTTP/1.1" 403 212 "-" "Mozilla/5.0 (compatible; SISTRIX Crawler; http://crawler.sistrix.net/)"
144.76.183.41 - - [14/Jan/2014:08:27:41 -0500] "GET / HTTP/1.1" 403 202 "-" "Mozilla/5.0 (compatible; SISTRIX Crawler; http://crawler.sistrix.net/)"
180.76.6.58 - - [14/Jan/2014:08:45:52 -0500] "GET /index.php?view=article&catid=35%3ADriveRight&id=47%3Adriveright-600e-series&tmpl=component&print=1&page=&option=com_content&Itemid=74 HTTP/1.1" 200 6877 "-" "Mozilla/5.0 (compatible; Baiduspider/2.0; +http://www.baidu.com/search/spider.html)"
188.165.243.45 - - [14/Jan/2014:08:59:16 -0500] "GET /administrator/index.php/ HTTP/1.1" 200 5401 "-" "Mozilla/5.0 (Windows NT 6.0) AppleWebKit/537.1 (KHTML, like Gecko) Chrome/23.0.1271.6 Safari/537.11"
188.165.243.45 - - [14/Jan/2014:08:59:17 -0500] "POST /administrator/index.php HTTP/1.1" 200 5441 "-" "Mozilla/5.0 (Windows NT 6.0) AppleWebKit/537.1 (KHTML, like Gecko) Chrome/23.0.1271.6 Safari/537.11"
66.249.66.205 - - [14/Jan/2014:09:16:33 -0500] "GET /index.php?option=com_content&view=article&id=71%3AFm2200&catid=41%3AGPS&Itemid=1 HTTP/1.1" 200 9056 "-" "Mozilla/5.0 (iPhone; CPU iPhone OS 6_0 like Mac OS X) AppleWebKit/536.26 (KHTML, like Gecko) Version/6.0 Mobile/10A5376e Safari/8536.25 (compatible; Googlebot-Mobile/2.1; +http://www.google.com/bot.html)"
157.55.32.225 - - [14/Jan/2014:09:25:11 -0500] "GET /robots.txt HTTP/1.1" 200 304 "-" "Mozilla/5.0 (compatible; bingbot/2.0; +http://www.bing.com/bingbot.htm)"
157.55.32.225 - - [14/Jan/2014:09:36:23 -0500] "GET /PDFS/SmartCardSysFor600EUG.pdf HTTP/1.1" 200 671350 "-" "Mozilla/5.0 (compatible; bingbot/2.0; +http://www.bing.com/bingbot.htm)"
208.115.111.75 - - [14/Jan/2014:09:55:29 -0500] "GET /index.php?option=com_content&view=article&catid=36%3ACarChip&id=6%3Acarchip-pro&Itemid=1 HTTP/1.1" 200 9141 "-" "Mozilla/5.0 (compatible; Ezooms/1.0; help@moz.com)"
208.115.111.75 - - [14/Jan/2014:09:55:33 -0500] "GET /index.php?option=com_content&view=article&id=55&Itemid=65 HTTP/1.1" 200 17920 "-" "Mozilla/5.0 (compatible; Ezooms/1.0; help@moz.com)"
208.115.111.75 - - [14/Jan/2014:09:55:36 -0500] "GET /index.php?view=article&catid=35%3ADriveRight&id=53%3AWelcome+to+DriveRight+600e+GD+Page&tmpl=component&print=1&page=&option=com_content&Itemid=58 HTTP/1.1" 200 7184 "-" "Mozilla/5.0 (compatible; Ezooms/1.0; help@moz.com)"
208.115.111.75 - - [14/Jan/2014:09:55:38 -0500] "GET /index.php?view=article&catid=36%3ACarChip&id=67%3Aelectrosim&tmpl=component&print=1&page=&option=com_content&Itemid=54 HTTP/1.1" 200 3576 "-" "Mozilla/5.0 (compatible; Ezooms/1.0; help@moz.com)"
208.115.113.91 - - [14/Jan/2014:10:24:30 -0500] "GET /robots.txt HTTP/1.1" 200 304 "-" "Mozilla/5.0 (compatible; Ezooms/1.0; help@moz.com)"
91.239.15.173 - - [14/Jan/2014:10:29:00 -0500] "GET /modules/mod_apis/mod_apis.php HTTP/1.1" 404 227 "-" "Mozilla/5.0 (Windows NT 6.1; rv:10.0.1) Gecko/20100101 Firefox/10.0.1"
188.165.243.45 - - [14/Jan/2014:10:33:44 -0500] "GET /administrator/index.php/ HTTP/1.1" 200 5401 "-" "Mozilla/5.0 (Windows NT 6.1) AppleWebKit/537.1 (KHTML, like Gecko) Chrome/24.0.1290.1 Safari/537.13"
188.165.243.45 - - [14/Jan/2014:10:33:45 -0500] "POST /administrator/index.php HTTP/1.1" 200 5441 "-" "Mozilla/5.0 (Windows NT 6.1) AppleWebKit/537.1 (KHTML, like Gecko) Chrome/24.0.1290.1 Safari/537.13"
65.55.24.238 - - [14/Jan/2014:11:11:44 -0500] "GET /robots.txt HTTP/1.1" 200 304 "-" "Mozilla/5.0 (compatible; bingbot/2.0; +http://www.bing.com/bingbot.htm)"
157.55.33.84 - - [14/Jan/2014:11:20:06 -0500] "GET /newCardriverdatahome/pdfs/dtn001_carchip_compatibility.pdf HTTP/1.1" 404 256 "-" "Mozilla/5.0 (compatible; bingbot/2.0; +http://www.bing.com/bingbot.htm)"
65.55.24.238 - - [14/Jan/2014:11:21:00 -0500] "GET /PDFS/8126-79_DR600E_UserGuide_7395-225B.pdf HTTP/1.1" 200 1433756 "-" "Mozilla/5.0 (compatible; bingbot/2.0; +http://www.bing.com/bingbot.htm)"
188.165.243.45 - - [14/Jan/2014:11:51:34 -0500] "GET /administrator/index.php/ HTTP/1.1" 200 5401 "-" "Mozilla/5.0 (Windows NT 6.1) AppleWebKit/537.1 (KHTML, like Gecko) Chrome/24.0.1290.1 Safari/537.13"
188.165.243.45 - - [14/Jan/2014:11:51:34 -0500] "POST /administrator/index.php HTTP/1.1" 200 5441 "-" "Mozilla/5.0 (Windows NT 6.1) AppleWebKit/537.1 (KHTML, like Gecko) Chrome/24.0.1290.1 Safari/537.13"
65.55.24.216 - - [14/Jan/2014:11:56:39 -0500] "GET /index.php?option=com_mailto&tmpl=component&link=aHR0cDovL3d3dy5jYXJkcml2ZXJkYXRhLmNvbS8vaW5kZXgucGhwP3ZpZXc9YXJ0aWNsZSZpZD00NyUzQWRyaXZlcmlnaHQtNjAwZS1zZXJpZXMmb3B0aW9uPWNvbV9jb250ZW50Jkl0ZW1pZD03NA== HTTP/1.1" 200 3868 "-" "Mozilla/5.0 (compatible; bingbot/2.0; +http://www.bing.com/bingbot.htm)"
208.115.111.75 - - [14/Jan/2014:12:21:03 -0500] "GET /robots.txt HTTP/1.1" 200 304 "-" "Mozilla/5.0 (compatible; Ezooms/1.0; help@moz.com)"
208.115.113.91 - - [14/Jan/2014:12:22:55 -0500] "GET /index.php?option=com_content&view=article&catid=36%3ACarChip&id=50%3AWelcome+to+CarChip+Wireless+Solution&Itemid=55 HTTP/1.1" 200 17268 "-" "Mozilla/5.0 (compatible; Ezooms/1.0; help@moz.com)"
208.115.113.91 - - [14/Jan/2014:12:22:58 -0500] "GET /index.php?option=com_mailto&tmpl=component&link=aHR0cDovL2NhcmRyaXZlcmRhdGEuY29tLy9pbmRleC5waHA/dmlldz1hcnRpY2xlJmlkPTQ4JTNBQ2FyQ2hpcCtGbGVldCtQcm8rVmVoaWNsZStNb25pdG9yaW5nK1N5dGVtJm9wdGlvbj1jb21fY29udGVudCZJdGVtaWQ9MQ== HTTP/1.1" 200 3888 "-" "Mozilla/5.0 (compatible; Ezooms/1.0; help@moz.com)"
180.76.5.190 - - [14/Jan/2014:13:43:10 -0500] "GET /PDFS/8129_30_31_spec.pdf HTTP/1.1" 200 170372 "-" "Mozilla/5.0 (compatible; Baiduspider/2.0; +http://www.baidu.com/search/spider.html)"
157.55.34.97 - - [14/Jan/2014:13:44:48 -0500] "GET /index.php?view=article&catid=35%3ADriveRight&id=47%3Adriveright-600e-series&tmpl=component&print=1&page=&option=com_content&Itemid=74 HTTP/1.1" 200 6877 "-" "Mozilla/5.0 (compatible; bingbot/2.0; +http://www.bing.com/bingbot.htm)"
157.55.34.97 - - [14/Jan/2014:13:44:48 -0500] "GET /PDFS/8126VSS_InstallGuide-7395-062.pdf HTTP/1.1" 200 1443681 "-" "Mozilla/5.0 (compatible; bingbot/2.0; +http://www.bing.com/bingbot.htm)"
208.115.111.75 - - [14/Jan/2014:13:50:12 -0500] "GET /index.php?view=article&catid=35%3ADriveRight&id=7%3Adriveright-600e-front&tmpl=component&print=1&page=&option=com_content&Itemid=80 HTTP/1.1" 200 2556 "-" "Mozilla/5.0 (compatible; Ezooms/1.0; help@moz.com)"
66.249.66.205 - - [14/Jan/2014:14:21:02 -0500] "GET /robots.txt HTTP/1.1" 200 304 "-" "Mozilla/5.0 (compatible; Googlebot/2.1; +http://www.google.com/bot.html)"
66.249.66.205 - - [14/Jan/2014:14:21:02 -0500] "GET /index.php?option=com_content&view=article&id=71%3AFm2200&catid=41%3AGPS&Itemid=1 HTTP/1.1" 200 9056 "-" "Mozilla/5.0 (compatible; Googlebot/2.1; +http://www.google.com/bot.html)"
65.55.24.216 - - [14/Jan/2014:14:28:54 -0500] "GET /robots.txt HTTP/1.1" 200 304 "-" "Mozilla/5.0 (compatible; bingbot/2.0; +http://www.bing.com/bingbot.htm)"
65.55.24.216 - - [14/Jan/2014:14:31:33 -0500] "GET / HTTP/1.1" 200 10686 "-" "Mozilla/5.0 (compatible; bingbot/2.0; +http://www.bing.com/bingbot.htm)"
188.165.243.45 - - [14/Jan/2014:15:02:58 -0500] "GET /administrator/index.php/ HTTP/1.1" 200 5401 "-" "Mozilla/5.0 (Windows NT 6.1) AppleWebKit/537.1 (KHTML, like Gecko) Chrome/24.0.1290.1 Safari/537.13"
188.165.243.45 - - [14/Jan/2014:15:02:58 -0500] "POST /administrator/index.php HTTP/1.1" 200 5441 "-" "Mozilla/5.0 (Windows NT 6.1) AppleWebKit/537.1 (KHTML, like Gecko) Chrome/24.0.1290.1 Safari/537.13"
66.249.66.205 - - [14/Jan/2014:15:07:21 -0500] "GET /index.php?option=com_content&view=frontpage&Itemid=80 HTTP/1.1" 200 12983 "-" "Mozilla/5.0 (compatible; Googlebot/2.1; +http://www.google.com/bot.html)"
66.249.66.205 - - [14/Jan/2014:16:12:37 -0500] "GET /index.php?option=com_content&view=article&id=68&Itemid=86 HTTP/1.1" 200 9752 "-" "Mozilla/5.0 (compatible; Googlebot/2.1; +http://www.google.com/bot.html)"
66.249.66.205 - - [14/Jan/2014:16:30:42 -0500] "GET /index.php?view=article&id=68%3Asecurity-and-privacy&tmpl=component&print=1&page=&option=com_content&Itemid=86 HTTP/1.1" 200 4765 "-" "Mozilla/5.0 (compatible; Googlebot/2.1; +http://www.google.com/bot.html)"
208.115.111.75 - - [14/Jan/2014:16:34:59 -0500] "GET /robots.txt HTTP/1.1" 200 304 "-" "Mozilla/5.0 (compatible; Ezooms/1.0; help@moz.com)"
208.115.111.75 - - [14/Jan/2014:16:34:59 -0500] "GET /robots.txt HTTP/1.1" 200 304 "-" "Mozilla/5.0 (compatible; Ezooms/1.0; help@moz.com)"
66.249.74.155 - - [14/Jan/2014:17:11:42 -0500] "GET /robots.txt HTTP/1.1" 200 304 "-" "Mozilla/5.0 (compatible; Googlebot/2.1; +http://www.google.com/bot.html)"
66.249.74.155 - - [14/Jan/2014:17:11:42 -0500] "GET /index.php?view=article&id=58:Welcome%20to%20Cardriverdata%20Homepage&tmpl=component&print=1&page= HTTP/1.1" 200 5769 "-" "Mozilla/5.0 (compatible; Googlebot/2.1; +http://www.google.com/bot.html)"
157.55.33.16 - - [14/Jan/2014:17:21:39 -0500] "GET /robots.txt HTTP/1.1" 200 304 "-" "Mozilla/5.0 (compatible; bingbot/2.0; +http://www.bing.com/bingbot.htm)"
157.55.33.16 - - [14/Jan/2014:17:25:31 -0500] "GET / HTTP/1.1" 200 10682 "-" "Mozilla/5.0 (compatible; bingbot/2.0; +http://www.bing.com/bingbot.htm)"
66.249.74.62 - - [14/Jan/2014:17:47:35 -0500] "GET /robots.txt HTTP/1.1" 200 304 "-" "Mozilla/5.0 (compatible; Googlebot/2.1; +http://www.google.com/bot.html)"
66.249.74.62 - - [14/Jan/2014:17:47:35 -0500] "GET /index.php?option=com_mailto&tmpl=component&link=aHR0cDovL2NhcmRyaXZlcmRhdGEuY29tLy9pbmRleC5waHA/dmlldz1hcnRpY2xlJmlkPTE0JTNBdmNvdW50LWlpJm9wdGlvbj1jb21fY29udGVudCZJdGVtaWQ9Njg= HTTP/1.1" 200 3844 "-" "Mozilla/5.0 (compatible; Googlebot/2.1; +http://www.google.com/bot.html)"
66.249.74.155 - - [14/Jan/2014:18:04:12 -0500] "GET /index.php?option=com_content&view=article&id=61&Itemid=67 HTTP/1.1" 200 21398 "-" "Mozilla/5.0 (compatible; Googlebot/2.1; +http://www.google.com/bot.html)"
208.115.111.75 - - [14/Jan/2014:18:06:30 -0500] "GET /index.php?option=com_content&view=article&catid=36%3ACarChip&id=6%3Acarchip-pro&Itemid=54 HTTP/1.1" 200 7709 "-" "Mozilla/5.0 (compatible; Ezooms/1.0; help@moz.com)"
208.115.111.75 - - [14/Jan/2014:18:06:32 -0500] "GET /index.php?view=article&catid=36%3ACarChip&id=65%3Asimulators&tmpl=component&print=1&page=&option=com_content&Itemid=54 HTTP/1.1" 200 5530 "-" "Mozilla/5.0 (compatible; Ezooms/1.0; help@moz.com)"
208.115.111.75 - - [14/Jan/2014:18:06:35 -0500] "GET /index.php?option=com_content&view=article&catid=36%3ACarChip&id=67%3Aelectrosim&Itemid=55 HTTP/1.1" 200 8541 "-" "Mozilla/5.0 (compatible; Ezooms/1.0; help@moz.com)"
208.115.111.75 - - [14/Jan/2014:18:06:37 -0500] "GET /index.php?view=article&catid=36%3ACarChip&id=48%3ACarChip+Fleet+Pro+Vehicle+Monitoring+Sytem&tmpl=component&print=1&page=&option=com_content&Itemid=1 HTTP/1.1" 200 9018 "-" "Mozilla/5.0 (compatible; Ezooms/1.0; help@moz.com)"
208.115.113.91 - - [14/Jan/2014:18:26:16 -0500] "GET /robots.txt HTTP/1.1" 200 304 "-" "Mozilla/5.0 (compatible; Ezooms/1.0; help@moz.com)"
157.55.33.16 - - [14/Jan/2014:18:36:02 -0500] "GET /robots.txt HTTP/1.1" 200 304 "-" "Mozilla/5.0 (compatible; bingbot/2.0; +http://www.bing.com/bingbot.htm)"
157.55.33.16 - - [14/Jan/2014:18:36:43 -0500] "GET / HTTP/1.1" 200 10686 "-" "Mozilla/5.0 (compatible; bingbot/2.0; +http://www.bing.com/bingbot.htm)"
180.76.5.77 - - [14/Jan/2014:19:03:42 -0500] "GET /index.php?option=com_content&view=article&catid=35%3ADriveRight&id=52%3AWelcome+to+DriveRight+600e+VSS+Page&Itemid=1 HTTP/1.1" 200 14523 "-" "Mozilla/5.0 (compatible; Baiduspider/2.0; +http://www.baidu.com/search/spider.html)"
122.52.151.2 - - [14/Jan/2014:19:17:16 -0500] "GET / HTTP/1.1" 200 10686 "-" "Mozilla/5.0 (Windows NT 6.1; rv:26.0) Gecko/20100101 Firefox/26.0"
122.52.151.2 - - [14/Jan/2014:19:17:17 -0500] "GET /media/system/js/caption.js HTTP/1.1" 200 1837 "http://www.cardriverdata.com/" "Mozilla/5.0 (Windows NT 6.1; rv:26.0) Gecko/20100101 Firefox/26.0"
122.52.151.2 - - [14/Jan/2014:19:17:17 -0500] "GET /templates/system/css/system.css HTTP/1.1" 200 1391 "http://www.cardriverdata.com/" "Mozilla/5.0 (Windows NT 6.1; rv:26.0) Gecko/20100101 Firefox/26.0"
122.52.151.2 - - [14/Jan/2014:19:17:17 -0500] "GET /templates/system/css/general.css HTTP/1.1" 200 2233 "http://www.cardriverdata.com/" "Mozilla/5.0 (Windows NT 6.1; rv:26.0) Gecko/20100101 Firefox/26.0"
122.52.151.2 - - [14/Jan/2014:19:17:16 -0500] "GET /media/system/js/mootools.js HTTP/1.1" 200 74404 "http://www.cardriverdata.com/" "Mozilla/5.0 (Windows NT 6.1; rv:26.0) Gecko/20100101 Firefox/26.0"
122.52.151.2 - - [14/Jan/2014:19:17:17 -0500] "GET /templates/rhuk_milkyway/css/template.css HTTP/1.1" 200 31144 "http://www.cardriverdata.com/" "Mozilla/5.0 (Windows NT 6.1; rv:26.0) Gecko/20100101 Firefox/26.0"
122.52.151.2 - - [14/Jan/2014:19:17:17 -0500] "GET /templates/rhuk_milkyway/css/blue.css HTTP/1.1" 200 723 "http://www.cardriverdata.com/" "Mozilla/5.0 (Windows NT 6.1; rv:26.0) Gecko/20100101 Firefox/26.0"
122.52.151.2 - - [14/Jan/2014:19:17:17 -0500] "GET /templates/rhuk_milkyway/css/blue_bg.css HTTP/1.1" 200 730 "http://www.cardriverdata.com/" "Mozilla/5.0 (Windows NT 6.1; rv:26.0) Gecko/20100101 Firefox/26.0"
122.52.151.2 - - [14/Jan/2014:19:17:17 -0500] "GET /templates/rhuk_milkyway/favicon.ico HTTP/1.1" 200 3638 "-" "Mozilla/5.0 (Windows NT 6.1; rv:26.0) Gecko/20100101 Firefox/26.0"
122.52.151.2 - - [14/Jan/2014:19:17:18 -0500] "GET /images/product_images/guarantee.jpg HTTP/1.1" 200 45092 "http://www.cardriverdata.com/" "Mozilla/5.0 (Windows NT 6.1; rv:26.0) Gecko/20100101 Firefox/26.0"
122.52.151.2 - - [14/Jan/2014:19:17:18 -0500] "GET /images/M_images/printButton.png HTTP/1.1" 200 379 "http://www.cardriverdata.com/" "Mozilla/5.0 (Windows NT 6.1; rv:26.0) Gecko/20100101 Firefox/26.0"
122.52.151.2 - - [14/Jan/2014:19:17:18 -0500] "GET /images/M_images/emailButton.png HTTP/1.1" 200 428 "http://www.cardriverdata.com/" "Mozilla/5.0 (Windows NT 6.1; rv:26.0) Gecko/20100101 Firefox/26.0"
122.52.151.2 - - [14/Jan/2014:19:17:18 -0500] "GET /images/product_images/cgphi.gif HTTP/1.1" 200 3557 "http://www.cardriverdata.com/" "Mozilla/5.0 (Windows NT 6.1; rv:26.0) Gecko/20100101 Firefox/26.0"
122.52.151.2 - - [14/Jan/2014:19:17:18 -0500] "GET /templates/rhuk_milkyway/images/paypal_verified.jpg HTTP/1.1" 200 81674 "http://www.cardriverdata.com/" "Mozilla/5.0 (Windows NT 6.1; rv:26.0) Gecko/20100101 Firefox/26.0"
122.52.151.2 - - [14/Jan/2014:19:17:18 -0500] "GET /images/product_images/caltex.gif HTTP/1.1" 200 775 "http://www.cardriverdata.com/" "Mozilla/5.0 (Windows NT 6.1; rv:26.0) Gecko/20100101 Firefox/26.0"
122.52.151.2 - - [14/Jan/2014:19:17:18 -0500] "GET /images/random_imgs/random-1.png HTTP/1.1" 200 93164 "http://www.cardriverdata.com/" "Mozilla/5.0 (Windows NT 6.1; rv:26.0) Gecko/20100101 Firefox/26.0"
122.52.151.2 - - [14/Jan/2014:19:17:18 -0500] "GET /images/product_images/schlumberger.gif HTTP/1.1" 200 1739 "http://www.cardriverdata.com/" "Mozilla/5.0 (Windows NT 6.1; rv:26.0) Gecko/20100101 Firefox/26.0"
122.52.151.2 - - [14/Jan/2014:19:17:18 -0500] "GET /images/product_images/nalco.jpg HTTP/1.1" 200 2096 "http://www.cardriverdata.com/" "Mozilla/5.0 (Windows NT 6.1; rv:26.0) Gecko/20100101 Firefox/26.0"
122.52.151.2 - - [14/Jan/2014:19:17:18 -0500] "GET /templates/rhuk_milkyway/images/blue/mw_shadow_l.png HTTP/1.1" 200 224 "http://www.cardriverdata.com/templates/rhuk_milkyway/css/blue_bg.css" "Mozilla/5.0 (Windows NT 6.1; rv:26.0) Gecko/20100101 Firefox/26.0"
122.52.151.2 - - [14/Jan/2014:19:17:18 -0500] "GET /templates/rhuk_milkyway/images/blue/mw_shadow_r.png HTTP/1.1" 200 221 "http://www.cardriverdata.com/templates/rhuk_milkyway/css/blue_bg.css" "Mozilla/5.0 (Windows NT 6.1; rv:26.0) Gecko/20100101 Firefox/26.0"
122.52.151.2 - - [14/Jan/2014:19:17:18 -0500] "GET /templates/rhuk_milkyway/images/blue/mw_header_t.png HTTP/1.1" 200 363 "http://www.cardriverdata.com/templates/rhuk_milkyway/css/blue_bg.css" "Mozilla/5.0 (Windows NT 6.1; rv:26.0) Gecko/20100101 Firefox/26.0"
122.52.151.2 - - [14/Jan/2014:19:17:18 -0500] "GET /templates/rhuk_milkyway/images/blue/mw_header_t_l.png HTTP/1.1" 200 739 "http://www.cardriverdata.com/templates/rhuk_milkyway/css/blue_bg.css" "Mozilla/5.0 (Windows NT 6.1; rv:26.0) Gecko/20100101 Firefox/26.0"
122.52.151.2 - - [14/Jan/2014:19:17:18 -0500] "GET /templates/rhuk_milkyway/images/blue/mw_header_t_r.png HTTP/1.1" 200 856 "http://www.cardriverdata.com/templates/rhuk_milkyway/css/blue_bg.css" "Mozilla/5.0 (Windows NT 6.1; rv:26.0) Gecko/20100101 Firefox/26.0"
122.52.151.2 - - [14/Jan/2014:19:17:18 -0500] "GET /templates/rhuk_milkyway/images/mw_joomla_logo.png HTTP/1.1" 200 36365 "http://www.cardriverdata.com/templates/rhuk_milkyway/css/template.css" "Mozilla/5.0 (Windows NT 6.1; rv:26.0) Gecko/20100101 Firefox/26.0"
122.52.151.2 - - [14/Jan/2014:19:17:18 -0500] "GET /templates/rhuk_milkyway/images/mw_header_b.png HTTP/1.1" 200 239 "http://www.cardriverdata.com/templates/rhuk_milkyway/css/template.css" "Mozilla/5.0 (Windows NT 6.1; rv:26.0) Gecko/20100101 Firefox/26.0"
122.52.151.2 - - [14/Jan/2014:19:17:18 -0500] "GET /templates/rhuk_milkyway/images/mw_header_l_b.png HTTP/1.1" 200 236 "http://www.cardriverdata.com/templates/rhuk_milkyway/css/template.css" "Mozilla/5.0 (Windows NT 6.1; rv:26.0) Gecko/20100101 Firefox/26.0"
122.52.151.2 - - [14/Jan/2014:19:17:19 -0500] "GET /templates/rhuk_milkyway/images/mw_header_r_b.png HTTP/1.1" 200 243 "http://www.cardriverdata.com/templates/rhuk_milkyway/css/template.css" "Mozilla/5.0 (Windows NT 6.1; rv:26.0) Gecko/20100101 Firefox/26.0"
122.52.151.2 - - [14/Jan/2014:19:17:19 -0500] "GET /templates/rhuk_milkyway/images/mw_menu_cap_l.png HTTP/1.1" 200 384 "http://www.cardriverdata.com/templates/rhuk_milkyway/css/template.css" "Mozilla/5.0 (Windows NT 6.1; rv:26.0) Gecko/20100101 Firefox/26.0"
122.52.151.2 - - [14/Jan/2014:19:17:19 -0500] "GET /templates/rhuk_milkyway/images/blue/mw_menu_active_bg.png HTTP/1.1" 200 321 "http://www.cardriverdata.com/templates/rhuk_milkyway/css/blue.css" "Mozilla/5.0 (Windows NT 6.1; rv:26.0) Gecko/20100101 Firefox/26.0"
122.52.151.2 - - [14/Jan/2014:19:17:19 -0500] "GET /templates/rhuk_milkyway/images/mw_menu_separator.png HTTP/1.1" 200 225 "http://www.cardriverdata.com/templates/rhuk_milkyway/css/template.css" "Mozilla/5.0 (Windows NT 6.1; rv:26.0) Gecko/20100101 Firefox/26.0"
122.52.151.2 - - [14/Jan/2014:19:17:19 -0500] "GET /templates/rhuk_milkyway/images/mw_menu_normal_bg.png HTTP/1.1" 200 273 "http://www.cardriverdata.com/templates/rhuk_milkyway/css/template.css" "Mozilla/5.0 (Windows NT 6.1; rv:26.0) Gecko/20100101 Firefox/26.0"
122.52.151.2 - - [14/Jan/2014:19:17:19 -0500] "GET /templates/rhuk_milkyway/images/mw_menu_cap_r.png HTTP/1.1" 200 709 "http://www.cardriverdata.com/templates/rhuk_milkyway/css/template.css" "Mozilla/5.0 (Windows NT 6.1; rv:26.0) Gecko/20100101 Firefox/26.0"
122.52.151.2 - - [14/Jan/2014:19:17:19 -0500] "GET /templates/rhuk_milkyway/images/mw_content_t.png HTTP/1.1" 200 203 "http://www.cardriverdata.com/templates/rhuk_milkyway/css/template.css" "Mozilla/5.0 (Windows NT 6.1; rv:26.0) Gecko/20100101 Firefox/26.0"
122.52.151.2 - - [14/Jan/2014:19:17:19 -0500] "GET /templates/rhuk_milkyway/images/mw_content_t_l.png HTTP/1.1" 200 329 "http://www.cardriverdata.com/templates/rhuk_milkyway/css/template.css" "Mozilla/5.0 (Windows NT 6.1; rv:26.0) Gecko/20100101 Firefox/26.0"
122.52.151.2 - - [14/Jan/2014:19:17:19 -0500] "GET /templates/rhuk_milkyway/images/mw_content_t_r.png HTTP/1.1" 200 342 "http://www.cardriverdata.com/templates/rhuk_milkyway/css/template.css" "Mozilla/5.0 (Windows NT 6.1; rv:26.0) Gecko/20100101 Firefox/26.0"
122.52.151.2 - - [14/Jan/2014:19:17:19 -0500] "GET /templates/rhuk_milkyway/images/blue/mw_box_bl.png HTTP/1.1" 200 4329 "http://www.cardriverdata.com/templates/rhuk_milkyway/css/blue.css" "Mozilla/5.0 (Windows NT 6.1; rv:26.0) Gecko/20100101 Firefox/26.0"
122.52.151.2 - - [14/Jan/2014:19:17:19 -0500] "GET /templates/rhuk_milkyway/images/blue/mw_box_tr.png HTTP/1.1" 200 22746 "http://www.cardriverdata.com/templates/rhuk_milkyway/css/blue.css" "Mozilla/5.0 (Windows NT 6.1; rv:26.0) Gecko/20100101 Firefox/26.0"
122.52.151.2 - - [14/Jan/2014:19:17:19 -0500] "GET /templates/rhuk_milkyway/images/blue/mw_box_tl.png HTTP/1.1" 200 4089 "http://www.cardriverdata.com/templates/rhuk_milkyway/css/blue.css" "Mozilla/5.0 (Windows NT 6.1; rv:26.0) Gecko/20100101 Firefox/26.0"
122.52.151.2 - - [14/Jan/2014:19:17:19 -0500] "GET /templates/rhuk_milkyway/images/blue/mw_box_br.png HTTP/1.1" 200 196283 "http://www.cardriverdata.com/templates/rhuk_milkyway/css/blue.css" "Mozilla/5.0 (Windows NT 6.1; rv:26.0) Gecko/20100101 Firefox/26.0"
122.52.151.2 - - [14/Jan/2014:19:17:19 -0500] "GET /templates/rhuk_milkyway/images/content-hdr-tr3.png HTTP/1.1" 200 6240 "http://www.cardriverdata.com/templates/rhuk_milkyway/css/template.css" "Mozilla/5.0 (Windows NT 6.1; rv:26.0) Gecko/20100101 Firefox/26.0"
122.52.151.2 - - [14/Jan/2014:19:17:19 -0500] "GET /templates/rhuk_milkyway/images/installation.png HTTP/1.1" 200 29176 "http://www.cardriverdata.com/templates/rhuk_milkyway/css/template.css" "Mozilla/5.0 (Windows NT 6.1; rv:26.0) Gecko/20100101 Firefox/26.0"
122.52.151.2 - - [14/Jan/2014:19:17:19 -0500] "GET /templates/rhuk_milkyway/images/download-opt.png HTTP/1.1" 200 27099 "http://www.cardriverdata.com/templates/rhuk_milkyway/css/template.css" "Mozilla/5.0 (Windows NT 6.1; rv:26.0) Gecko/20100101 Firefox/26.0"
122.52.151.2 - - [14/Jan/2014:19:17:19 -0500] "GET /templates/rhuk_milkyway/images/maincolumn-bak3.png HTTP/1.1" 200 70497 "http://www.cardriverdata.com/templates/rhuk_milkyway/css/template.css" "Mozilla/5.0 (Windows NT 6.1; rv:26.0) Gecko/20100101 Firefox/26.0"
122.52.151.2 - - [14/Jan/2014:19:17:19 -0500] "GET /templates/rhuk_milkyway/images/introback-3.png HTTP/1.1" 200 64150 "http://www.cardriverdata.com/templates/rhuk_milkyway/css/template.css" "Mozilla/5.0 (Windows NT 6.1; rv:26.0) Gecko/20100101 Firefox/26.0"
122.52.151.2 - - [14/Jan/2014:19:17:20 -0500] "GET /templates/rhuk_milkyway/images/report.png HTTP/1.1" 200 23555 "http://www.cardriverdata.com/templates/rhuk_milkyway/css/template.css" "Mozilla/5.0 (Windows NT 6.1; rv:26.0) Gecko/20100101 Firefox/26.0"
122.52.151.2 - - [14/Jan/2014:19:17:20 -0500] "GET /templates/rhuk_milkyway/images/mw_content_b.png HTTP/1.1" 200 216 "http://www.cardriverdata.com/templates/rhuk_milkyway/css/template.css" "Mozilla/5.0 (Windows NT 6.1; rv:26.0) Gecko/20100101 Firefox/26.0"
122.52.151.2 - - [14/Jan/2014:19:17:20 -0500] "GET /templates/rhuk_milkyway/images/mw_content_b_l.png HTTP/1.1" 200 320 "http://www.cardriverdata.com/templates/rhuk_milkyway/css/template.css" "Mozilla/5.0 (Windows NT 6.1; rv:26.0) Gecko/20100101 Firefox/26.0"
122.52.151.2 - - [14/Jan/2014:19:17:20 -0500] "GET /templates/rhuk_milkyway/images/mw_content_b_r.png HTTP/1.1" 200 326 "http://www.cardriverdata.com/templates/rhuk_milkyway/css/template.css" "Mozilla/5.0 (Windows NT 6.1; rv:26.0) Gecko/20100101 Firefox/26.0"
122.52.151.2 - - [14/Jan/2014:19:17:20 -0500] "GET /templates/rhuk_milkyway/images/blue/mw_footer_b.png HTTP/1.1" 200 351 "http://www.cardriverdata.com/templates/rhuk_milkyway/css/blue_bg.css" "Mozilla/5.0 (Windows NT 6.1; rv:26.0) Gecko/20100101 Firefox/26.0"
122.52.151.2 - - [14/Jan/2014:19:17:20 -0500] "GET /templates/rhuk_milkyway/images/blue/mw_footer_b_l.png HTTP/1.1" 200 614 "http://www.cardriverdata.com/templates/rhuk_milkyway/css/blue_bg.css" "Mozilla/5.0 (Windows NT 6.1; rv:26.0) Gecko/20100101 Firefox/26.0"
122.52.151.2 - - [14/Jan/2014:19:17:20 -0500] "GET /templates/rhuk_milkyway/images/blue/mw_footer_b_r.png HTTP/1.1" 200 569 "http://www.cardriverdata.com/templates/rhuk_milkyway/css/blue_bg.css" "Mozilla/5.0 (Windows NT 6.1; rv:26.0) Gecko/20100101 Firefox/26.0"
122.52.151.2 - - [14/Jan/2014:19:17:20 -0500] "GET /templates/rhuk_milkyway/images/installation-over.png HTTP/1.1" 200 42281 "http://www.cardriverdata.com/templates/rhuk_milkyway/css/template.css" "Mozilla/5.0 (Windows NT 6.1; rv:26.0) Gecko/20100101 Firefox/26.0"
122.52.151.2 - - [14/Jan/2014:19:17:20 -0500] "GET /templates/rhuk_milkyway/images/download-opt-over.png HTTP/1.1" 200 37475 "http://www.cardriverdata.com/templates/rhuk_milkyway/css/template.css" "Mozilla/5.0 (Windows NT 6.1; rv:26.0) Gecko/20100101 Firefox/26.0"
122.52.151.2 - - [14/Jan/2014:19:31:10 -0500] "GET /images/product_images/driveright2.png HTTP/1.1" 200 49999 "-" "-"
122.52.151.2 - - [14/Jan/2014:19:31:56 -0500] "GET /styles/final-header.com HTTP/1.1" 404 221 "-" "Mozilla/5.0 (Windows; U; en_US) AppleWebKit/533.19.4 (KHTML, like Gecko) Dreamweaver/12.0.0.5808 Version/5.0.3 Safari/533.19.4"
122.52.151.2 - - [14/Jan/2014:19:37:35 -0500] "GET / HTTP/1.1" 200 10682 "-" "Mozilla/5.0 (Windows NT 6.1; rv:26.0) Gecko/20100101 Firefox/26.0"
122.52.151.2 - - [14/Jan/2014:19:37:35 -0500] "GET /templates/rhuk_milkyway/css/blue.css HTTP/1.1" 200 723 "http://cardriverdata.com/" "Mozilla/5.0 (Windows NT 6.1; rv:26.0) Gecko/20100101 Firefox/26.0"
122.52.151.2 - - [14/Jan/2014:19:37:36 -0500] "GET /media/system/js/caption.js HTTP/1.1" 200 1837 "http://cardriverdata.com/" "Mozilla/5.0 (Windows NT 6.1; rv:26.0) Gecko/20100101 Firefox/26.0"
122.52.151.2 - - [14/Jan/2014:19:37:36 -0500] "GET /templates/system/css/system.css HTTP/1.1" 200 1391 "http://cardriverdata.com/" "Mozilla/5.0 (Windows NT 6.1; rv:26.0) Gecko/20100101 Firefox/26.0"
122.52.151.2 - - [14/Jan/2014:19:37:36 -0500] "GET /templates/system/css/general.css HTTP/1.1" 200 2233 "http://cardriverdata.com/" "Mozilla/5.0 (Windows NT 6.1; rv:26.0) Gecko/20100101 Firefox/26.0"
122.52.151.2 - - [14/Jan/2014:19:37:36 -0500] "GET /templates/rhuk_milkyway/css/template.css HTTP/1.1" 200 31144 "http://cardriverdata.com/" "Mozilla/5.0 (Windows NT 6.1; rv:26.0) Gecko/20100101 Firefox/26.0"
122.52.151.2 - - [14/Jan/2014:19:37:36 -0500] "GET /templates/rhuk_milkyway/css/blue_bg.css HTTP/1.1" 200 730 "http://cardriverdata.com/" "Mozilla/5.0 (Windows NT 6.1; rv:26.0) Gecko/20100101 Firefox/26.0"
122.52.151.2 - - [14/Jan/2014:19:37:36 -0500] "GET /templates/rhuk_milkyway/favicon.ico HTTP/1.1" 200 3638 "-" "Mozilla/5.0 (Windows NT 6.1; rv:26.0) Gecko/20100101 Firefox/26.0"
122.52.151.2 - - [14/Jan/2014:19:37:36 -0500] "GET /media/system/js/mootools.js HTTP/1.1" 200 74404 "http://cardriverdata.com/" "Mozilla/5.0 (Windows NT 6.1; rv:26.0) Gecko/20100101 Firefox/26.0"
122.52.151.2 - - [14/Jan/2014:19:37:37 -0500] "GET /images/product_images/guarantee.jpg HTTP/1.1" 200 45092 "http://cardriverdata.com/" "Mozilla/5.0 (Windows NT 6.1; rv:26.0) Gecko/20100101 Firefox/26.0"
122.52.151.2 - - [14/Jan/2014:19:37:37 -0500] "GET /images/product_images/cgphi.gif HTTP/1.1" 200 3557 "http://cardriverdata.com/" "Mozilla/5.0 (Windows NT 6.1; rv:26.0) Gecko/20100101 Firefox/26.0"
122.52.151.2 - - [14/Jan/2014:19:37:37 -0500] "GET /images/M_images/printButton.png HTTP/1.1" 200 379 "http://cardriverdata.com/" "Mozilla/5.0 (Windows NT 6.1; rv:26.0) Gecko/20100101 Firefox/26.0"
122.52.151.2 - - [14/Jan/2014:19:37:37 -0500] "GET /images/M_images/emailButton.png HTTP/1.1" 200 428 "http://cardriverdata.com/" "Mozilla/5.0 (Windows NT 6.1; rv:26.0) Gecko/20100101 Firefox/26.0"
122.52.151.2 - - [14/Jan/2014:19:37:37 -0500] "GET /templates/rhuk_milkyway/images/paypal_verified.jpg HTTP/1.1" 200 81674 "http://cardriverdata.com/" "Mozilla/5.0 (Windows NT 6.1; rv:26.0) Gecko/20100101 Firefox/26.0"
122.52.151.2 - - [14/Jan/2014:19:37:37 -0500] "GET /images/random_imgs/random-1.png HTTP/1.1" 200 93164 "http://cardriverdata.com/" "Mozilla/5.0 (Windows NT 6.1; rv:26.0) Gecko/20100101 Firefox/26.0"
122.52.151.2 - - [14/Jan/2014:19:37:37 -0500] "GET /images/product_images/caltex.gif HTTP/1.1" 200 775 "http://cardriverdata.com/" "Mozilla/5.0 (Windows NT 6.1; rv:26.0) Gecko/20100101 Firefox/26.0"
122.52.151.2 - - [14/Jan/2014:19:37:37 -0500] "GET /images/product_images/nalco.jpg HTTP/1.1" 200 2096 "http://cardriverdata.com/" "Mozilla/5.0 (Windows NT 6.1; rv:26.0) Gecko/20100101 Firefox/26.0"
122.52.151.2 - - [14/Jan/2014:19:37:37 -0500] "GET /images/product_images/schlumberger.gif HTTP/1.1" 200 1739 "http://cardriverdata.com/" "Mozilla/5.0 (Windows NT 6.1; rv:26.0) Gecko/20100101 Firefox/26.0"
122.52.151.2 - - [14/Jan/2014:19:37:38 -0500] "GET /templates/rhuk_milkyway/images/blue/mw_shadow_l.png HTTP/1.1" 200 224 "http://cardriverdata.com/templates/rhuk_milkyway/css/blue_bg.css" "Mozilla/5.0 (Windows NT 6.1; rv:26.0) Gecko/20100101 Firefox/26.0"
122.52.151.2 - - [14/Jan/2014:19:37:38 -0500] "GET /templates/rhuk_milkyway/images/blue/mw_header_t.png HTTP/1.1" 200 363 "http://cardriverdata.com/templates/rhuk_milkyway/css/blue_bg.css" "Mozilla/5.0 (Windows NT 6.1; rv:26.0) Gecko/20100101 Firefox/26.0"
122.52.151.2 - - [14/Jan/2014:19:37:38 -0500] "GET /templates/rhuk_milkyway/images/blue/mw_header_t_l.png HTTP/1.1" 200 739 "http://cardriverdata.com/templates/rhuk_milkyway/css/blue_bg.css" "Mozilla/5.0 (Windows NT 6.1; rv:26.0) Gecko/20100101 Firefox/26.0"
122.52.151.2 - - [14/Jan/2014:19:37:38 -0500] "GET /templates/rhuk_milkyway/images/blue/mw_header_t_r.png HTTP/1.1" 200 856 "http://cardriverdata.com/templates/rhuk_milkyway/css/blue_bg.css" "Mozilla/5.0 (Windows NT 6.1; rv:26.0) Gecko/20100101 Firefox/26.0"
122.52.151.2 - - [14/Jan/2014:19:37:38 -0500] "GET /templates/rhuk_milkyway/images/mw_header_b.png HTTP/1.1" 200 239 "http://cardriverdata.com/templates/rhuk_milkyway/css/template.css" "Mozilla/5.0 (Windows NT 6.1; rv:26.0) Gecko/20100101 Firefox/26.0"
122.52.151.2 - - [14/Jan/2014:19:37:38 -0500] "GET /templates/rhuk_milkyway/images/mw_header_l_b.png HTTP/1.1" 200 236 "http://cardriverdata.com/templates/rhuk_milkyway/css/template.css" "Mozilla/5.0 (Windows NT 6.1; rv:26.0) Gecko/20100101 Firefox/26.0"
122.52.151.2 - - [14/Jan/2014:19:37:38 -0500] "GET /templates/rhuk_milkyway/images/mw_header_r_b.png HTTP/1.1" 200 243 "http://cardriverdata.com/templates/rhuk_milkyway/css/template.css" "Mozilla/5.0 (Windows NT 6.1; rv:26.0) Gecko/20100101 Firefox/26.0"
122.52.151.2 - - [14/Jan/2014:19:37:38 -0500] "GET /templates/rhuk_milkyway/images/mw_menu_cap_l.png HTTP/1.1" 200 384 "http://cardriverdata.com/templates/rhuk_milkyway/css/template.css" "Mozilla/5.0 (Windows NT 6.1; rv:26.0) Gecko/20100101 Firefox/26.0"
122.52.151.2 - - [14/Jan/2014:19:37:38 -0500] "GET /templates/rhuk_milkyway/images/blue/mw_shadow_r.png HTTP/1.1" 200 221 "http://cardriverdata.com/templates/rhuk_milkyway/css/blue_bg.css" "Mozilla/5.0 (Windows NT 6.1; rv:26.0) Gecko/20100101 Firefox/26.0"
122.52.151.2 - - [14/Jan/2014:19:37:39 -0500] "GET /templates/rhuk_milkyway/images/mw_menu_normal_bg.png HTTP/1.1" 200 273 "http://cardriverdata.com/templates/rhuk_milkyway/css/template.css" "Mozilla/5.0 (Windows NT 6.1; rv:26.0) Gecko/20100101 Firefox/26.0"
122.52.151.2 - - [14/Jan/2014:19:37:39 -0500] "GET /templates/rhuk_milkyway/images/mw_menu_separator.png HTTP/1.1" 200 225 "http://cardriverdata.com/templates/rhuk_milkyway/css/template.css" "Mozilla/5.0 (Windows NT 6.1; rv:26.0) Gecko/20100101 Firefox/26.0"
122.52.151.2 - - [14/Jan/2014:19:37:39 -0500] "GET /templates/rhuk_milkyway/images/blue/mw_menu_active_bg.png HTTP/1.1" 200 321 "http://cardriverdata.com/templates/rhuk_milkyway/css/blue.css" "Mozilla/5.0 (Windows NT 6.1; rv:26.0) Gecko/20100101 Firefox/26.0"
122.52.151.2 - - [14/Jan/2014:19:37:39 -0500] "GET /templates/rhuk_milkyway/images/mw_menu_cap_r.png HTTP/1.1" 200 709 "http://cardriverdata.com/templates/rhuk_milkyway/css/template.css" "Mozilla/5.0 (Windows NT 6.1; rv:26.0) Gecko/20100101 Firefox/26.0"
122.52.151.2 - - [14/Jan/2014:19:37:39 -0500] "GET /templates/rhuk_milkyway/images/mw_content_t.png HTTP/1.1" 200 203 "http://cardriverdata.com/templates/rhuk_milkyway/css/template.css" "Mozilla/5.0 (Windows NT 6.1; rv:26.0) Gecko/20100101 Firefox/26.0"
122.52.151.2 - - [14/Jan/2014:19:37:39 -0500] "GET /templates/rhuk_milkyway/images/mw_content_t_l.png HTTP/1.1" 200 329 "http://cardriverdata.com/templates/rhuk_milkyway/css/template.css" "Mozilla/5.0 (Windows NT 6.1; rv:26.0) Gecko/20100101 Firefox/26.0"
122.52.151.2 - - [14/Jan/2014:19:37:39 -0500] "GET /templates/rhuk_milkyway/images/blue/mw_box_bl.png HTTP/1.1" 200 4329 "http://cardriverdata.com/templates/rhuk_milkyway/css/blue.css" "Mozilla/5.0 (Windows NT 6.1; rv:26.0) Gecko/20100101 Firefox/26.0"
122.52.151.2 - - [14/Jan/2014:19:37:39 -0500] "GET /templates/rhuk_milkyway/images/blue/mw_box_tr.png HTTP/1.1" 200 22746 "http://cardriverdata.com/templates/rhuk_milkyway/css/blue.css" "Mozilla/5.0 (Windows NT 6.1; rv:26.0) Gecko/20100101 Firefox/26.0"
122.52.151.2 - - [14/Jan/2014:19:37:39 -0500] "GET /templates/rhuk_milkyway/images/blue/mw_box_tl.png HTTP/1.1" 200 4089 "http://cardriverdata.com/templates/rhuk_milkyway/css/blue.css" "Mozilla/5.0 (Windows NT 6.1; rv:26.0) Gecko/20100101 Firefox/26.0"
122.52.151.2 - - [14/Jan/2014:19:37:39 -0500] "GET /templates/rhuk_milkyway/images/blue/mw_box_br.png HTTP/1.1" 200 196283 "http://cardriverdata.com/templates/rhuk_milkyway/css/blue.css" "Mozilla/5.0 (Windows NT 6.1; rv:26.0) Gecko/20100101 Firefox/26.0"
122.52.151.2 - - [14/Jan/2014:19:37:39 -0500] "GET /templates/rhuk_milkyway/images/maincolumn-bak3.png HTTP/1.1" 200 70497 "http://cardriverdata.com/templates/rhuk_milkyway/css/template.css" "Mozilla/5.0 (Windows NT 6.1; rv:26.0) Gecko/20100101 Firefox/26.0"
122.52.151.2 - - [14/Jan/2014:19:37:39 -0500] "GET /templates/rhuk_milkyway/images/mw_content_t_r.png HTTP/1.1" 200 342 "http://cardriverdata.com/templates/rhuk_milkyway/css/template.css" "Mozilla/5.0 (Windows NT 6.1; rv:26.0) Gecko/20100101 Firefox/26.0"
122.52.151.2 - - [14/Jan/2014:19:37:39 -0500] "GET /templates/rhuk_milkyway/images/introback-3.png HTTP/1.1" 200 64150 "http://cardriverdata.com/templates/rhuk_milkyway/css/template.css" "Mozilla/5.0 (Windows NT 6.1; rv:26.0) Gecko/20100101 Firefox/26.0"
122.52.151.2 - - [14/Jan/2014:19:37:40 -0500] "GET /templates/rhuk_milkyway/images/content-hdr-tr3.png HTTP/1.1" 200 6240 "http://cardriverdata.com/templates/rhuk_milkyway/css/template.css" "Mozilla/5.0 (Windows NT 6.1; rv:26.0) Gecko/20100101 Firefox/26.0"
122.52.151.2 - - [14/Jan/2014:19:37:40 -0500] "GET /templates/rhuk_milkyway/images/installation.png HTTP/1.1" 200 29176 "http://cardriverdata.com/templates/rhuk_milkyway/css/template.css" "Mozilla/5.0 (Windows NT 6.1; rv:26.0) Gecko/20100101 Firefox/26.0"
122.52.151.2 - - [14/Jan/2014:19:37:40 -0500] "GET /templates/rhuk_milkyway/images/download-opt.png HTTP/1.1" 200 27099 "http://cardriverdata.com/templates/rhuk_milkyway/css/template.css" "Mozilla/5.0 (Windows NT 6.1; rv:26.0) Gecko/20100101 Firefox/26.0"
122.52.151.2 - - [14/Jan/2014:19:37:40 -0500] "GET /templates/rhuk_milkyway/images/mw_content_b.png HTTP/1.1" 200 216 "http://cardriverdata.com/templates/rhuk_milkyway/css/template.css" "Mozilla/5.0 (Windows NT 6.1; rv:26.0) Gecko/20100101 Firefox/26.0"
122.52.151.2 - - [14/Jan/2014:19:37:40 -0500] "GET /templates/rhuk_milkyway/images/mw_content_b_l.png HTTP/1.1" 200 320 "http://cardriverdata.com/templates/rhuk_milkyway/css/template.css" "Mozilla/5.0 (Windows NT 6.1; rv:26.0) Gecko/20100101 Firefox/26.0"
122.52.151.2 - - [14/Jan/2014:19:37:41 -0500] "GET /templates/rhuk_milkyway/images/report.png HTTP/1.1" 200 23555 "http://cardriverdata.com/templates/rhuk_milkyway/css/template.css" "Mozilla/5.0 (Windows NT 6.1; rv:26.0) Gecko/20100101 Firefox/26.0"
122.52.151.2 - - [14/Jan/2014:19:37:41 -0500] "GET /templates/rhuk_milkyway/images/mw_content_b_r.png HTTP/1.1" 200 326 "http://cardriverdata.com/templates/rhuk_milkyway/css/template.css" "Mozilla/5.0 (Windows NT 6.1; rv:26.0) Gecko/20100101 Firefox/26.0"
122.52.151.2 - - [14/Jan/2014:19:37:41 -0500] "GET /templates/rhuk_milkyway/images/blue/mw_footer_b.png HTTP/1.1" 200 351 "http://cardriverdata.com/templates/rhuk_milkyway/css/blue_bg.css" "Mozilla/5.0 (Windows NT 6.1; rv:26.0) Gecko/20100101 Firefox/26.0"
122.52.151.2 - - [14/Jan/2014:19:37:41 -0500] "GET /templates/rhuk_milkyway/images/blue/mw_footer_b_l.png HTTP/1.1" 200 614 "http://cardriverdata.com/templates/rhuk_milkyway/css/blue_bg.css" "Mozilla/5.0 (Windows NT 6.1; rv:26.0) Gecko/20100101 Firefox/26.0"
122.52.151.2 - - [14/Jan/2014:19:37:41 -0500] "GET /templates/rhuk_milkyway/images/blue/mw_footer_b_r.png HTTP/1.1" 200 569 "http://cardriverdata.com/templates/rhuk_milkyway/css/blue_bg.css" "Mozilla/5.0 (Windows NT 6.1; rv:26.0) Gecko/20100101 Firefox/26.0"
122.52.151.2 - - [14/Jan/2014:19:37:41 -0500] "GET /templates/rhuk_milkyway/images/mw_joomla_logo.png HTTP/1.1" 200 36365 "http://cardriverdata.com/templates/rhuk_milkyway/css/template.css" "Mozilla/5.0 (Windows NT 6.1; rv:26.0) Gecko/20100101 Firefox/26.0"
122.52.151.2 - - [14/Jan/2014:19:37:43 -0500] "GET /index.php?option=com_content&view=article&id=62&Itemid=60 HTTP/1.1" 200 11041 "http://cardriverdata.com/" "Mozilla/5.0 (Windows NT 6.1; rv:26.0) Gecko/20100101 Firefox/26.0"
122.52.151.2 - - [14/Jan/2014:19:37:43 -0500] "GET /images/random_imgs/random-3.png HTTP/1.1" 200 81590 "http://cardriverdata.com/index.php?option=com_content&view=article&id=62&Itemid=60" "Mozilla/5.0 (Windows NT 6.1; rv:26.0) Gecko/20100101 Firefox/26.0"
122.52.151.2 - - [14/Jan/2014:19:37:43 -0500] "GET /images/contact-no.jpg HTTP/1.1" 200 18168 "http://cardriverdata.com/index.php?option=com_content&view=article&id=62&Itemid=60" "Mozilla/5.0 (Windows NT 6.1; rv:26.0) Gecko/20100101 Firefox/26.0"
122.52.151.2 - - [14/Jan/2014:19:37:43 -0500] "GET /images/mailing-address.jpg HTTP/1.1" 200 18008 "http://cardriverdata.com/index.php?option=com_content&view=article&id=62&Itemid=60" "Mozilla/5.0 (Windows NT 6.1; rv:26.0) Gecko/20100101 Firefox/26.0"
122.52.151.2 - - [14/Jan/2014:19:37:54 -0500] "GET /index.php?option=com_content&view=article&id=61&Itemid=67 HTTP/1.1" 200 21390 "http://cardriverdata.com/index.php?option=com_content&view=article&id=62&Itemid=60" "Mozilla/5.0 (Windows NT 6.1; rv:26.0) Gecko/20100101 Firefox/26.0"
122.52.151.2 - - [14/Jan/2014:19:37:55 -0500] "GET /images/random_imgs/random-4.png HTTP/1.1" 200 110856 "http://cardriverdata.com/index.php?option=com_content&view=article&id=61&Itemid=67" "Mozilla/5.0 (Windows NT 6.1; rv:26.0) Gecko/20100101 Firefox/26.0"
122.52.151.2 - - [14/Jan/2014:19:37:57 -0500] "GET /index.php?option=com_content&view=article&id=62&Itemid=60 HTTP/1.1" 200 11036 "http://cardriverdata.com/index.php?option=com_content&view=article&id=61&Itemid=67" "Mozilla/5.0 (Windows NT 6.1; rv:26.0) Gecko/20100101 Firefox/26.0"
188.165.243.45 - - [14/Jan/2014:19:39:49 -0500] "GET /administrator/index.php/ HTTP/1.1" 200 5401 "-" "Mozilla/5.0 (Windows NT 6.1) AppleWebKit/537.1 (KHTML, like Gecko) Chrome/24.0.1290.1 Safari/537.13"
